<?xml version="1.0" encoding="ISO-8859-1" ?>
<link_info>
   <banner>TI ARM Clang Linker PC v4.0.4.LTS</banner>
   <copyright>Copyright (c) 1996-2018 Texas Instruments Incorporated</copyright>
   <command_line>F:\TI_CCS\ccs\tools\compiler\ti-cgt-armllvm_4.0.4.LTS\bin\tiarmlnk -IF:\TI_CCS\ccs\tools\compiler\ti-cgt-armllvm_4.0.4.LTS\lib -o A1_UpdataMotor.out -mA1_UpdataMotor.map -iF:/TI_CCS/mspm0_sdk_2_10_00_04/source -iF:/TI_CCS/TI_Project/A1_UpdataMotor -iF:/TI_CCS/TI_Project/A1_UpdataMotor/Debug/syscfg -iF:/TI_CCS/ccs/tools/compiler/ti-cgt-armllvm_4.0.4.LTS/lib --diag_wrap=off --display_error_number --warn_sections --xml_link_info=A1_UpdataMotor_linkInfo.xml --rom_model ./empty.o ./ti_msp_dl_config.o ./startup_mspm0g350x_ticlang.o ./mylib/I2C_communication.o ./mylib/IMU.o ./mylib/Motor.o ./mylib/delay.o ./mylib/find.o ./mylib/icm42688.o ./mylib/key.o ./mylib/oled.o ./mylib/usart.o -l./device_linker.cmd -ldevice.cmd.genlibs -llibc.a --start-group -llibc++.a -llibc++abi.a -llibc.a -llibsys.a -llibsysbm.a -llibclang_rt.builtins.a -llibclang_rt.profile.a --end-group --cg_opt_level=2</command_line>
   <link_time>0x6a5b48dc</link_time>
   <link_errors>0x0</link_errors>
   <output_file>F:\TI_CCS\TI_Project\A1_UpdataMotor\Debug\A1_UpdataMotor.out</output_file>
   <entry_point>
      <name>_c_int00_noargs</name>
      <address>0x40a9</address>
   </entry_point>
   <input_file_list>
      <input_file id="fl-1">
         <path>F:\TI_CCS\TI_Project\A1_UpdataMotor\Debug\.\</path>
         <kind>object</kind>
         <file>empty.o</file>
         <name>empty.o</name>
      </input_file>
      <input_file id="fl-2">
         <path>F:\TI_CCS\TI_Project\A1_UpdataMotor\Debug\.\</path>
         <kind>object</kind>
         <file>ti_msp_dl_config.o</file>
         <name>ti_msp_dl_config.o</name>
      </input_file>
      <input_file id="fl-3">
         <path>F:\TI_CCS\TI_Project\A1_UpdataMotor\Debug\.\</path>
         <kind>object</kind>
         <file>startup_mspm0g350x_ticlang.o</file>
         <name>startup_mspm0g350x_ticlang.o</name>
      </input_file>
      <input_file id="fl-4">
         <path>F:\TI_CCS\TI_Project\A1_UpdataMotor\Debug\.\mylib\</path>
         <kind>object</kind>
         <file>I2C_communication.o</file>
         <name>I2C_communication.o</name>
      </input_file>
      <input_file id="fl-5">
         <path>F:\TI_CCS\TI_Project\A1_UpdataMotor\Debug\.\mylib\</path>
         <kind>object</kind>
         <file>IMU.o</file>
         <name>IMU.o</name>
      </input_file>
      <input_file id="fl-6">
         <path>F:\TI_CCS\TI_Project\A1_UpdataMotor\Debug\.\mylib\</path>
         <kind>object</kind>
         <file>Motor.o</file>
         <name>Motor.o</name>
      </input_file>
      <input_file id="fl-7">
         <path>F:\TI_CCS\TI_Project\A1_UpdataMotor\Debug\.\mylib\</path>
         <kind>object</kind>
         <file>delay.o</file>
         <name>delay.o</name>
      </input_file>
      <input_file id="fl-8">
         <path>F:\TI_CCS\TI_Project\A1_UpdataMotor\Debug\.\mylib\</path>
         <kind>object</kind>
         <file>find.o</file>
         <name>find.o</name>
      </input_file>
      <input_file id="fl-9">
         <path>F:\TI_CCS\TI_Project\A1_UpdataMotor\Debug\.\mylib\</path>
         <kind>object</kind>
         <file>icm42688.o</file>
         <name>icm42688.o</name>
      </input_file>
      <input_file id="fl-a">
         <path>F:\TI_CCS\TI_Project\A1_UpdataMotor\Debug\.\mylib\</path>
         <kind>object</kind>
         <file>key.o</file>
         <name>key.o</name>
      </input_file>
      <input_file id="fl-b">
         <path>F:\TI_CCS\TI_Project\A1_UpdataMotor\Debug\.\mylib\</path>
         <kind>object</kind>
         <file>oled.o</file>
         <name>oled.o</name>
      </input_file>
      <input_file id="fl-c">
         <path>F:\TI_CCS\TI_Project\A1_UpdataMotor\Debug\.\mylib\</path>
         <kind>object</kind>
         <file>usart.o</file>
         <name>usart.o</name>
      </input_file>
      <input_file id="fl-19">
         <path>F:\TI_CCS\TI_Project\A1_UpdataMotor\Debug\</path>
         <kind>object</kind>
         <file>&lt;internal&gt;</file>
         <name>&lt;internal&gt;</name>
      </input_file>
      <input_file id="fl-1a">
         <path>F:\TI_CCS\mspm0_sdk_2_10_00_04\source\ti\driverlib\lib\ticlang\m0p\mspm0g1x0x_g3x0x\</path>
         <kind>archive</kind>
         <file>driverlib.a</file>
         <name>dl_common.o</name>
      </input_file>
      <input_file id="fl-1b">
         <path>F:\TI_CCS\mspm0_sdk_2_10_00_04\source\ti\driverlib\lib\ticlang\m0p\mspm0g1x0x_g3x0x\</path>
         <kind>archive</kind>
         <file>driverlib.a</file>
         <name>dl_i2c.o</name>
      </input_file>
      <input_file id="fl-1c">
         <path>F:\TI_CCS\mspm0_sdk_2_10_00_04\source\ti\driverlib\lib\ticlang\m0p\mspm0g1x0x_g3x0x\</path>
         <kind>archive</kind>
         <file>driverlib.a</file>
         <name>dl_timer.o</name>
      </input_file>
      <input_file id="fl-1d">
         <path>F:\TI_CCS\mspm0_sdk_2_10_00_04\source\ti\driverlib\lib\ticlang\m0p\mspm0g1x0x_g3x0x\</path>
         <kind>archive</kind>
         <file>driverlib.a</file>
         <name>dl_uart.o</name>
      </input_file>
      <input_file id="fl-34">
         <path>F:\TI_CCS\ccs\tools\compiler\ti-cgt-armllvm_4.0.4.LTS\lib\armv6m-ti-none-eabi\c\</path>
         <kind>archive</kind>
         <file>libc.a</file>
         <name>e_asinf.c.obj</name>
      </input_file>
      <input_file id="fl-35">
         <path>F:\TI_CCS\ccs\tools\compiler\ti-cgt-armllvm_4.0.4.LTS\lib\armv6m-ti-none-eabi\c\</path>
         <kind>archive</kind>
         <file>libc.a</file>
         <name>e_atan2f.c.obj</name>
      </input_file>
      <input_file id="fl-36">
         <path>F:\TI_CCS\ccs\tools\compiler\ti-cgt-armllvm_4.0.4.LTS\lib\armv6m-ti-none-eabi\c\</path>
         <kind>archive</kind>
         <file>libc.a</file>
         <name>s_atanf.c.obj</name>
      </input_file>
      <input_file id="fl-37">
         <path>F:\TI_CCS\ccs\tools\compiler\ti-cgt-armllvm_4.0.4.LTS\lib\armv6m-ti-none-eabi\c\</path>
         <kind>archive</kind>
         <file>libc.a</file>
         <name>printf.c.obj</name>
      </input_file>
      <input_file id="fl-38">
         <path>F:\TI_CCS\ccs\tools\compiler\ti-cgt-armllvm_4.0.4.LTS\lib\armv6m-ti-none-eabi\c\</path>
         <kind>archive</kind>
         <file>libc.a</file>
         <name>_printfi.c.obj</name>
      </input_file>
      <input_file id="fl-39">
         <path>F:\TI_CCS\ccs\tools\compiler\ti-cgt-armllvm_4.0.4.LTS\lib\armv6m-ti-none-eabi\c\</path>
         <kind>archive</kind>
         <file>libc.a</file>
         <name>aeabi_portable.c.obj</name>
      </input_file>
      <input_file id="fl-3a">
         <path>F:\TI_CCS\ccs\tools\compiler\ti-cgt-armllvm_4.0.4.LTS\lib\armv6m-ti-none-eabi\c\</path>
         <kind>archive</kind>
         <file>libc.a</file>
         <name>_lock.c.obj</name>
      </input_file>
      <input_file id="fl-3b">
         <path>F:\TI_CCS\ccs\tools\compiler\ti-cgt-armllvm_4.0.4.LTS\lib\armv6m-ti-none-eabi\c\</path>
         <kind>archive</kind>
         <file>libc.a</file>
         <name>_ltoa.c.obj</name>
      </input_file>
      <input_file id="fl-3c">
         <path>F:\TI_CCS\ccs\tools\compiler\ti-cgt-armllvm_4.0.4.LTS\lib\armv6m-ti-none-eabi\c\</path>
         <kind>archive</kind>
         <file>libc.a</file>
         <name>assert.c.obj</name>
      </input_file>
      <input_file id="fl-3d">
         <path>F:\TI_CCS\ccs\tools\compiler\ti-cgt-armllvm_4.0.4.LTS\lib\armv6m-ti-none-eabi\c\</path>
         <kind>archive</kind>
         <file>libc.a</file>
         <name>atoi.c.obj</name>
      </input_file>
      <input_file id="fl-3e">
         <path>F:\TI_CCS\ccs\tools\compiler\ti-cgt-armllvm_4.0.4.LTS\lib\armv6m-ti-none-eabi\c\</path>
         <kind>archive</kind>
         <file>libc.a</file>
         <name>defs.c.obj</name>
      </input_file>
      <input_file id="fl-3f">
         <path>F:\TI_CCS\ccs\tools\compiler\ti-cgt-armllvm_4.0.4.LTS\lib\armv6m-ti-none-eabi\c\</path>
         <kind>archive</kind>
         <file>libc.a</file>
         <name>memccpy.c.obj</name>
      </input_file>
      <input_file id="fl-40">
         <path>F:\TI_CCS\ccs\tools\compiler\ti-cgt-armllvm_4.0.4.LTS\lib\armv6m-ti-none-eabi\c\</path>
         <kind>archive</kind>
         <file>libc.a</file>
         <name>memory.c.obj</name>
      </input_file>
      <input_file id="fl-41">
         <path>F:\TI_CCS\ccs\tools\compiler\ti-cgt-armllvm_4.0.4.LTS\lib\armv6m-ti-none-eabi\c\</path>
         <kind>archive</kind>
         <file>libc.a</file>
         <name>boot_cortex_m.c.obj</name>
      </input_file>
      <input_file id="fl-42">
         <path>F:\TI_CCS\ccs\tools\compiler\ti-cgt-armllvm_4.0.4.LTS\lib\armv6m-ti-none-eabi\c\</path>
         <kind>archive</kind>
         <file>libc.a</file>
         <name>mathacl_init.c.obj</name>
      </input_file>
      <input_file id="fl-43">
         <path>F:\TI_CCS\ccs\tools\compiler\ti-cgt-armllvm_4.0.4.LTS\lib\armv6m-ti-none-eabi\c\</path>
         <kind>archive</kind>
         <file>libc.a</file>
         <name>autoinit.c.obj</name>
      </input_file>
      <input_file id="fl-44">
         <path>F:\TI_CCS\ccs\tools\compiler\ti-cgt-armllvm_4.0.4.LTS\lib\armv6m-ti-none-eabi\c\</path>
         <kind>archive</kind>
         <file>libc.a</file>
         <name>pre_init.c.obj</name>
      </input_file>
      <input_file id="fl-45">
         <path>F:\TI_CCS\ccs\tools\compiler\ti-cgt-armllvm_4.0.4.LTS\lib\armv6m-ti-none-eabi\c\</path>
         <kind>archive</kind>
         <file>libc.a</file>
         <name>cpy_tbl.c.obj</name>
      </input_file>
      <input_file id="fl-46">
         <path>F:\TI_CCS\ccs\tools\compiler\ti-cgt-armllvm_4.0.4.LTS\lib\armv6m-ti-none-eabi\c\</path>
         <kind>archive</kind>
         <file>libc.a</file>
         <name>copy_zero_init.c.obj</name>
      </input_file>
      <input_file id="fl-47">
         <path>F:\TI_CCS\ccs\tools\compiler\ti-cgt-armllvm_4.0.4.LTS\lib\armv6m-ti-none-eabi\c\</path>
         <kind>archive</kind>
         <file>libc.a</file>
         <name>copy_decompress_none.c.obj</name>
      </input_file>
      <input_file id="fl-48">
         <path>F:\TI_CCS\ccs\tools\compiler\ti-cgt-armllvm_4.0.4.LTS\lib\armv6m-ti-none-eabi\c\</path>
         <kind>archive</kind>
         <file>libc.a</file>
         <name>copy_decompress_lzss.c.obj</name>
      </input_file>
      <input_file id="fl-49">
         <path>F:\TI_CCS\ccs\tools\compiler\ti-cgt-armllvm_4.0.4.LTS\lib\armv6m-ti-none-eabi\c\</path>
         <kind>archive</kind>
         <file>libc.a</file>
         <name>e_sqrt.c.obj</name>
      </input_file>
      <input_file id="fl-4a">
         <path>F:\TI_CCS\ccs\tools\compiler\ti-cgt-armllvm_4.0.4.LTS\lib\armv6m-ti-none-eabi\c\</path>
         <kind>archive</kind>
         <file>libc.a</file>
         <name>s_frexp.c.obj</name>
      </input_file>
      <input_file id="fl-4b">
         <path>F:\TI_CCS\ccs\tools\compiler\ti-cgt-armllvm_4.0.4.LTS\lib\armv6m-ti-none-eabi\c\</path>
         <kind>archive</kind>
         <file>libc.a</file>
         <name>s_scalbn.c.obj</name>
      </input_file>
      <input_file id="fl-4c">
         <path>F:\TI_CCS\ccs\tools\compiler\ti-cgt-armllvm_4.0.4.LTS\lib\armv6m-ti-none-eabi\c\</path>
         <kind>archive</kind>
         <file>libc.a</file>
         <name>wcslen.c.obj</name>
      </input_file>
      <input_file id="fl-4d">
         <path>F:\TI_CCS\ccs\tools\compiler\ti-cgt-armllvm_4.0.4.LTS\lib\armv6m-ti-none-eabi\c\</path>
         <kind>archive</kind>
         <file>libc.a</file>
         <name>sprintf.c.obj</name>
      </input_file>
      <input_file id="fl-4e">
         <path>F:\TI_CCS\ccs\tools\compiler\ti-cgt-armllvm_4.0.4.LTS\lib\armv6m-ti-none-eabi\c\</path>
         <kind>archive</kind>
         <file>libc.a</file>
         <name>fflush.c.obj</name>
      </input_file>
      <input_file id="fl-4f">
         <path>F:\TI_CCS\ccs\tools\compiler\ti-cgt-armllvm_4.0.4.LTS\lib\armv6m-ti-none-eabi\c\</path>
         <kind>archive</kind>
         <file>libc.a</file>
         <name>aeabi_ctype.S.obj</name>
      </input_file>
      <input_file id="fl-50">
         <path>F:\TI_CCS\ccs\tools\compiler\ti-cgt-armllvm_4.0.4.LTS\lib\armv6m-ti-none-eabi\c\</path>
         <kind>archive</kind>
         <file>libc.a</file>
         <name>exit.c.obj</name>
      </input_file>
      <input_file id="fl-51">
         <path>F:\TI_CCS\ccs\tools\compiler\ti-cgt-armllvm_4.0.4.LTS\lib\armv6m-ti-none-eabi\c\</path>
         <kind>archive</kind>
         <file>libc.a</file>
         <name>args_main.c.obj</name>
      </input_file>
      <input_file id="fl-f1">
         <path>F:\TI_CCS\ccs\tools\compiler\ti-cgt-armllvm_4.0.4.LTS\lib\armv6m-ti-none-eabi\c\</path>
         <kind>archive</kind>
         <file>libsysbm.a</file>
         <name>hostexit.c.obj</name>
      </input_file>
      <input_file id="fl-f2">
         <path>F:\TI_CCS\ccs\tools\compiler\ti-cgt-armllvm_4.0.4.LTS\lib\armv6m-ti-none-eabi\c\</path>
         <kind>archive</kind>
         <file>libsysbm.a</file>
         <name>write.c.obj</name>
      </input_file>
      <input_file id="fl-f3">
         <path>F:\TI_CCS\ccs\tools\compiler\ti-cgt-armllvm_4.0.4.LTS\lib\armv6m-ti-none-eabi\c\</path>
         <kind>archive</kind>
         <file>libsysbm.a</file>
         <name>host_device.c.obj</name>
      </input_file>
      <input_file id="fl-f4">
         <path>F:\TI_CCS\ccs\tools\compiler\ti-cgt-armllvm_4.0.4.LTS\lib\armv6m-ti-none-eabi\c\</path>
         <kind>archive</kind>
         <file>libsysbm.a</file>
         <name>hostclose.c.obj</name>
      </input_file>
      <input_file id="fl-f5">
         <path>F:\TI_CCS\ccs\tools\compiler\ti-cgt-armllvm_4.0.4.LTS\lib\armv6m-ti-none-eabi\c\</path>
         <kind>archive</kind>
         <file>libsysbm.a</file>
         <name>hostlseek.c.obj</name>
      </input_file>
      <input_file id="fl-f6">
         <path>F:\TI_CCS\ccs\tools\compiler\ti-cgt-armllvm_4.0.4.LTS\lib\armv6m-ti-none-eabi\c\</path>
         <kind>archive</kind>
         <file>libsysbm.a</file>
         <name>hostopen.c.obj</name>
      </input_file>
      <input_file id="fl-f7">
         <path>F:\TI_CCS\ccs\tools\compiler\ti-cgt-armllvm_4.0.4.LTS\lib\armv6m-ti-none-eabi\c\</path>
         <kind>archive</kind>
         <file>libsysbm.a</file>
         <name>hostread.c.obj</name>
      </input_file>
      <input_file id="fl-f8">
         <path>F:\TI_CCS\ccs\tools\compiler\ti-cgt-armllvm_4.0.4.LTS\lib\armv6m-ti-none-eabi\c\</path>
         <kind>archive</kind>
         <file>libsysbm.a</file>
         <name>hostrename.c.obj</name>
      </input_file>
      <input_file id="fl-f9">
         <path>F:\TI_CCS\ccs\tools\compiler\ti-cgt-armllvm_4.0.4.LTS\lib\armv6m-ti-none-eabi\c\</path>
         <kind>archive</kind>
         <file>libsysbm.a</file>
         <name>hostunlink.c.obj</name>
      </input_file>
      <input_file id="fl-fa">
         <path>F:\TI_CCS\ccs\tools\compiler\ti-cgt-armllvm_4.0.4.LTS\lib\armv6m-ti-none-eabi\c\</path>
         <kind>archive</kind>
         <file>libsysbm.a</file>
         <name>hostwrite.c.obj</name>
      </input_file>
      <input_file id="fl-fb">
         <path>F:\TI_CCS\ccs\tools\compiler\ti-cgt-armllvm_4.0.4.LTS\lib\armv6m-ti-none-eabi\c\</path>
         <kind>archive</kind>
         <file>libsysbm.a</file>
         <name>trgmsg.c.obj</name>
      </input_file>
      <input_file id="fl-fc">
         <path>F:\TI_CCS\ccs\tools\compiler\ti-cgt-armllvm_4.0.4.LTS\lib\armv6m-ti-none-eabi\</path>
         <kind>archive</kind>
         <file>libclang_rt.builtins.a</file>
         <name>addsf3.S.obj</name>
      </input_file>
      <input_file id="fl-fd">
         <path>F:\TI_CCS\ccs\tools\compiler\ti-cgt-armllvm_4.0.4.LTS\lib\armv6m-ti-none-eabi\</path>
         <kind>archive</kind>
         <file>libclang_rt.builtins.a</file>
         <name>adddf3.S.obj</name>
      </input_file>
      <input_file id="fl-fe">
         <path>F:\TI_CCS\ccs\tools\compiler\ti-cgt-armllvm_4.0.4.LTS\lib\armv6m-ti-none-eabi\</path>
         <kind>archive</kind>
         <file>libclang_rt.builtins.a</file>
         <name>muldf3.S.obj</name>
      </input_file>
      <input_file id="fl-ff">
         <path>F:\TI_CCS\ccs\tools\compiler\ti-cgt-armllvm_4.0.4.LTS\lib\armv6m-ti-none-eabi\</path>
         <kind>archive</kind>
         <file>libclang_rt.builtins.a</file>
         <name>muldsi3.S.obj</name>
      </input_file>
      <input_file id="fl-100">
         <path>F:\TI_CCS\ccs\tools\compiler\ti-cgt-armllvm_4.0.4.LTS\lib\armv6m-ti-none-eabi\</path>
         <kind>archive</kind>
         <file>libclang_rt.builtins.a</file>
         <name>mulsf3.S.obj</name>
      </input_file>
      <input_file id="fl-101">
         <path>F:\TI_CCS\ccs\tools\compiler\ti-cgt-armllvm_4.0.4.LTS\lib\armv6m-ti-none-eabi\</path>
         <kind>archive</kind>
         <file>libclang_rt.builtins.a</file>
         <name>divsf3.S.obj</name>
      </input_file>
      <input_file id="fl-102">
         <path>F:\TI_CCS\ccs\tools\compiler\ti-cgt-armllvm_4.0.4.LTS\lib\armv6m-ti-none-eabi\</path>
         <kind>archive</kind>
         <file>libclang_rt.builtins.a</file>
         <name>divdf3.S.obj</name>
      </input_file>
      <input_file id="fl-103">
         <path>F:\TI_CCS\ccs\tools\compiler\ti-cgt-armllvm_4.0.4.LTS\lib\armv6m-ti-none-eabi\</path>
         <kind>archive</kind>
         <file>libclang_rt.builtins.a</file>
         <name>extendsfdf2.S.obj</name>
      </input_file>
      <input_file id="fl-104">
         <path>F:\TI_CCS\ccs\tools\compiler\ti-cgt-armllvm_4.0.4.LTS\lib\armv6m-ti-none-eabi\</path>
         <kind>archive</kind>
         <file>libclang_rt.builtins.a</file>
         <name>fixdfsi.S.obj</name>
      </input_file>
      <input_file id="fl-105">
         <path>F:\TI_CCS\ccs\tools\compiler\ti-cgt-armllvm_4.0.4.LTS\lib\armv6m-ti-none-eabi\</path>
         <kind>archive</kind>
         <file>libclang_rt.builtins.a</file>
         <name>fixsfsi.S.obj</name>
      </input_file>
      <input_file id="fl-106">
         <path>F:\TI_CCS\ccs\tools\compiler\ti-cgt-armllvm_4.0.4.LTS\lib\armv6m-ti-none-eabi\</path>
         <kind>archive</kind>
         <file>libclang_rt.builtins.a</file>
         <name>fixunssfsi.S.obj</name>
      </input_file>
      <input_file id="fl-107">
         <path>F:\TI_CCS\ccs\tools\compiler\ti-cgt-armllvm_4.0.4.LTS\lib\armv6m-ti-none-eabi\</path>
         <kind>archive</kind>
         <file>libclang_rt.builtins.a</file>
         <name>floatsidf.S.obj</name>
      </input_file>
      <input_file id="fl-108">
         <path>F:\TI_CCS\ccs\tools\compiler\ti-cgt-armllvm_4.0.4.LTS\lib\armv6m-ti-none-eabi\</path>
         <kind>archive</kind>
         <file>libclang_rt.builtins.a</file>
         <name>floatsisf.S.obj</name>
      </input_file>
      <input_file id="fl-109">
         <path>F:\TI_CCS\ccs\tools\compiler\ti-cgt-armllvm_4.0.4.LTS\lib\armv6m-ti-none-eabi\</path>
         <kind>archive</kind>
         <file>libclang_rt.builtins.a</file>
         <name>floatunsisf.S.obj</name>
      </input_file>
      <input_file id="fl-10a">
         <path>F:\TI_CCS\ccs\tools\compiler\ti-cgt-armllvm_4.0.4.LTS\lib\armv6m-ti-none-eabi\</path>
         <kind>archive</kind>
         <file>libclang_rt.builtins.a</file>
         <name>muldi3.S.obj</name>
      </input_file>
      <input_file id="fl-10b">
         <path>F:\TI_CCS\ccs\tools\compiler\ti-cgt-armllvm_4.0.4.LTS\lib\armv6m-ti-none-eabi\</path>
         <kind>archive</kind>
         <file>libclang_rt.builtins.a</file>
         <name>truncdfsf2.S.obj</name>
      </input_file>
      <input_file id="fl-10c">
         <path>F:\TI_CCS\ccs\tools\compiler\ti-cgt-armllvm_4.0.4.LTS\lib\armv6m-ti-none-eabi\</path>
         <kind>archive</kind>
         <file>libclang_rt.builtins.a</file>
         <name>aeabi_dcmp.S.obj</name>
      </input_file>
      <input_file id="fl-10d">
         <path>F:\TI_CCS\ccs\tools\compiler\ti-cgt-armllvm_4.0.4.LTS\lib\armv6m-ti-none-eabi\</path>
         <kind>archive</kind>
         <file>libclang_rt.builtins.a</file>
         <name>aeabi_fcmp.S.obj</name>
      </input_file>
      <input_file id="fl-10e">
         <path>F:\TI_CCS\ccs\tools\compiler\ti-cgt-armllvm_4.0.4.LTS\lib\armv6m-ti-none-eabi\</path>
         <kind>archive</kind>
         <file>libclang_rt.builtins.a</file>
         <name>aeabi_idivmod.S.obj</name>
      </input_file>
      <input_file id="fl-10f">
         <path>F:\TI_CCS\ccs\tools\compiler\ti-cgt-armllvm_4.0.4.LTS\lib\armv6m-ti-none-eabi\</path>
         <kind>archive</kind>
         <file>libclang_rt.builtins.a</file>
         <name>aeabi_memcpy.S.obj</name>
      </input_file>
      <input_file id="fl-110">
         <path>F:\TI_CCS\ccs\tools\compiler\ti-cgt-armllvm_4.0.4.LTS\lib\armv6m-ti-none-eabi\</path>
         <kind>archive</kind>
         <file>libclang_rt.builtins.a</file>
         <name>aeabi_memset.S.obj</name>
      </input_file>
      <input_file id="fl-111">
         <path>F:\TI_CCS\ccs\tools\compiler\ti-cgt-armllvm_4.0.4.LTS\lib\armv6m-ti-none-eabi\</path>
         <kind>archive</kind>
         <file>libclang_rt.builtins.a</file>
         <name>aeabi_uidivmod.S.obj</name>
      </input_file>
      <input_file id="fl-112">
         <path>F:\TI_CCS\ccs\tools\compiler\ti-cgt-armllvm_4.0.4.LTS\lib\armv6m-ti-none-eabi\</path>
         <kind>archive</kind>
         <file>libclang_rt.builtins.a</file>
         <name>aeabi_uldivmod.S.obj</name>
      </input_file>
      <input_file id="fl-113">
         <path>F:\TI_CCS\ccs\tools\compiler\ti-cgt-armllvm_4.0.4.LTS\lib\armv6m-ti-none-eabi\</path>
         <kind>archive</kind>
         <file>libclang_rt.builtins.a</file>
         <name>comparesf2.S.obj</name>
      </input_file>
      <input_file id="fl-114">
         <path>F:\TI_CCS\ccs\tools\compiler\ti-cgt-armllvm_4.0.4.LTS\lib\armv6m-ti-none-eabi\</path>
         <kind>archive</kind>
         <file>libclang_rt.builtins.a</file>
         <name>udivmoddi4.S.obj</name>
      </input_file>
      <input_file id="fl-115">
         <path>F:\TI_CCS\ccs\tools\compiler\ti-cgt-armllvm_4.0.4.LTS\lib\armv6m-ti-none-eabi\</path>
         <kind>archive</kind>
         <file>libclang_rt.builtins.a</file>
         <name>ashldi3.S.obj</name>
      </input_file>
      <input_file id="fl-116">
         <path>F:\TI_CCS\ccs\tools\compiler\ti-cgt-armllvm_4.0.4.LTS\lib\armv6m-ti-none-eabi\</path>
         <kind>archive</kind>
         <file>libclang_rt.builtins.a</file>
         <name>comparedf2.c.obj</name>
      </input_file>
      <input_file id="fl-117">
         <path>F:\TI_CCS\ccs\tools\compiler\ti-cgt-armllvm_4.0.4.LTS\lib\armv6m-ti-none-eabi\</path>
         <kind>archive</kind>
         <file>libclang_rt.builtins.a</file>
         <name>aeabi_div0.c.obj</name>
      </input_file>
      <input_file id="fl-118">
         <path>F:\TI_CCS\ccs\tools\compiler\ti-cgt-armllvm_4.0.4.LTS\lib\armv6m-ti-none-eabi\c\</path>
         <kind>archive</kind>
         <file>libc.a</file>
         <name>memcpy16.S.obj</name>
      </input_file>
      <input_file id="fl-119">
         <path>F:\TI_CCS\ccs\tools\compiler\ti-cgt-armllvm_4.0.4.LTS\lib\armv6m-ti-none-eabi\c\</path>
         <kind>archive</kind>
         <file>libc.a</file>
         <name>memset16.S.obj</name>
      </input_file>
   </input_file_list>
   <object_component_list>
      <object_component id="oc-18">
         <name>.intvecs</name>
         <load_address>0x0</load_address>
         <readonly>true</readonly>
         <run_address>0x0</run_address>
         <size>0xc0</size>
         <alignment>0x4</alignment>
         <input_file_ref idref="fl-3"/>
      </object_component>
      <object_component id="oc-e0">
         <name>.text.OLED_Clear</name>
         <load_address>0xc0</load_address>
         <readonly>true</readonly>
         <executable>true</executable>
         <run_address>0xc0</run_address>
         <size>0xc70</size>
         <alignment>0x4</alignment>
         <input_file_ref idref="fl-b"/>
      </object_component>
      <object_component id="oc-194">
         <name>.text:__TI_printfi</name>
         <load_address>0xd30</load_address>
         <readonly>true</readonly>
         <executable>true</executable>
         <run_address>0xd30</run_address>
         <size>0x9d0</size>
         <alignment>0x4</alignment>
         <input_file_ref idref="fl-38"/>
      </object_component>
      <object_component id="oc-de">
         <name>.text.OLED_WR_Byte</name>
         <load_address>0x1700</load_address>
         <readonly>true</readonly>
         <executable>true</executable>
         <run_address>0x1700</run_address>
         <size>0x3bc</size>
         <alignment>0x4</alignment>
         <input_file_ref idref="fl-b"/>
      </object_component>
      <object_component id="oc-1c0">
         <name>.text._pconv_a</name>
         <load_address>0x1abc</load_address>
         <readonly>true</readonly>
         <executable>true</executable>
         <run_address>0x1abc</run_address>
         <size>0x220</size>
         <alignment>0x4</alignment>
         <input_file_ref idref="fl-38"/>
      </object_component>
      <object_component id="oc-1c5">
         <name>.text._pconv_g</name>
         <load_address>0x1cdc</load_address>
         <readonly>true</readonly>
         <executable>true</executable>
         <run_address>0x1cdc</run_address>
         <size>0x1dc</size>
         <alignment>0x4</alignment>
         <input_file_ref idref="fl-38"/>
      </object_component>
      <object_component id="oc-208">
         <name>.text.adddf3_subdf3</name>
         <load_address>0x1eb8</load_address>
         <readonly>true</readonly>
         <executable>true</executable>
         <run_address>0x1eb8</run_address>
         <size>0x192</size>
         <alignment>0x4</alignment>
         <input_file_ref idref="fl-fd"/>
      </object_component>
      <object_component id="oc-33">
         <name>.text.Default_Handler</name>
         <load_address>0x204a</load_address>
         <readonly>true</readonly>
         <executable>true</executable>
         <run_address>0x204a</run_address>
         <size>0x2</size>
         <alignment>0x2</alignment>
         <input_file_ref idref="fl-3"/>
      </object_component>
      <object_component id="oc-cd">
         <name>.text.SYSCFG_DL_GPIO_init</name>
         <load_address>0x204c</load_address>
         <readonly>true</readonly>
         <executable>true</executable>
         <run_address>0x204c</run_address>
         <size>0x16c</size>
         <alignment>0x4</alignment>
         <input_file_ref idref="fl-2"/>
      </object_component>
      <object_component id="oc-20c">
         <name>.text.fcvt</name>
         <load_address>0x21b8</load_address>
         <readonly>true</readonly>
         <executable>true</executable>
         <run_address>0x21b8</run_address>
         <size>0x13c</size>
         <alignment>0x4</alignment>
         <input_file_ref idref="fl-38"/>
      </object_component>
      <object_component id="oc-aa">
         <name>.text.task1</name>
         <load_address>0x22f4</load_address>
         <readonly>true</readonly>
         <executable>true</executable>
         <run_address>0x22f4</run_address>
         <size>0x128</size>
         <alignment>0x4</alignment>
         <input_file_ref idref="fl-1"/>
      </object_component>
      <object_component id="oc-1c7">
         <name>.text._pconv_e</name>
         <load_address>0x241c</load_address>
         <readonly>true</readonly>
         <executable>true</executable>
         <run_address>0x241c</run_address>
         <size>0x120</size>
         <alignment>0x4</alignment>
         <input_file_ref idref="fl-38"/>
      </object_component>
      <object_component id="oc-a4">
         <name>.text.key_read</name>
         <load_address>0x253c</load_address>
         <readonly>true</readonly>
         <executable>true</executable>
         <run_address>0x253c</run_address>
         <size>0x114</size>
         <alignment>0x4</alignment>
         <input_file_ref idref="fl-a"/>
      </object_component>
      <object_component id="oc-204">
         <name>.text.__divdf3</name>
         <load_address>0x2650</load_address>
         <readonly>true</readonly>
         <executable>true</executable>
         <run_address>0x2650</run_address>
         <size>0x10c</size>
         <alignment>0x4</alignment>
         <input_file_ref idref="fl-102"/>
      </object_component>
      <object_component id="oc-135">
         <name>.text.DL_Timer_initFourCCPWMMode</name>
         <load_address>0x275c</load_address>
         <readonly>true</readonly>
         <executable>true</executable>
         <run_address>0x275c</run_address>
         <size>0x104</size>
         <alignment>0x4</alignment>
         <input_file_ref idref="fl-1c"/>
      </object_component>
      <object_component id="oc-116">
         <name>.text.Motor_SetSpeed</name>
         <load_address>0x2860</load_address>
         <readonly>true</readonly>
         <executable>true</executable>
         <run_address>0x2860</run_address>
         <size>0x100</size>
         <alignment>0x4</alignment>
         <input_file_ref idref="fl-6"/>
      </object_component>
      <object_component id="oc-13b">
         <name>.text.DL_Timer_initTimerMode</name>
         <load_address>0x2960</load_address>
         <readonly>true</readonly>
         <executable>true</executable>
         <run_address>0x2960</run_address>
         <size>0xfc</size>
         <alignment>0x4</alignment>
         <input_file_ref idref="fl-1c"/>
      </object_component>
      <object_component id="oc-95">
         <name>.text.OLED_Init</name>
         <load_address>0x2a5c</load_address>
         <readonly>true</readonly>
         <executable>true</executable>
         <run_address>0x2a5c</run_address>
         <size>0xf6</size>
         <alignment>0x2</alignment>
         <input_file_ref idref="fl-b"/>
      </object_component>
      <object_component id="oc-19b">
         <name>.text.__aeabi_idiv0</name>
         <load_address>0x2b52</load_address>
         <readonly>true</readonly>
         <executable>true</executable>
         <run_address>0x2b52</run_address>
         <size>0x2</size>
         <alignment>0x2</alignment>
         <input_file_ref idref="fl-117"/>
      </object_component>
      <object_component id="oc-1f4">
         <name>.text.__muldf3</name>
         <load_address>0x2b54</load_address>
         <readonly>true</readonly>
         <executable>true</executable>
         <run_address>0x2b54</run_address>
         <size>0xe4</size>
         <alignment>0x4</alignment>
         <input_file_ref idref="fl-fe"/>
      </object_component>
      <object_component id="oc-79">
         <name>.text.main</name>
         <load_address>0x2c38</load_address>
         <readonly>true</readonly>
         <executable>true</executable>
         <run_address>0x2c38</run_address>
         <size>0xe4</size>
         <alignment>0x4</alignment>
         <input_file_ref idref="fl-1"/>
      </object_component>
      <object_component id="oc-1e3">
         <name>.text.scalbn</name>
         <load_address>0x2d1c</load_address>
         <readonly>true</readonly>
         <executable>true</executable>
         <run_address>0x2d1c</run_address>
         <size>0xd8</size>
         <alignment>0x4</alignment>
         <input_file_ref idref="fl-4b"/>
      </object_component>
      <object_component id="oc-10e">
         <name>.text</name>
         <load_address>0x2df4</load_address>
         <readonly>true</readonly>
         <executable>true</executable>
         <run_address>0x2df4</run_address>
         <size>0xd8</size>
         <alignment>0x4</alignment>
         <input_file_ref idref="fl-fc"/>
      </object_component>
      <object_component id="oc-9e">
         <name>.text.delay_ms</name>
         <load_address>0x2ecc</load_address>
         <readonly>true</readonly>
         <executable>true</executable>
         <run_address>0x2ecc</run_address>
         <size>0xbc</size>
         <alignment>0x4</alignment>
         <input_file_ref idref="fl-7"/>
      </object_component>
      <object_component id="oc-1da">
         <name>.text</name>
         <load_address>0x2f88</load_address>
         <readonly>true</readonly>
         <executable>true</executable>
         <run_address>0x2f88</run_address>
         <size>0xa2</size>
         <alignment>0x4</alignment>
         <input_file_ref idref="fl-114"/>
      </object_component>
      <object_component id="oc-20e">
         <name>.text.__aeabi_ldiv0</name>
         <load_address>0x302a</load_address>
         <readonly>true</readonly>
         <executable>true</executable>
         <run_address>0x302a</run_address>
         <size>0x2</size>
         <alignment>0x2</alignment>
         <input_file_ref idref="fl-117"/>
      </object_component>
      <object_component id="oc-cf">
         <name>.text.SYSCFG_DL_PWM_0_init</name>
         <load_address>0x302c</load_address>
         <readonly>true</readonly>
         <executable>true</executable>
         <run_address>0x302c</run_address>
         <size>0x9c</size>
         <alignment>0x4</alignment>
         <input_file_ref idref="fl-2"/>
      </object_component>
      <object_component id="oc-8b">
         <name>.text:memcpy</name>
         <load_address>0x30c8</load_address>
         <readonly>true</readonly>
         <executable>true</executable>
         <run_address>0x30c8</run_address>
         <size>0x9a</size>
         <alignment>0x1</alignment>
         <input_file_ref idref="fl-118"/>
      </object_component>
      <object_component id="oc-178">
         <name>.text._nop</name>
         <load_address>0x3162</load_address>
         <readonly>true</readonly>
         <executable>true</executable>
         <run_address>0x3162</run_address>
         <size>0x2</size>
         <alignment>0x2</alignment>
         <input_file_ref idref="fl-3a"/>
      </object_component>
      <object_component id="oc-cb">
         <name>.text.SYSCFG_DL_initPower</name>
         <load_address>0x3164</load_address>
         <readonly>true</readonly>
         <executable>true</executable>
         <run_address>0x3164</run_address>
         <size>0x94</size>
         <alignment>0x4</alignment>
         <input_file_ref idref="fl-2"/>
      </object_component>
      <object_component id="oc-67">
         <name>.text.Motor_Encoder_UpdateSpeed</name>
         <load_address>0x31f8</load_address>
         <readonly>true</readonly>
         <executable>true</executable>
         <run_address>0x31f8</run_address>
         <size>0x90</size>
         <alignment>0x4</alignment>
         <input_file_ref idref="fl-6"/>
      </object_component>
      <object_component id="oc-106">
         <name>.text.__mulsf3</name>
         <load_address>0x3288</load_address>
         <readonly>true</readonly>
         <executable>true</executable>
         <run_address>0x3288</run_address>
         <size>0x8c</size>
         <alignment>0x4</alignment>
         <input_file_ref idref="fl-100"/>
      </object_component>
      <object_component id="oc-102">
         <name>.text.__divsf3</name>
         <load_address>0x3314</load_address>
         <readonly>true</readonly>
         <executable>true</executable>
         <run_address>0x3314</run_address>
         <size>0x82</size>
         <alignment>0x4</alignment>
         <input_file_ref idref="fl-101"/>
      </object_component>
      <object_component id="oc-1c">
         <name>.text:decompress:lzss</name>
         <load_address>0x3398</load_address>
         <readonly>true</readonly>
         <executable>true</executable>
         <run_address>0x3398</run_address>
         <size>0x7c</size>
         <alignment>0x4</alignment>
         <input_file_ref idref="fl-48"/>
      </object_component>
      <object_component id="oc-202">
         <name>.text.__gedf2</name>
         <load_address>0x3414</load_address>
         <readonly>true</readonly>
         <executable>true</executable>
         <run_address>0x3414</run_address>
         <size>0x74</size>
         <alignment>0x4</alignment>
         <input_file_ref idref="fl-116"/>
      </object_component>
      <object_component id="oc-d0">
         <name>.text.SYSCFG_DL_QEI_0_init</name>
         <load_address>0x3488</load_address>
         <readonly>true</readonly>
         <executable>true</executable>
         <run_address>0x3488</run_address>
         <size>0x68</size>
         <alignment>0x4</alignment>
         <input_file_ref idref="fl-2"/>
      </object_component>
      <object_component id="oc-1fc">
         <name>.text.__ledf2</name>
         <load_address>0x34f0</load_address>
         <readonly>true</readonly>
         <executable>true</executable>
         <run_address>0x34f0</run_address>
         <size>0x68</size>
         <alignment>0x4</alignment>
         <input_file_ref idref="fl-116"/>
      </object_component>
      <object_component id="oc-1fb">
         <name>.text._mcpy</name>
         <load_address>0x3558</load_address>
         <readonly>true</readonly>
         <executable>true</executable>
         <run_address>0x3558</run_address>
         <size>0x66</size>
         <alignment>0x2</alignment>
         <input_file_ref idref="fl-38"/>
      </object_component>
      <object_component id="oc-1c1">
         <name>.text.__aeabi_dcmp</name>
         <load_address>0x35c0</load_address>
         <readonly>true</readonly>
         <executable>true</executable>
         <run_address>0x35c0</run_address>
         <size>0x62</size>
         <alignment>0x4</alignment>
         <input_file_ref idref="fl-10c"/>
      </object_component>
      <object_component id="oc-f3">
         <name>.text.__aeabi_fcmp</name>
         <load_address>0x3624</load_address>
         <readonly>true</readonly>
         <executable>true</executable>
         <run_address>0x3624</run_address>
         <size>0x62</size>
         <alignment>0x4</alignment>
         <input_file_ref idref="fl-10d"/>
      </object_component>
      <object_component id="oc-ca">
         <name>.text:memset</name>
         <load_address>0x3686</load_address>
         <readonly>true</readonly>
         <executable>true</executable>
         <run_address>0x3686</run_address>
         <size>0x62</size>
         <alignment>0x1</alignment>
         <input_file_ref idref="fl-119"/>
      </object_component>
      <object_component id="oc-d7">
         <name>.text.SYSCFG_DL_UART_ICM_init</name>
         <load_address>0x36e8</load_address>
         <readonly>true</readonly>
         <executable>true</executable>
         <run_address>0x36e8</run_address>
         <size>0x60</size>
         <alignment>0x4</alignment>
         <input_file_ref idref="fl-2"/>
      </object_component>
      <object_component id="oc-d6">
         <name>.text.SYSCFG_DL_UART_XG_init</name>
         <load_address>0x3748</load_address>
         <readonly>true</readonly>
         <executable>true</executable>
         <run_address>0x3748</run_address>
         <size>0x60</size>
         <alignment>0x4</alignment>
         <input_file_ref idref="fl-2"/>
      </object_component>
      <object_component id="oc-90">
         <name>.text.SYSCFG_DL_init</name>
         <load_address>0x37a8</load_address>
         <readonly>true</readonly>
         <executable>true</executable>
         <run_address>0x37a8</run_address>
         <size>0x5c</size>
         <alignment>0x4</alignment>
         <input_file_ref idref="fl-2"/>
      </object_component>
      <object_component id="oc-1df">
         <name>.text.frexp</name>
         <load_address>0x3804</load_address>
         <readonly>true</readonly>
         <executable>true</executable>
         <run_address>0x3804</run_address>
         <size>0x5c</size>
         <alignment>0x4</alignment>
         <input_file_ref idref="fl-4a"/>
      </object_component>
      <object_component id="oc-f8">
         <name>.text.printf</name>
         <load_address>0x3860</load_address>
         <readonly>true</readonly>
         <executable>true</executable>
         <run_address>0x3860</run_address>
         <size>0x5c</size>
         <alignment>0x4</alignment>
         <input_file_ref idref="fl-37"/>
      </object_component>
      <object_component id="oc-d2">
         <name>.text.SYSCFG_DL_TIMER_GB_init</name>
         <load_address>0x38bc</load_address>
         <readonly>true</readonly>
         <executable>true</executable>
         <run_address>0x38bc</run_address>
         <size>0x58</size>
         <alignment>0x4</alignment>
         <input_file_ref idref="fl-2"/>
      </object_component>
      <object_component id="oc-1eb">
         <name>.text.__TI_ltoa</name>
         <load_address>0x3914</load_address>
         <readonly>true</readonly>
         <executable>true</executable>
         <run_address>0x3914</run_address>
         <size>0x58</size>
         <alignment>0x2</alignment>
         <input_file_ref idref="fl-3b"/>
      </object_component>
      <object_component id="oc-1c6">
         <name>.text._pconv_f</name>
         <load_address>0x396c</load_address>
         <readonly>true</readonly>
         <executable>true</executable>
         <run_address>0x396c</run_address>
         <size>0x58</size>
         <alignment>0x2</alignment>
         <input_file_ref idref="fl-38"/>
      </object_component>
      <object_component id="oc-21b">
         <name>.text.__aeabi_idivmod</name>
         <load_address>0x39c4</load_address>
         <readonly>true</readonly>
         <executable>true</executable>
         <run_address>0x39c4</run_address>
         <size>0x56</size>
         <alignment>0x4</alignment>
         <input_file_ref idref="fl-10e"/>
      </object_component>
      <object_component id="oc-d4">
         <name>.text.SYSCFG_DL_I2C_0_init</name>
         <load_address>0x3a1c</load_address>
         <readonly>true</readonly>
         <executable>true</executable>
         <run_address>0x3a1c</run_address>
         <size>0x54</size>
         <alignment>0x4</alignment>
         <input_file_ref idref="fl-2"/>
      </object_component>
      <object_component id="oc-d5">
         <name>.text.SYSCFG_DL_I2C_1_init</name>
         <load_address>0x3a70</load_address>
         <readonly>true</readonly>
         <executable>true</executable>
         <run_address>0x3a70</run_address>
         <size>0x54</size>
         <alignment>0x4</alignment>
         <input_file_ref idref="fl-2"/>
      </object_component>
      <object_component id="oc-ce">
         <name>.text.SYSCFG_DL_SYSCTL_init</name>
         <load_address>0x3ac4</load_address>
         <readonly>true</readonly>
         <executable>true</executable>
         <run_address>0x3ac4</run_address>
         <size>0x54</size>
         <alignment>0x4</alignment>
         <input_file_ref idref="fl-2"/>
      </object_component>
      <object_component id="oc-1f9">
         <name>.text._ecpy</name>
         <load_address>0x3b18</load_address>
         <readonly>true</readonly>
         <executable>true</executable>
         <run_address>0x3b18</run_address>
         <size>0x52</size>
         <alignment>0x2</alignment>
         <input_file_ref idref="fl-38"/>
      </object_component>
      <object_component id="oc-34">
         <name>.text.GROUP1_IRQHandler</name>
         <load_address>0x3b6c</load_address>
         <readonly>true</readonly>
         <executable>true</executable>
         <run_address>0x3b6c</run_address>
         <size>0x50</size>
         <alignment>0x4</alignment>
         <input_file_ref idref="fl-6"/>
      </object_component>
      <object_component id="oc-39">
         <name>.text.TIMG8_IRQHandler</name>
         <load_address>0x3bbc</load_address>
         <readonly>true</readonly>
         <executable>true</executable>
         <run_address>0x3bbc</run_address>
         <size>0x50</size>
         <alignment>0x4</alignment>
         <input_file_ref idref="fl-6"/>
      </object_component>
      <object_component id="oc-9d">
         <name>.text.Motor_Disable</name>
         <load_address>0x3c0c</load_address>
         <readonly>true</readonly>
         <executable>true</executable>
         <run_address>0x3c0c</run_address>
         <size>0x4c</size>
         <alignment>0x4</alignment>
         <input_file_ref idref="fl-6"/>
      </object_component>
      <object_component id="oc-9a">
         <name>.text.Motor_Encoder_Init</name>
         <load_address>0x3c58</load_address>
         <readonly>true</readonly>
         <executable>true</executable>
         <run_address>0x3c58</run_address>
         <size>0x4c</size>
         <alignment>0x4</alignment>
         <input_file_ref idref="fl-6"/>
      </object_component>
      <object_component id="oc-1e7">
         <name>.text.__fixdfsi</name>
         <load_address>0x3ca4</load_address>
         <readonly>true</readonly>
         <executable>true</executable>
         <run_address>0x3ca4</run_address>
         <size>0x4a</size>
         <alignment>0x4</alignment>
         <input_file_ref idref="fl-104"/>
      </object_component>
      <object_component id="oc-150">
         <name>.text.DL_UART_init</name>
         <load_address>0x3cf0</load_address>
         <readonly>true</readonly>
         <executable>true</executable>
         <run_address>0x3cf0</run_address>
         <size>0x48</size>
         <alignment>0x4</alignment>
         <input_file_ref idref="fl-1d"/>
      </object_component>
      <object_component id="oc-d3">
         <name>.text.SYSCFG_DL_TIMER_count_init</name>
         <load_address>0x3d38</load_address>
         <readonly>true</readonly>
         <executable>true</executable>
         <run_address>0x3d38</run_address>
         <size>0x48</size>
         <alignment>0x4</alignment>
         <input_file_ref idref="fl-2"/>
      </object_component>
      <object_component id="oc-188">
         <name>.text.__aeabi_uidivmod</name>
         <load_address>0x3d80</load_address>
         <readonly>true</readonly>
         <executable>true</executable>
         <run_address>0x3d80</run_address>
         <size>0x40</size>
         <alignment>0x4</alignment>
         <input_file_ref idref="fl-111"/>
      </object_component>
      <object_component id="oc-10a">
         <name>.text.__extendsfdf2</name>
         <load_address>0x3dc0</load_address>
         <readonly>true</readonly>
         <executable>true</executable>
         <run_address>0x3dc0</run_address>
         <size>0x40</size>
         <alignment>0x4</alignment>
         <input_file_ref idref="fl-103"/>
      </object_component>
      <object_component id="oc-1aa">
         <name>.text.atoi</name>
         <load_address>0x3e00</load_address>
         <readonly>true</readonly>
         <executable>true</executable>
         <run_address>0x3e00</run_address>
         <size>0x40</size>
         <alignment>0x4</alignment>
         <input_file_ref idref="fl-3d"/>
      </object_component>
      <object_component id="oc-155">
         <name>.text.delay_us</name>
         <load_address>0x3e40</load_address>
         <readonly>true</readonly>
         <executable>true</executable>
         <run_address>0x3e40</run_address>
         <size>0x40</size>
         <alignment>0x2</alignment>
         <input_file_ref idref="fl-7"/>
      </object_component>
      <object_component id="oc-fe">
         <name>.text.__floatsisf</name>
         <load_address>0x3e80</load_address>
         <readonly>true</readonly>
         <executable>true</executable>
         <run_address>0x3e80</run_address>
         <size>0x3c</size>
         <alignment>0x4</alignment>
         <input_file_ref idref="fl-108"/>
      </object_component>
      <object_component id="oc-15e">
         <name>.text.__gtsf2</name>
         <load_address>0x3ebc</load_address>
         <readonly>true</readonly>
         <executable>true</executable>
         <run_address>0x3ebc</run_address>
         <size>0x3c</size>
         <alignment>0x4</alignment>
         <input_file_ref idref="fl-113"/>
      </object_component>
      <object_component id="oc-198">
         <name>.text.fputs</name>
         <load_address>0x3ef8</load_address>
         <readonly>true</readonly>
         <executable>true</executable>
         <run_address>0x3ef8</run_address>
         <size>0x3c</size>
         <alignment>0x4</alignment>
         <input_file_ref idref="fl-1"/>
      </object_component>
      <object_component id="oc-b2">
         <name>.text:__TI_auto_init_nobinit_nopinit</name>
         <load_address>0x3f34</load_address>
         <readonly>true</readonly>
         <executable>true</executable>
         <run_address>0x3f34</run_address>
         <size>0x3c</size>
         <alignment>0x4</alignment>
         <input_file_ref idref="fl-43"/>
      </object_component>
      <object_component id="oc-159">
         <name>.text.__eqsf2</name>
         <load_address>0x3f70</load_address>
         <readonly>true</readonly>
         <executable>true</executable>
         <run_address>0x3f70</run_address>
         <size>0x3a</size>
         <alignment>0x4</alignment>
         <input_file_ref idref="fl-113"/>
      </object_component>
      <object_component id="oc-169">
         <name>.text.__muldsi3</name>
         <load_address>0x3fac</load_address>
         <readonly>true</readonly>
         <executable>true</executable>
         <run_address>0x3fac</run_address>
         <size>0x3a</size>
         <alignment>0x4</alignment>
         <input_file_ref idref="fl-ff"/>
      </object_component>
      <object_component id="oc-112">
         <name>.text.__fixsfsi</name>
         <load_address>0x3fe8</load_address>
         <readonly>true</readonly>
         <executable>true</executable>
         <run_address>0x3fe8</run_address>
         <size>0x38</size>
         <alignment>0x4</alignment>
         <input_file_ref idref="fl-105"/>
      </object_component>
      <object_component id="oc-1fa">
         <name>.text._fcpy</name>
         <load_address>0x4020</load_address>
         <readonly>true</readonly>
         <executable>true</executable>
         <run_address>0x4020</run_address>
         <size>0x30</size>
         <alignment>0x2</alignment>
         <input_file_ref idref="fl-38"/>
      </object_component>
      <object_component id="oc-d1">
         <name>.text.SYSCFG_DL_TIMER_0_init</name>
         <load_address>0x4050</load_address>
         <readonly>true</readonly>
         <executable>true</executable>
         <run_address>0x4050</run_address>
         <size>0x2c</size>
         <alignment>0x4</alignment>
         <input_file_ref idref="fl-2"/>
      </object_component>
      <object_component id="oc-1ef">
         <name>.text.__floatsidf</name>
         <load_address>0x407c</load_address>
         <readonly>true</readonly>
         <executable>true</executable>
         <run_address>0x407c</run_address>
         <size>0x2c</size>
         <alignment>0x4</alignment>
         <input_file_ref idref="fl-107"/>
      </object_component>
      <object_component id="oc-5b">
         <name>.text:_c_int00_noargs</name>
         <load_address>0x40a8</load_address>
         <readonly>true</readonly>
         <executable>true</executable>
         <run_address>0x40a8</run_address>
         <size>0x28</size>
         <alignment>0x4</alignment>
         <input_file_ref idref="fl-41"/>
      </object_component>
      <object_component id="oc-142">
         <name>.text.DL_I2C_setClockConfig</name>
         <load_address>0x40d0</load_address>
         <readonly>true</readonly>
         <executable>true</executable>
         <run_address>0x40d0</run_address>
         <size>0x26</size>
         <alignment>0x2</alignment>
         <input_file_ref idref="fl-1b"/>
      </object_component>
      <object_component id="oc-1b7">
         <name>.text.__muldi3</name>
         <load_address>0x40f8</load_address>
         <readonly>true</readonly>
         <executable>true</executable>
         <run_address>0x40f8</run_address>
         <size>0x24</size>
         <alignment>0x4</alignment>
         <input_file_ref idref="fl-10a"/>
      </object_component>
      <object_component id="oc-1a3">
         <name>.text.memccpy</name>
         <load_address>0x411c</load_address>
         <readonly>true</readonly>
         <executable>true</executable>
         <run_address>0x411c</run_address>
         <size>0x22</size>
         <alignment>0x2</alignment>
         <input_file_ref idref="fl-3f"/>
      </object_component>
      <object_component id="oc-3b">
         <name>.text.TIMG7_IRQHandler</name>
         <load_address>0x4140</load_address>
         <readonly>true</readonly>
         <executable>true</executable>
         <run_address>0x4140</run_address>
         <size>0x20</size>
         <alignment>0x4</alignment>
         <input_file_ref idref="fl-1"/>
      </object_component>
      <object_component id="oc-199">
         <name>.text.fputc</name>
         <load_address>0x4160</load_address>
         <readonly>true</readonly>
         <executable>true</executable>
         <run_address>0x4160</run_address>
         <size>0x20</size>
         <alignment>0x4</alignment>
         <input_file_ref idref="fl-1"/>
      </object_component>
      <object_component id="oc-20f">
         <name>.text.__ashldi3</name>
         <load_address>0x4180</load_address>
         <readonly>true</readonly>
         <executable>true</executable>
         <run_address>0x4180</run_address>
         <size>0x1e</size>
         <alignment>0x4</alignment>
         <input_file_ref idref="fl-115"/>
      </object_component>
      <object_component id="oc-137">
         <name>.text.DL_Timer_setCaptCompUpdateMethod</name>
         <load_address>0x41a0</load_address>
         <readonly>true</readonly>
         <executable>true</executable>
         <run_address>0x41a0</run_address>
         <size>0x1c</size>
         <alignment>0x4</alignment>
         <input_file_ref idref="fl-1c"/>
      </object_component>
      <object_component id="oc-134">
         <name>.text.DL_Timer_setClockConfig</name>
         <load_address>0x41bc</load_address>
         <readonly>true</readonly>
         <executable>true</executable>
         <run_address>0x41bc</run_address>
         <size>0x1c</size>
         <alignment>0x4</alignment>
         <input_file_ref idref="fl-1c"/>
      </object_component>
      <object_component id="oc-9b">
         <name>.text.Motor_ResetLeftEncoder</name>
         <load_address>0x41d8</load_address>
         <readonly>true</readonly>
         <executable>true</executable>
         <run_address>0x41d8</run_address>
         <size>0x1c</size>
         <alignment>0x4</alignment>
         <input_file_ref idref="fl-6"/>
      </object_component>
      <object_component id="oc-9c">
         <name>.text.Motor_ResetRightEncoder</name>
         <load_address>0x41f4</load_address>
         <readonly>true</readonly>
         <executable>true</executable>
         <run_address>0x41f4</run_address>
         <size>0x1c</size>
         <alignment>0x4</alignment>
         <input_file_ref idref="fl-6"/>
      </object_component>
      <object_component id="oc-136">
         <name>.text.DL_Timer_setCaptureCompareOutCtl</name>
         <load_address>0x4210</load_address>
         <readonly>true</readonly>
         <executable>true</executable>
         <run_address>0x4210</run_address>
         <size>0x18</size>
         <alignment>0x4</alignment>
         <input_file_ref idref="fl-1c"/>
      </object_component>
      <object_component id="oc-1bc">
         <name>.text.__aeabi_uldivmod</name>
         <load_address>0x4228</load_address>
         <readonly>true</readonly>
         <executable>true</executable>
         <run_address>0x4228</run_address>
         <size>0x14</size>
         <alignment>0x4</alignment>
         <input_file_ref idref="fl-112"/>
      </object_component>
      <object_component id="oc-1f8">
         <name>.text.strchr</name>
         <load_address>0x423c</load_address>
         <readonly>true</readonly>
         <executable>true</executable>
         <run_address>0x423c</run_address>
         <size>0x14</size>
         <alignment>0x2</alignment>
         <input_file_ref idref="fl-38"/>
      </object_component>
      <object_component id="oc-14a">
         <name>.text.DL_UART_setClockConfig</name>
         <load_address>0x4250</load_address>
         <readonly>true</readonly>
         <executable>true</executable>
         <run_address>0x4250</run_address>
         <size>0x12</size>
         <alignment>0x2</alignment>
         <input_file_ref idref="fl-1d"/>
      </object_component>
      <object_component id="oc-20">
         <name>.text:decompress:none</name>
         <load_address>0x4262</load_address>
         <readonly>true</readonly>
         <executable>true</executable>
         <run_address>0x4262</run_address>
         <size>0x12</size>
         <alignment>0x2</alignment>
         <input_file_ref idref="fl-47"/>
      </object_component>
      <object_component id="oc-e3">
         <name>.text.DL_Timer_setCaptureCompareValue</name>
         <load_address>0x4274</load_address>
         <readonly>true</readonly>
         <executable>true</executable>
         <run_address>0x4274</run_address>
         <size>0x10</size>
         <alignment>0x4</alignment>
         <input_file_ref idref="fl-1c"/>
      </object_component>
      <object_component id="oc-1ae">
         <name>.text.wcslen</name>
         <load_address>0x4284</load_address>
         <readonly>true</readonly>
         <executable>true</executable>
         <run_address>0x4284</run_address>
         <size>0x10</size>
         <alignment>0x2</alignment>
         <input_file_ref idref="fl-4c"/>
      </object_component>
      <object_component id="oc-58">
         <name>.text:decompress:ZI</name>
         <load_address>0x4294</load_address>
         <readonly>true</readonly>
         <executable>true</executable>
         <run_address>0x4294</run_address>
         <size>0x10</size>
         <alignment>0x2</alignment>
         <input_file_ref idref="fl-46"/>
      </object_component>
      <object_component id="oc-1a2">
         <name>.text.__aeabi_memset</name>
         <load_address>0x42a4</load_address>
         <readonly>true</readonly>
         <executable>true</executable>
         <run_address>0x42a4</run_address>
         <size>0xe</size>
         <alignment>0x4</alignment>
         <input_file_ref idref="fl-110"/>
      </object_component>
      <object_component id="oc-1a1">
         <name>.text.strlen</name>
         <load_address>0x42b2</load_address>
         <readonly>true</readonly>
         <executable>true</executable>
         <run_address>0x42b2</run_address>
         <size>0xe</size>
         <alignment>0x2</alignment>
         <input_file_ref idref="fl-38"/>
      </object_component>
      <object_component id="oc-f7">
         <name>.text.Motor_Enable</name>
         <load_address>0x42c0</load_address>
         <readonly>true</readonly>
         <executable>true</executable>
         <run_address>0x42c0</run_address>
         <size>0xc</size>
         <alignment>0x4</alignment>
         <input_file_ref idref="fl-6"/>
      </object_component>
      <object_component id="oc-f2">
         <name>.text.Motor_GetLeftEncoderPosition</name>
         <load_address>0x42cc</load_address>
         <readonly>true</readonly>
         <executable>true</executable>
         <run_address>0x42cc</run_address>
         <size>0xc</size>
         <alignment>0x4</alignment>
         <input_file_ref idref="fl-6"/>
      </object_component>
      <object_component id="oc-70">
         <name>.text.__aeabi_memclr</name>
         <load_address>0x42d8</load_address>
         <readonly>true</readonly>
         <executable>true</executable>
         <run_address>0x42d8</run_address>
         <size>0xc</size>
         <alignment>0x4</alignment>
         <input_file_ref idref="fl-110"/>
      </object_component>
      <object_component id="oc-130">
         <name>.text.DL_Common_delayCycles</name>
         <load_address>0x42e4</load_address>
         <readonly>true</readonly>
         <executable>true</executable>
         <run_address>0x42e4</run_address>
         <size>0xa</size>
         <alignment>0x2</alignment>
         <input_file_ref idref="fl-1a"/>
      </object_component>
      <object_component id="oc-1f3">
         <name>.text.OUTLINED_FUNCTION_0</name>
         <load_address>0x42ee</load_address>
         <readonly>true</readonly>
         <executable>true</executable>
         <run_address>0x42ee</run_address>
         <size>0xa</size>
         <alignment>0x2</alignment>
         <input_file_ref idref="fl-38"/>
      </object_component>
      <object_component id="oc-271">
         <name>.tramp.__aeabi_dsub.1</name>
         <load_address>0x42f8</load_address>
         <readonly>true</readonly>
         <executable>true</executable>
         <run_address>0x42f8</run_address>
         <size>0x10</size>
         <alignment>0x4</alignment>
         <input_file_ref idref="fl-fd"/>
      </object_component>
      <object_component id="oc-20d">
         <name>.text.OUTLINED_FUNCTION_1</name>
         <load_address>0x4308</load_address>
         <readonly>true</readonly>
         <executable>true</executable>
         <run_address>0x4308</run_address>
         <size>0xa</size>
         <alignment>0x2</alignment>
         <input_file_ref idref="fl-38"/>
      </object_component>
      <object_component id="oc-1b2">
         <name>.text.__aeabi_errno_addr</name>
         <load_address>0x4314</load_address>
         <readonly>true</readonly>
         <executable>true</executable>
         <run_address>0x4314</run_address>
         <size>0x8</size>
         <alignment>0x4</alignment>
         <input_file_ref idref="fl-39"/>
      </object_component>
      <object_component id="oc-4b">
         <name>.text.__aeabi_memcpy</name>
         <load_address>0x431c</load_address>
         <readonly>true</readonly>
         <executable>true</executable>
         <run_address>0x431c</run_address>
         <size>0x8</size>
         <alignment>0x4</alignment>
         <input_file_ref idref="fl-10f"/>
      </object_component>
      <object_component id="oc-164">
         <name>.text._outc</name>
         <load_address>0x4324</load_address>
         <readonly>true</readonly>
         <executable>true</executable>
         <run_address>0x4324</run_address>
         <size>0x8</size>
         <alignment>0x2</alignment>
         <input_file_ref idref="fl-37"/>
      </object_component>
      <object_component id="oc-163">
         <name>.text._outs</name>
         <load_address>0x432c</load_address>
         <readonly>true</readonly>
         <executable>true</executable>
         <run_address>0x432c</run_address>
         <size>0x8</size>
         <alignment>0x2</alignment>
         <input_file_ref idref="fl-37"/>
      </object_component>
      <object_component id="oc-ab">
         <name>.text:abort</name>
         <load_address>0x4334</load_address>
         <readonly>true</readonly>
         <executable>true</executable>
         <run_address>0x4334</run_address>
         <size>0x6</size>
         <alignment>0x2</alignment>
         <input_file_ref idref="fl-50"/>
      </object_component>
      <object_component id="oc-11f">
         <name>.text.HOSTexit</name>
         <load_address>0x433a</load_address>
         <readonly>true</readonly>
         <executable>true</executable>
         <run_address>0x433a</run_address>
         <size>0x4</size>
         <alignment>0x2</alignment>
         <input_file_ref idref="fl-f1"/>
      </object_component>
      <object_component id="oc-2f">
         <name>.text.Reset_Handler</name>
         <load_address>0x433e</load_address>
         <readonly>true</readonly>
         <executable>true</executable>
         <run_address>0x433e</run_address>
         <size>0x4</size>
         <alignment>0x2</alignment>
         <input_file_ref idref="fl-3"/>
      </object_component>
      <object_component id="oc-75">
         <name>.text._system_pre_init</name>
         <load_address>0x4342</load_address>
         <readonly>true</readonly>
         <executable>true</executable>
         <run_address>0x4342</run_address>
         <size>0x4</size>
         <alignment>0x2</alignment>
         <input_file_ref idref="fl-44"/>
      </object_component>
      <object_component id="oc-26d">
         <name>.cinit..data.load</name>
         <load_address>0x4560</load_address>
         <readonly>true</readonly>
         <run_address>0x4560</run_address>
         <size>0x48</size>
         <alignment>0x1</alignment>
      </object_component>
      <object_component id="oc-26b">
         <name>__TI_handler_table</name>
         <load_address>0x45a8</load_address>
         <readonly>true</readonly>
         <run_address>0x45a8</run_address>
         <size>0xc</size>
         <alignment>0x4</alignment>
      </object_component>
      <object_component id="oc-26e">
         <name>.cinit..bss.load</name>
         <load_address>0x45b4</load_address>
         <readonly>true</readonly>
         <run_address>0x45b4</run_address>
         <size>0x8</size>
         <alignment>0x4</alignment>
      </object_component>
      <object_component id="oc-26c">
         <name>__TI_cinit_table</name>
         <load_address>0x45bc</load_address>
         <readonly>true</readonly>
         <run_address>0x45bc</run_address>
         <size>0x10</size>
         <alignment>0x4</alignment>
      </object_component>
      <object_component id="oc-1ce">
         <name>.rodata:__aeabi_ctype_table_</name>
         <load_address>0x4350</load_address>
         <readonly>true</readonly>
         <run_address>0x4350</run_address>
         <size>0x101</size>
         <alignment>0x10</alignment>
         <input_file_ref idref="fl-4f"/>
      </object_component>
      <object_component id="oc-119">
         <name>.rodata.str1.9517790425240694019.1</name>
         <load_address>0x4451</load_address>
         <readonly>true</readonly>
         <run_address>0x4451</run_address>
         <size>0x16</size>
         <alignment>0x1</alignment>
         <input_file_ref idref="fl-1"/>
      </object_component>
      <object_component id="oc-11d">
         <name>.rodata.str1.17669528882079347314.1</name>
         <load_address>0x4467</load_address>
         <readonly>true</readonly>
         <run_address>0x4467</run_address>
         <size>0x15</size>
         <alignment>0x1</alignment>
         <input_file_ref idref="fl-1"/>
      </object_component>
      <object_component id="oc-13d">
         <name>.rodata.gTIMER_0TimerConfig</name>
         <load_address>0x447c</load_address>
         <readonly>true</readonly>
         <run_address>0x447c</run_address>
         <size>0x14</size>
         <alignment>0x4</alignment>
         <input_file_ref idref="fl-2"/>
      </object_component>
      <object_component id="oc-13f">
         <name>.rodata.gTIMER_GBTimerConfig</name>
         <load_address>0x4490</load_address>
         <readonly>true</readonly>
         <run_address>0x4490</run_address>
         <size>0x14</size>
         <alignment>0x4</alignment>
         <input_file_ref idref="fl-2"/>
      </object_component>
      <object_component id="oc-141">
         <name>.rodata.gTIMER_countTimerConfig</name>
         <load_address>0x44a4</load_address>
         <readonly>true</readonly>
         <run_address>0x44a4</run_address>
         <size>0x14</size>
         <alignment>0x4</alignment>
         <input_file_ref idref="fl-2"/>
      </object_component>
      <object_component id="oc-11e">
         <name>.rodata.str1.11898133897667081452.1</name>
         <load_address>0x44b8</load_address>
         <readonly>true</readonly>
         <run_address>0x44b8</run_address>
         <size>0x14</size>
         <alignment>0x1</alignment>
         <input_file_ref idref="fl-1"/>
      </object_component>
      <object_component id="oc-175">
         <name>.rodata.str1.15083410030867975741.1</name>
         <load_address>0x44cc</load_address>
         <readonly>true</readonly>
         <run_address>0x44cc</run_address>
         <size>0x13</size>
         <alignment>0x1</alignment>
         <input_file_ref idref="fl-6"/>
      </object_component>
      <object_component id="oc-1bb">
         <name>.rodata.str1.10348868589481759720.1</name>
         <load_address>0x44df</load_address>
         <readonly>true</readonly>
         <run_address>0x44df</run_address>
         <size>0x11</size>
         <alignment>0x1</alignment>
         <input_file_ref idref="fl-38"/>
      </object_component>
      <object_component id="oc-11c">
         <name>.rodata.str1.14685083708502177989.1</name>
         <load_address>0x44f0</load_address>
         <readonly>true</readonly>
         <run_address>0x44f0</run_address>
         <size>0x11</size>
         <alignment>0x1</alignment>
         <input_file_ref idref="fl-1"/>
      </object_component>
      <object_component id="oc-1a7">
         <name>.rodata.str1.15363888844622738466.1</name>
         <load_address>0x4501</load_address>
         <readonly>true</readonly>
         <run_address>0x4501</run_address>
         <size>0x11</size>
         <alignment>0x1</alignment>
         <input_file_ref idref="fl-38"/>
      </object_component>
      <object_component id="oc-11a">
         <name>.rodata.str1.254342170260855183.1</name>
         <load_address>0x4512</load_address>
         <readonly>true</readonly>
         <run_address>0x4512</run_address>
         <size>0xf</size>
         <alignment>0x1</alignment>
         <input_file_ref idref="fl-1"/>
      </object_component>
      <object_component id="oc-154">
         <name>.rodata.gUART_ICMConfig</name>
         <load_address>0x4522</load_address>
         <readonly>true</readonly>
         <run_address>0x4522</run_address>
         <size>0xa</size>
         <alignment>0x2</alignment>
         <input_file_ref idref="fl-2"/>
      </object_component>
      <object_component id="oc-152">
         <name>.rodata.gUART_XGConfig</name>
         <load_address>0x452c</load_address>
         <readonly>true</readonly>
         <run_address>0x452c</run_address>
         <size>0xa</size>
         <alignment>0x2</alignment>
         <input_file_ref idref="fl-2"/>
      </object_component>
      <object_component id="oc-148">
         <name>.rodata.gI2C_0ClockConfig</name>
         <load_address>0x4536</load_address>
         <readonly>true</readonly>
         <run_address>0x4536</run_address>
         <size>0x2</size>
         <alignment>0x1</alignment>
         <input_file_ref idref="fl-2"/>
      </object_component>
      <object_component id="oc-139">
         <name>.rodata.gPWM_0Config</name>
         <load_address>0x4538</load_address>
         <readonly>true</readonly>
         <run_address>0x4538</run_address>
         <size>0x8</size>
         <alignment>0x4</alignment>
         <input_file_ref idref="fl-2"/>
      </object_component>
      <object_component id="oc-138">
         <name>.rodata.gPWM_0ClockConfig</name>
         <load_address>0x4540</load_address>
         <readonly>true</readonly>
         <run_address>0x4540</run_address>
         <size>0x3</size>
         <alignment>0x1</alignment>
         <input_file_ref idref="fl-2"/>
      </object_component>
      <object_component id="oc-13a">
         <name>.rodata.gQEI_0ClockConfig</name>
         <load_address>0x4543</load_address>
         <readonly>true</readonly>
         <run_address>0x4543</run_address>
         <size>0x3</size>
         <alignment>0x1</alignment>
         <input_file_ref idref="fl-2"/>
      </object_component>
      <object_component id="oc-13c">
         <name>.rodata.gTIMER_0ClockConfig</name>
         <load_address>0x4546</load_address>
         <readonly>true</readonly>
         <run_address>0x4546</run_address>
         <size>0x3</size>
         <alignment>0x1</alignment>
         <input_file_ref idref="fl-2"/>
      </object_component>
      <object_component id="oc-13e">
         <name>.rodata.gTIMER_GBClockConfig</name>
         <load_address>0x4549</load_address>
         <readonly>true</readonly>
         <run_address>0x4549</run_address>
         <size>0x3</size>
         <alignment>0x1</alignment>
         <input_file_ref idref="fl-2"/>
      </object_component>
      <object_component id="oc-140">
         <name>.rodata.gTIMER_countClockConfig</name>
         <load_address>0x454c</load_address>
         <readonly>true</readonly>
         <run_address>0x454c</run_address>
         <size>0x3</size>
         <alignment>0x1</alignment>
         <input_file_ref idref="fl-2"/>
      </object_component>
      <object_component id="oc-149">
         <name>.rodata.gI2C_1ClockConfig</name>
         <load_address>0x454f</load_address>
         <readonly>true</readonly>
         <run_address>0x454f</run_address>
         <size>0x2</size>
         <alignment>0x1</alignment>
         <input_file_ref idref="fl-2"/>
      </object_component>
      <object_component id="oc-153">
         <name>.rodata.gUART_ICMClockConfig</name>
         <load_address>0x4551</load_address>
         <readonly>true</readonly>
         <run_address>0x4551</run_address>
         <size>0x2</size>
         <alignment>0x1</alignment>
         <input_file_ref idref="fl-2"/>
      </object_component>
      <object_component id="oc-151">
         <name>.rodata.gUART_XGClockConfig</name>
         <load_address>0x4553</load_address>
         <readonly>true</readonly>
         <run_address>0x4553</run_address>
         <size>0x2</size>
         <alignment>0x1</alignment>
         <input_file_ref idref="fl-2"/>
      </object_component>
      <object_component id="oc-233">
         <name>.binit</name>
         <load_address>0x0</load_address>
         <readonly>true</readonly>
         <run_address>0x0</run_address>
         <size>0x0</size>
         <alignment>0x4</alignment>
      </object_component>
      <object_component id="oc-68">
         <name>.data.Timer_count</name>
         <load_address>0x2020085c</load_address>
         <readwrite>true</readwrite>
         <run_address>0x2020085c</run_address>
         <size>0x4</size>
         <alignment>0x4</alignment>
         <input_file_ref idref="fl-1"/>
      </object_component>
      <object_component id="oc-118">
         <name>.data.task1.task1_current_wheel_c</name>
         <load_address>0x2020087c</load_address>
         <readwrite>true</readwrite>
         <run_address>0x2020087c</run_address>
         <size>0x4</size>
         <alignment>0x4</alignment>
         <input_file_ref idref="fl-1"/>
      </object_component>
      <object_component id="oc-117">
         <name>.data.task1.task1_last_left_pos</name>
         <load_address>0x20200880</load_address>
         <readwrite>true</readwrite>
         <run_address>0x20200880</run_address>
         <size>0x4</size>
         <alignment>0x4</alignment>
         <input_file_ref idref="fl-1"/>
      </object_component>
      <object_component id="oc-11b">
         <name>.data.task1.acc_delta</name>
         <load_address>0x20200878</load_address>
         <readwrite>true</readwrite>
         <run_address>0x20200878</run_address>
         <size>0x4</size>
         <alignment>0x4</alignment>
         <input_file_ref idref="fl-1"/>
      </object_component>
      <object_component id="oc-173">
         <name>.data.g_left_speed</name>
         <load_address>0x20200884</load_address>
         <readwrite>true</readwrite>
         <run_address>0x20200884</run_address>
         <size>0x2</size>
         <alignment>0x2</alignment>
         <input_file_ref idref="fl-6"/>
      </object_component>
      <object_component id="oc-174">
         <name>.data.g_right_speed</name>
         <load_address>0x20200886</load_address>
         <readwrite>true</readwrite>
         <run_address>0x20200886</run_address>
         <size>0x2</size>
         <alignment>0x2</alignment>
         <input_file_ref idref="fl-6"/>
      </object_component>
      <object_component id="oc-171">
         <name>.data.g_target_left_speed</name>
         <load_address>0x20200888</load_address>
         <readwrite>true</readwrite>
         <run_address>0x20200888</run_address>
         <size>0x2</size>
         <alignment>0x2</alignment>
         <input_file_ref idref="fl-6"/>
      </object_component>
      <object_component id="oc-172">
         <name>.data.g_target_right_speed</name>
         <load_address>0x2020088a</load_address>
         <readwrite>true</readwrite>
         <run_address>0x2020088a</run_address>
         <size>0x2</size>
         <alignment>0x2</alignment>
         <input_file_ref idref="fl-6"/>
      </object_component>
      <object_component id="oc-66">
         <name>.data.g_left_encoder</name>
         <load_address>0x2020080c</load_address>
         <readwrite>true</readwrite>
         <run_address>0x2020080c</run_address>
         <size>0x10</size>
         <alignment>0x4</alignment>
         <input_file_ref idref="fl-6"/>
      </object_component>
      <object_component id="oc-62">
         <name>.data.g_capture_interrupt_count</name>
         <load_address>0x2020086c</load_address>
         <readwrite>true</readwrite>
         <run_address>0x2020086c</run_address>
         <size>0x4</size>
         <alignment>0x4</alignment>
         <input_file_ref idref="fl-6"/>
      </object_component>
      <object_component id="oc-63">
         <name>.data.g_right_encoder</name>
         <load_address>0x2020081c</load_address>
         <readwrite>true</readwrite>
         <run_address>0x2020081c</run_address>
         <size>0x10</size>
         <alignment>0x4</alignment>
         <input_file_ref idref="fl-6"/>
      </object_component>
      <object_component id="oc-84">
         <name>.data.g_left_last_pos</name>
         <load_address>0x20200870</load_address>
         <readwrite>true</readwrite>
         <run_address>0x20200870</run_address>
         <size>0x4</size>
         <alignment>0x4</alignment>
         <input_file_ref idref="fl-6"/>
      </object_component>
      <object_component id="oc-85">
         <name>.data.g_right_last_pos</name>
         <load_address>0x20200874</load_address>
         <readwrite>true</readwrite>
         <run_address>0x20200874</run_address>
         <size>0x4</size>
         <alignment>0x4</alignment>
         <input_file_ref idref="fl-6"/>
      </object_component>
      <object_component id="oc-eb">
         <name>.data.key1</name>
         <load_address>0x2020082c</load_address>
         <readwrite>true</readwrite>
         <run_address>0x2020082c</run_address>
         <size>0xc</size>
         <alignment>0x4</alignment>
         <input_file_ref idref="fl-a"/>
      </object_component>
      <object_component id="oc-ec">
         <name>.data.key2</name>
         <load_address>0x20200838</load_address>
         <readwrite>true</readwrite>
         <run_address>0x20200838</run_address>
         <size>0xc</size>
         <alignment>0x4</alignment>
         <input_file_ref idref="fl-a"/>
      </object_component>
      <object_component id="oc-ed">
         <name>.data.key3</name>
         <load_address>0x20200844</load_address>
         <readwrite>true</readwrite>
         <run_address>0x20200844</run_address>
         <size>0xc</size>
         <alignment>0x4</alignment>
         <input_file_ref idref="fl-a"/>
      </object_component>
      <object_component id="oc-ee">
         <name>.data.key4</name>
         <load_address>0x20200850</load_address>
         <readwrite>true</readwrite>
         <run_address>0x20200850</run_address>
         <size>0xc</size>
         <alignment>0x4</alignment>
         <input_file_ref idref="fl-a"/>
      </object_component>
      <object_component id="oc-ef">
[...]
         <object_component_ref idref="oc-ee"/>
      </symbol>
      <symbol id="sm-161">
         <name>OLED_WR_Byte</name>
         <value>0x1701</value>
         <object_component_ref idref="oc-de"/>
      </symbol>
      <symbol id="sm-162">
         <name>OLED_GRAM</name>
         <value>0x20200000</value>
      </symbol>
      <symbol id="sm-163">
         <name>OLED_Clear</name>
         <value>0xc1</value>
         <object_component_ref idref="oc-e0"/>
      </symbol>
      <symbol id="sm-164">
         <name>OLED_Init</name>
         <value>0x2a5d</value>
         <object_component_ref idref="oc-95"/>
      </symbol>
      <symbol id="sm-166">
         <name>__TI_ATRegion0_src_addr</name>
         <value>0x0</value>
      </symbol>
      <symbol id="sm-167">
         <name>__TI_ATRegion0_trg_addr</name>
         <value>0x0</value>
      </symbol>
      <symbol id="sm-168">
         <name>__TI_ATRegion0_region_sz</name>
         <value>0x0</value>
      </symbol>
      <symbol id="sm-169">
         <name>__TI_ATRegion1_src_addr</name>
         <value>0x0</value>
      </symbol>
      <symbol id="sm-16a">
         <name>__TI_ATRegion1_trg_addr</name>
         <value>0x0</value>
      </symbol>
      <symbol id="sm-16b">
         <name>__TI_ATRegion1_region_sz</name>
         <value>0x0</value>
      </symbol>
      <symbol id="sm-16c">
         <name>__TI_ATRegion2_src_addr</name>
         <value>0x0</value>
      </symbol>
      <symbol id="sm-16d">
         <name>__TI_ATRegion2_trg_addr</name>
         <value>0x0</value>
      </symbol>
      <symbol id="sm-16e">
         <name>__TI_ATRegion2_region_sz</name>
         <value>0x0</value>
      </symbol>
      <symbol id="sm-177">
         <name>DL_Common_delayCycles</name>
         <value>0x42e5</value>
         <object_component_ref idref="oc-130"/>
      </symbol>
      <symbol id="sm-181">
         <name>DL_I2C_setClockConfig</name>
         <value>0x40d1</value>
         <object_component_ref idref="oc-142"/>
      </symbol>
      <symbol id="sm-19d">
         <name>DL_Timer_setClockConfig</name>
         <value>0x41bd</value>
         <object_component_ref idref="oc-134"/>
      </symbol>
      <symbol id="sm-19e">
         <name>DL_Timer_initTimerMode</name>
         <value>0x2961</value>
         <object_component_ref idref="oc-13b"/>
      </symbol>
      <symbol id="sm-19f">
         <name>DL_Timer_setCaptureCompareValue</name>
         <value>0x4275</value>
         <object_component_ref idref="oc-e3"/>
      </symbol>
      <symbol id="sm-1a0">
         <name>DL_Timer_setCaptCompUpdateMethod</name>
         <value>0x41a1</value>
         <object_component_ref idref="oc-137"/>
      </symbol>
      <symbol id="sm-1a1">
         <name>DL_Timer_setCaptureCompareOutCtl</name>
         <value>0x4211</value>
         <object_component_ref idref="oc-136"/>
      </symbol>
      <symbol id="sm-1a2">
         <name>DL_Timer_initFourCCPWMMode</name>
         <value>0x275d</value>
         <object_component_ref idref="oc-135"/>
      </symbol>
      <symbol id="sm-1af">
         <name>DL_UART_init</name>
         <value>0x3cf1</value>
         <object_component_ref idref="oc-150"/>
      </symbol>
      <symbol id="sm-1b0">
         <name>DL_UART_setClockConfig</name>
         <value>0x4251</value>
         <object_component_ref idref="oc-14a"/>
      </symbol>
      <symbol id="sm-1c4">
         <name>printf</name>
         <value>0x3861</value>
         <object_component_ref idref="oc-f8"/>
      </symbol>
      <symbol id="sm-20d">
         <name>__TI_printfi</name>
         <value>0xd31</value>
         <object_component_ref idref="oc-194"/>
      </symbol>
      <symbol id="sm-218">
         <name>__aeabi_errno_addr</name>
         <value>0x4315</value>
         <object_component_ref idref="oc-1b2"/>
      </symbol>
      <symbol id="sm-219">
         <name>__aeabi_errno</name>
         <value>0x20200860</value>
         <object_component_ref idref="oc-1d5"/>
      </symbol>
      <symbol id="sm-222">
         <name>_nop</name>
         <value>0x3163</value>
         <object_component_ref idref="oc-178"/>
      </symbol>
      <symbol id="sm-223">
         <name>_lock</name>
         <value>0x20200864</value>
         <object_component_ref idref="oc-125"/>
      </symbol>
      <symbol id="sm-224">
         <name>_unlock</name>
         <value>0x20200868</value>
         <object_component_ref idref="oc-128"/>
      </symbol>
      <symbol id="sm-22d">
         <name>__TI_ltoa</name>
         <value>0x3915</value>
         <object_component_ref idref="oc-1eb"/>
      </symbol>
      <symbol id="sm-238">
         <name>atoi</name>
         <value>0x3e01</value>
         <object_component_ref idref="oc-1aa"/>
      </symbol>
      <symbol id="sm-23d">
         <name>_ftable</name>
         <value>0x2020071c</value>
         <object_component_ref idref="oc-161"/>
      </symbol>
      <symbol id="sm-246">
         <name>memccpy</name>
         <value>0x411d</value>
         <object_component_ref idref="oc-1a3"/>
      </symbol>
      <symbol id="sm-252">
         <name>_c_int00_noargs</name>
         <value>0x40a9</value>
         <object_component_ref idref="oc-5b"/>
      </symbol>
      <symbol id="sm-253">
         <name>__stack</name>
         <value>0x20207e00</value>
         <object_component_ref idref="oc-1a"/>
      </symbol>
      <symbol id="sm-25f">
         <name>__TI_auto_init_nobinit_nopinit</name>
         <value>0x3f35</value>
         <object_component_ref idref="oc-b2"/>
      </symbol>
      <symbol id="sm-267">
         <name>_system_pre_init</name>
         <value>0x4343</value>
         <object_component_ref idref="oc-75"/>
      </symbol>
      <symbol id="sm-272">
         <name>__TI_zero_init</name>
         <value>0x4295</value>
         <object_component_ref idref="oc-58"/>
      </symbol>
      <symbol id="sm-27b">
         <name>__TI_decompress_none</name>
         <value>0x4263</value>
         <object_component_ref idref="oc-20"/>
      </symbol>
      <symbol id="sm-286">
         <name>__TI_decompress_lzss</name>
         <value>0x3399</value>
         <object_component_ref idref="oc-1c"/>
      </symbol>
      <symbol id="sm-291">
         <name>frexp</name>
         <value>0x3805</value>
         <object_component_ref idref="oc-1df"/>
      </symbol>
      <symbol id="sm-292">
         <name>frexpl</name>
         <value>0x3805</value>
         <object_component_ref idref="oc-1df"/>
      </symbol>
      <symbol id="sm-29c">
         <name>scalbn</name>
         <value>0x2d1d</value>
         <object_component_ref idref="oc-1e3"/>
      </symbol>
      <symbol id="sm-29d">
         <name>ldexp</name>
         <value>0x2d1d</value>
         <object_component_ref idref="oc-1e3"/>
      </symbol>
      <symbol id="sm-29e">
         <name>scalbnl</name>
         <value>0x2d1d</value>
         <object_component_ref idref="oc-1e3"/>
      </symbol>
      <symbol id="sm-29f">
         <name>ldexpl</name>
         <value>0x2d1d</value>
         <object_component_ref idref="oc-1e3"/>
      </symbol>
      <symbol id="sm-2a8">
         <name>wcslen</name>
         <value>0x4285</value>
         <object_component_ref idref="oc-1ae"/>
      </symbol>
      <symbol id="sm-2ab">
         <name>__aeabi_ctype_table_</name>
         <value>0x4350</value>
         <object_component_ref idref="oc-1ce"/>
      </symbol>
      <symbol id="sm-2ac">
         <name>__aeabi_ctype_table_C</name>
         <value>0x4350</value>
         <object_component_ref idref="oc-1ce"/>
      </symbol>
      <symbol id="sm-2b6">
         <name>abort</name>
         <value>0x4335</value>
         <object_component_ref idref="oc-ab"/>
      </symbol>
      <symbol id="sm-2bf">
         <name>HOSTexit</name>
         <value>0x433b</value>
         <object_component_ref idref="oc-11f"/>
      </symbol>
      <symbol id="sm-2c0">
         <name>C$$EXIT</name>
         <value>0x433a</value>
         <object_component_ref idref="oc-11f"/>
      </symbol>
      <symbol id="sm-2d0">
         <name>__aeabi_fadd</name>
         <value>0x2dff</value>
         <object_component_ref idref="oc-10e"/>
      </symbol>
      <symbol id="sm-2d1">
         <name>__addsf3</name>
         <value>0x2dff</value>
         <object_component_ref idref="oc-10e"/>
      </symbol>
      <symbol id="sm-2d2">
         <name>__aeabi_fsub</name>
         <value>0x2df5</value>
         <object_component_ref idref="oc-10e"/>
      </symbol>
      <symbol id="sm-2d3">
         <name>__subsf3</name>
         <value>0x2df5</value>
         <object_component_ref idref="oc-10e"/>
      </symbol>
      <symbol id="sm-2d9">
         <name>__aeabi_dadd</name>
         <value>0x1ec3</value>
         <object_component_ref idref="oc-208"/>
      </symbol>
      <symbol id="sm-2da">
         <name>__adddf3</name>
         <value>0x1ec3</value>
         <object_component_ref idref="oc-208"/>
      </symbol>
      <symbol id="sm-2db">
         <name>__aeabi_dsub</name>
         <value>0x1eb9</value>
         <object_component_ref idref="oc-208"/>
      </symbol>
      <symbol id="sm-2dc">
         <name>__subdf3</name>
         <value>0x1eb9</value>
         <object_component_ref idref="oc-208"/>
      </symbol>
      <symbol id="sm-2e5">
         <name>__aeabi_dmul</name>
         <value>0x2b55</value>
         <object_component_ref idref="oc-1f4"/>
      </symbol>
      <symbol id="sm-2e6">
         <name>__muldf3</name>
         <value>0x2b55</value>
         <object_component_ref idref="oc-1f4"/>
      </symbol>
      <symbol id="sm-2ec">
         <name>__muldsi3</name>
         <value>0x3fad</value>
         <object_component_ref idref="oc-169"/>
      </symbol>
      <symbol id="sm-2f2">
         <name>__aeabi_fmul</name>
         <value>0x3289</value>
         <object_component_ref idref="oc-106"/>
      </symbol>
      <symbol id="sm-2f3">
         <name>__mulsf3</name>
         <value>0x3289</value>
         <object_component_ref idref="oc-106"/>
      </symbol>
      <symbol id="sm-2f9">
         <name>__aeabi_fdiv</name>
         <value>0x3315</value>
         <object_component_ref idref="oc-102"/>
      </symbol>
      <symbol id="sm-2fa">
         <name>__divsf3</name>
         <value>0x3315</value>
         <object_component_ref idref="oc-102"/>
      </symbol>
      <symbol id="sm-300">
         <name>__aeabi_ddiv</name>
         <value>0x2651</value>
         <object_component_ref idref="oc-204"/>
      </symbol>
      <symbol id="sm-301">
         <name>__divdf3</name>
         <value>0x2651</value>
         <object_component_ref idref="oc-204"/>
      </symbol>
      <symbol id="sm-307">
         <name>__aeabi_f2d</name>
         <value>0x3dc1</value>
         <object_component_ref idref="oc-10a"/>
      </symbol>
      <symbol id="sm-308">
         <name>__extendsfdf2</name>
         <value>0x3dc1</value>
         <object_component_ref idref="oc-10a"/>
      </symbol>
      <symbol id="sm-30e">
         <name>__aeabi_d2iz</name>
         <value>0x3ca5</value>
         <object_component_ref idref="oc-1e7"/>
      </symbol>
      <symbol id="sm-30f">
         <name>__fixdfsi</name>
         <value>0x3ca5</value>
         <object_component_ref idref="oc-1e7"/>
      </symbol>
      <symbol id="sm-315">
         <name>__aeabi_f2iz</name>
         <value>0x3fe9</value>
         <object_component_ref idref="oc-112"/>
      </symbol>
      <symbol id="sm-316">
         <name>__fixsfsi</name>
         <value>0x3fe9</value>
         <object_component_ref idref="oc-112"/>
      </symbol>
      <symbol id="sm-31c">
         <name>__aeabi_i2d</name>
         <value>0x407d</value>
         <object_component_ref idref="oc-1ef"/>
      </symbol>
      <symbol id="sm-31d">
         <name>__floatsidf</name>
         <value>0x407d</value>
         <object_component_ref idref="oc-1ef"/>
      </symbol>
      <symbol id="sm-323">
         <name>__aeabi_i2f</name>
         <value>0x3e81</value>
         <object_component_ref idref="oc-fe"/>
      </symbol>
      <symbol id="sm-324">
         <name>__floatsisf</name>
         <value>0x3e81</value>
         <object_component_ref idref="oc-fe"/>
      </symbol>
      <symbol id="sm-32a">
         <name>__aeabi_lmul</name>
         <value>0x40f9</value>
         <object_component_ref idref="oc-1b7"/>
      </symbol>
      <symbol id="sm-32b">
         <name>__muldi3</name>
         <value>0x40f9</value>
         <object_component_ref idref="oc-1b7"/>
      </symbol>
      <symbol id="sm-331">
         <name>__aeabi_dcmpeq</name>
         <value>0x35c1</value>
         <object_component_ref idref="oc-1c1"/>
      </symbol>
      <symbol id="sm-332">
         <name>__aeabi_dcmplt</name>
         <value>0x35d5</value>
         <object_component_ref idref="oc-1c1"/>
      </symbol>
      <symbol id="sm-333">
         <name>__aeabi_dcmple</name>
         <value>0x35e9</value>
         <object_component_ref idref="oc-1c1"/>
      </symbol>
      <symbol id="sm-334">
         <name>__aeabi_dcmpge</name>
         <value>0x35fd</value>
         <object_component_ref idref="oc-1c1"/>
      </symbol>
      <symbol id="sm-335">
         <name>__aeabi_dcmpgt</name>
         <value>0x3611</value>
         <object_component_ref idref="oc-1c1"/>
      </symbol>
      <symbol id="sm-33b">
         <name>__aeabi_fcmpeq</name>
         <value>0x3625</value>
         <object_component_ref idref="oc-f3"/>
      </symbol>
      <symbol id="sm-33c">
         <name>__aeabi_fcmplt</name>
         <value>0x3639</value>
         <object_component_ref idref="oc-f3"/>
      </symbol>
      <symbol id="sm-33d">
         <name>__aeabi_fcmple</name>
         <value>0x364d</value>
         <object_component_ref idref="oc-f3"/>
      </symbol>
      <symbol id="sm-33e">
         <name>__aeabi_fcmpge</name>
         <value>0x3661</value>
         <object_component_ref idref="oc-f3"/>
      </symbol>
      <symbol id="sm-33f">
         <name>__aeabi_fcmpgt</name>
         <value>0x3675</value>
         <object_component_ref idref="oc-f3"/>
      </symbol>
      <symbol id="sm-345">
         <name>__aeabi_idiv</name>
         <value>0x39c5</value>
         <object_component_ref idref="oc-21b"/>
      </symbol>
      <symbol id="sm-346">
         <name>__aeabi_idivmod</name>
         <value>0x39c5</value>
         <object_component_ref idref="oc-21b"/>
      </symbol>
      <symbol id="sm-34c">
         <name>__aeabi_memcpy</name>
         <value>0x431d</value>
         <object_component_ref idref="oc-4b"/>
      </symbol>
      <symbol id="sm-34d">
         <name>__aeabi_memcpy4</name>
         <value>0x431d</value>
         <object_component_ref idref="oc-4b"/>
      </symbol>
      <symbol id="sm-34e">
         <name>__aeabi_memcpy8</name>
         <value>0x431d</value>
         <object_component_ref idref="oc-4b"/>
      </symbol>
      <symbol id="sm-357">
         <name>__aeabi_memset</name>
         <value>0x42a5</value>
         <object_component_ref idref="oc-1a2"/>
      </symbol>
      <symbol id="sm-358">
         <name>__aeabi_memset4</name>
         <value>0x42a5</value>
         <object_component_ref idref="oc-1a2"/>
      </symbol>
      <symbol id="sm-359">
         <name>__aeabi_memset8</name>
         <value>0x42a5</value>
         <object_component_ref idref="oc-1a2"/>
      </symbol>
      <symbol id="sm-35a">
         <name>__aeabi_memclr</name>
         <value>0x42d9</value>
         <object_component_ref idref="oc-70"/>
      </symbol>
      <symbol id="sm-35b">
         <name>__aeabi_memclr4</name>
         <value>0x42d9</value>
         <object_component_ref idref="oc-70"/>
      </symbol>
      <symbol id="sm-35c">
         <name>__aeabi_memclr8</name>
         <value>0x42d9</value>
         <object_component_ref idref="oc-70"/>
      </symbol>
      <symbol id="sm-362">
         <name>__aeabi_uidiv</name>
         <value>0x3d81</value>
         <object_component_ref idref="oc-188"/>
      </symbol>
      <symbol id="sm-363">
         <name>__aeabi_uidivmod</name>
         <value>0x3d81</value>
         <object_component_ref idref="oc-188"/>
      </symbol>
      <symbol id="sm-369">
         <name>__aeabi_uldivmod</name>
         <value>0x4229</value>
         <object_component_ref idref="oc-1bc"/>
      </symbol>
      <symbol id="sm-372">
         <name>__eqsf2</name>
         <value>0x3f71</value>
         <object_component_ref idref="oc-159"/>
      </symbol>
      <symbol id="sm-373">
         <name>__lesf2</name>
         <value>0x3f71</value>
         <object_component_ref idref="oc-159"/>
      </symbol>
      <symbol id="sm-374">
         <name>__ltsf2</name>
         <value>0x3f71</value>
         <object_component_ref idref="oc-159"/>
      </symbol>
      <symbol id="sm-375">
         <name>__nesf2</name>
         <value>0x3f71</value>
         <object_component_ref idref="oc-159"/>
      </symbol>
      <symbol id="sm-376">
         <name>__cmpsf2</name>
         <value>0x3f71</value>
         <object_component_ref idref="oc-159"/>
      </symbol>
      <symbol id="sm-377">
         <name>__gtsf2</name>
         <value>0x3ebd</value>
         <object_component_ref idref="oc-15e"/>
      </symbol>
      <symbol id="sm-378">
         <name>__gesf2</name>
         <value>0x3ebd</value>
         <object_component_ref idref="oc-15e"/>
      </symbol>
      <symbol id="sm-37e">
         <name>__udivmoddi4</name>
         <value>0x2f89</value>
         <object_component_ref idref="oc-1da"/>
      </symbol>
      <symbol id="sm-384">
         <name>__aeabi_llsl</name>
         <value>0x4181</value>
         <object_component_ref idref="oc-20f"/>
      </symbol>
      <symbol id="sm-385">
         <name>__ashldi3</name>
         <value>0x4181</value>
         <object_component_ref idref="oc-20f"/>
      </symbol>
      <symbol id="sm-393">
         <name>__ledf2</name>
         <value>0x34f1</value>
         <object_component_ref idref="oc-1fc"/>
      </symbol>
      <symbol id="sm-394">
         <name>__gedf2</name>
         <value>0x3415</value>
         <object_component_ref idref="oc-202"/>
      </symbol>
      <symbol id="sm-395">
         <name>__cmpdf2</name>
         <value>0x34f1</value>
         <object_component_ref idref="oc-1fc"/>
      </symbol>
      <symbol id="sm-396">
         <name>__eqdf2</name>
         <value>0x34f1</value>
         <object_component_ref idref="oc-1fc"/>
      </symbol>
      <symbol id="sm-397">
         <name>__ltdf2</name>
         <value>0x34f1</value>
         <object_component_ref idref="oc-1fc"/>
      </symbol>
      <symbol id="sm-398">
         <name>__nedf2</name>
         <value>0x34f1</value>
         <object_component_ref idref="oc-1fc"/>
      </symbol>
      <symbol id="sm-399">
         <name>__gtdf2</name>
         <value>0x3415</value>
         <object_component_ref idref="oc-202"/>
      </symbol>
      <symbol id="sm-3a5">
         <name>__aeabi_idiv0</name>
         <value>0x2b53</value>
         <object_component_ref idref="oc-19b"/>
      </symbol>
      <symbol id="sm-3a6">
         <name>__aeabi_ldiv0</name>
         <value>0x302b</value>
         <object_component_ref idref="oc-20e"/>
      </symbol>
      <symbol id="sm-3bf">
         <name>memcpy</name>
         <value>0x30c9</value>
         <object_component_ref idref="oc-8b"/>
      </symbol>
      <symbol id="sm-3ce">
         <name>memset</name>
         <value>0x3687</value>
         <object_component_ref idref="oc-ca"/>
      </symbol>
      <symbol id="sm-3cf">
         <name>__TI_static_base__</name>
         <value>0x0</value>
      </symbol>
      <symbol id="sm-3d3">
         <name>__mpu_init</name>
         <value>0x0</value>
      </symbol>
      <symbol id="sm-3d4">
         <name>_system_post_cinit</name>
         <value>0x0</value>
      </symbol>
   </symbol_table>
   <title>Link successful</title>
</link_info>
