******************************************************************************
            TI ARM Clang Linker PC v4.0.4                      
******************************************************************************
>> Linked Wed Jul 22 10:16:53 2026

OUTPUT FILE NAME:   <A1_UpdataMotor.out>
ENTRY POINT SYMBOL: "_c_int00_noargs"  address: 0000669d


MEMORY CONFIGURATION

         name            origin    length      used     unused   attr    fill
----------------------  --------  ---------  --------  --------  ----  --------
  FLASH                 00000000   00020000  00007098  00018f68  R  X
  SRAM                  20200000   00008000  00002788  00005878  RW X
  BCR_CONFIG            41c00000   000000ff  00000000  000000ff  R   
  BSL_CONFIG            41c00100   00000080  00000000  00000080  R   


SEGMENT ALLOCATION MAP

run origin  load origin   length   init length attrs members
----------  ----------- ---------- ----------- ----- -------
00000000    00000000    00007098   00007098    r-x
  00000000    00000000    000000c0   000000c0    r-- .intvecs
  000000c0    000000c0    000068f0   000068f0    r-x .text
  000069b0    000069b0    00000670   00000670    r-- .rodata
  00007020    00007020    00000078   00000078    r-- .cinit
20200000    20200000    00002588   00000000    rw-
  20200000    20200000    000023ec   00000000    rw- .bss
  202023ec    202023ec    0000019c   00000000    rw- .data
20207e00    20207e00    00000200   00000000    rw-
  20207e00    20207e00    00000200   00000000    rw- .stack


SECTION ALLOCATION MAP

 output                                  attributes/
section   page    origin      length       input sections
--------  ----  ----------  ----------   ----------------
.intvecs   0    00000000    000000c0     
                  00000000    000000c0     startup_mspm0g350x_ticlang.o (.intvecs)

.text      0    000000c0    000068f0     
                  000000c0    00000c70     oled.o (.text.OLED_Clear)
                  00000d30    00000b64     IMU.o (.text.IMU_getYawPitchRoll)
                  00001894    000009d0     libc.a : _printfi.c.obj (.text:__TI_printfi)
                  00002264    00000890     empty.o (.text.task4)
                  00002af4    0000053c     empty.o (.text.task3)
                  00003030    000003bc     oled.o (.text.OLED_WR_Byte)
                  000033ec    00000228     empty.o (.text.task1)
                  00003614    00000220     libc.a : _printfi.c.obj (.text._pconv_a)
                  00003834    000001dc            : _printfi.c.obj (.text._pconv_g)
                  00003a10    000001c8            : s_atanf.c.obj (.text.atanf)
                  00003bd8    00000198     empty.o (.text.main)
                  00003d70    00000192     libclang_rt.builtins.a : adddf3.S.obj (.text.adddf3_subdf3)
                  00003f02    00000002     startup_mspm0g350x_ticlang.o (.text.Default_Handler)
                  00003f04    00000170     libc.a : e_sqrt.c.obj (.text.sqrt)
                  00004074    00000164     ti_msp_dl_config.o (.text.SYSCFG_DL_GPIO_init)
                  000041d8    00000160     libc.a : e_asinf.c.obj (.text.asinf)
                  00004338    0000013c            : _printfi.c.obj (.text.fcvt)
                  00004474    00000120     I2C_communication.o (.text.I2C_ReadReg)
                  00004594    00000120     libc.a : _printfi.c.obj (.text._pconv_e)
                  000046b4    00000118            : e_atan2f.c.obj (.text.atan2f)
                  000047cc    00000114     key.o (.text.key_read)
                  000048e0    0000010c     libclang_rt.builtins.a : divdf3.S.obj (.text.__divdf3)
                  000049ec    00000104     driverlib.a : dl_timer.o (.text.DL_Timer_initFourCCPWMMode)
                  00004af0    000000fc                 : dl_timer.o (.text.DL_Timer_initTimerMode)
                  00004bec    000000f6     oled.o (.text.OLED_Init)
                  00004ce2    00000002     libclang_rt.builtins.a : aeabi_div0.c.obj (.text.__aeabi_idiv0)
                  00004ce4    000000f0     Motor.o (.text.Motor_SetSpeed)
                  00004dd4    000000ec     icm42688.o (.text.ICM42688_ReadMotion6)
                  00004ec0    000000e4     libclang_rt.builtins.a : muldf3.S.obj (.text.__muldf3)
                  00004fa4    000000d8     libc.a : s_scalbn.c.obj (.text.scalbn)
                  0000507c    000000d8     libclang_rt.builtins.a : addsf3.S.obj (.text)
                  00005154    000000c0     I2C_communication.o (.text.I2C_WriteReg)
                  00005214    000000bc     delay.o (.text.delay_ms)
                  000052d0    000000a2     libclang_rt.builtins.a : udivmoddi4.S.obj (.text)
                  00005372    00000002                            : aeabi_div0.c.obj (.text.__aeabi_ldiv0)
                  00005374    0000009c     ti_msp_dl_config.o (.text.SYSCFG_DL_PWM_0_init)
                  00005410    0000009a     libc.a : memcpy16.S.obj (.text:memcpy)
                  000054aa    00000002            : _lock.c.obj (.text._nop)
                  000054ac    00000098     Motor.o (.text.Motor_Encoder_UpdateSpeed)
                  00005544    0000008c     libclang_rt.builtins.a : mulsf3.S.obj (.text.__mulsf3)
                  000055d0    00000088     Motor.o (.text.Motor_PID_Calculate)
                  00005658    00000088     ti_msp_dl_config.o (.text.SYSCFG_DL_initPower)
                  000056e0    00000082     libclang_rt.builtins.a : divsf3.S.obj (.text.__divsf3)
                  00005762    00000002     --HOLE-- [fill = 0]
                  00005764    0000007c     libc.a : copy_decompress_lzss.c.obj (.text:decompress:lzss)
                  000057e0    00000074     libclang_rt.builtins.a : comparedf2.c.obj (.text.__gedf2)
                  00005854    0000000c     Motor.o (.text.Motor_Enable)
                  00005860    00000074     libclang_rt.builtins.a : truncdfsf2.S.obj (.text.__truncdfsf2)
                  000058d4    00000068     ti_msp_dl_config.o (.text.SYSCFG_DL_QEI_0_init)
                  0000593c    00000068     libclang_rt.builtins.a : comparedf2.c.obj (.text.__ledf2)
                  000059a4    00000066     libc.a : _printfi.c.obj (.text._mcpy)
                  00005a0a    00000002     --HOLE-- [fill = 0]
                  00005a0c    00000062     libclang_rt.builtins.a : aeabi_dcmp.S.obj (.text.__aeabi_dcmp)
                  00005a6e    00000002     --HOLE-- [fill = 0]
                  00005a70    00000062                            : aeabi_fcmp.S.obj (.text.__aeabi_fcmp)
                  00005ad2    00000062     libc.a : memset16.S.obj (.text:memset)
                  00005b34    00000060     icm42688.o (.text.ICM42688_ReadTemperature)
                  00005b94    00000060     ti_msp_dl_config.o (.text.SYSCFG_DL_UART_ICM_init)
                  00005bf4    00000060     ti_msp_dl_config.o (.text.SYSCFG_DL_UART_XG_init)
                  00005c54    0000005e     driverlib.a : dl_i2c.o (.text.DL_I2C_fillControllerTXFIFO)
                  00005cb2    00000002     --HOLE-- [fill = 0]
                  00005cb4    0000005c     icm42688.o (.text.ICM42688_ReadAccelRaw)
                  00005d10    0000005c     icm42688.o (.text.ICM42688_ReadGyroRaw)
                  00005d6c    0000005c     libc.a : s_frexp.c.obj (.text.frexp)
                  00005dc8    0000005c            : printf.c.obj (.text.printf)
                  00005e24    00000058     ti_msp_dl_config.o (.text.SYSCFG_DL_TIMER_GB_init)
                  00005e7c    00000058     ti_msp_dl_config.o (.text.SYSCFG_DL_init)
                  00005ed4    00000058     Motor.o (.text.TIMG8_IRQHandler)
                  00005f2c    00000058     libc.a : _ltoa.c.obj (.text.__TI_ltoa)
                  00005f84    00000058            : _printfi.c.obj (.text._pconv_f)
                  00005fdc    00000056     libclang_rt.builtins.a : aeabi_idivmod.S.obj (.text.__aeabi_idivmod)
                  00006032    00000002     --HOLE-- [fill = 0]
                  00006034    00000054     ti_msp_dl_config.o (.text.SYSCFG_DL_I2C_1_init)
                  00006088    00000054     ti_msp_dl_config.o (.text.SYSCFG_DL_SYSCTL_init)
                  000060dc    00000052     libc.a : _printfi.c.obj (.text._ecpy)
                  0000612e    00000002     --HOLE-- [fill = 0]
                  00006130    00000050     Motor.o (.text.GROUP1_IRQHandler)
                  00006180    0000004c     Motor.o (.text.Motor_Disable)
                  000061cc    0000004c     Motor.o (.text.Motor_Encoder_Init)
                  00006218    0000004a     libclang_rt.builtins.a : fixdfsi.S.obj (.text.__fixdfsi)
                  00006262    00000002     --HOLE-- [fill = 0]
                  00006264    00000048     driverlib.a : dl_uart.o (.text.DL_UART_init)
                  000062ac    00000048     ti_msp_dl_config.o (.text.SYSCFG_DL_TIMER_count_init)
                  000062f4    00000044     empty.o (.text.puts)
                  00006338    00000040     libclang_rt.builtins.a : aeabi_uidivmod.S.obj (.text.__aeabi_uidivmod)
                  00006378    00000040                            : extendsfdf2.S.obj (.text.__extendsfdf2)
                  000063b8    00000040     libc.a : atoi.c.obj (.text.atoi)
                  000063f8    00000040     delay.o (.text.delay_us)
                  00006438    0000003c     driverlib.a : dl_i2c.o (.text.DL_I2C_flushControllerTXFIFO)
                  00006474    0000003c     libclang_rt.builtins.a : floatsisf.S.obj (.text.__floatsisf)
                  000064b0    0000003c                            : comparesf2.S.obj (.text.__gtsf2)
                  000064ec    0000003c     empty.o (.text.fputs)
                  00006528    0000003c     libc.a : autoinit.c.obj (.text:__TI_auto_init_nobinit_nopinit)
                  00006564    0000003a     libclang_rt.builtins.a : comparesf2.S.obj (.text.__eqsf2)
                  0000659e    00000002     --HOLE-- [fill = 0]
                  000065a0    0000003a                            : muldsi3.S.obj (.text.__muldsi3)
                  000065da    00000002     --HOLE-- [fill = 0]
                  000065dc    00000038                            : fixsfsi.S.obj (.text.__fixsfsi)
                  00006614    00000030     libc.a : _printfi.c.obj (.text._fcpy)
                  00006644    0000002c     ti_msp_dl_config.o (.text.SYSCFG_DL_TIMER_0_init)
                  00006670    0000002c     libclang_rt.builtins.a : floatsidf.S.obj (.text.__floatsidf)
                  0000669c    00000028     libc.a : boot_cortex_m.c.obj (.text:_c_int00_noargs)
                  000066c4    00000026     driverlib.a : dl_i2c.o (.text.DL_I2C_setClockConfig)
                  000066ea    00000002     --HOLE-- [fill = 0]
                  000066ec    00000024     Motor.o (.text.Motor_ResetLeftEncoder)
                  00006710    00000024     libclang_rt.builtins.a : muldi3.S.obj (.text.__muldi3)
                  00006734    00000022     libc.a : memccpy.c.obj (.text.memccpy)
                  00006756    00000002     --HOLE-- [fill = 0]
                  00006758    00000020     empty.o (.text.TIMG7_IRQHandler)
                  00006778    00000020     empty.o (.text.fputc)
                  00006798    0000001e     libclang_rt.builtins.a : ashldi3.S.obj (.text.__ashldi3)
                  000067b6    00000002     --HOLE-- [fill = 0]
                  000067b8    0000001c     driverlib.a : dl_timer.o (.text.DL_Timer_setCaptCompUpdateMethod)
                  000067d4    0000001c                 : dl_timer.o (.text.DL_Timer_setClockConfig)
                  000067f0    0000001c     Motor.o (.text.Motor_ResetRightEncoder)
                  0000680c    00000018     driverlib.a : dl_timer.o (.text.DL_Timer_setCaptureCompareOutCtl)
                  00006824    00000014     libclang_rt.builtins.a : aeabi_uldivmod.S.obj (.text.__aeabi_uldivmod)
                  00006838    00000014     libc.a : _printfi.c.obj (.text.strchr)
                  0000684c    00000012     driverlib.a : dl_uart.o (.text.DL_UART_setClockConfig)
                  0000685e    00000012     libc.a : copy_decompress_none.c.obj (.text:decompress:none)
                  00006870    00000010     driverlib.a : dl_timer.o (.text.DL_Timer_setCaptureCompareValue)
                  00006880    00000010     Motor.o (.text.Motor_PID_Init)
                  00006890    00000010     libc.a : wcslen.c.obj (.text.wcslen)
                  000068a0    00000010            : copy_zero_init.c.obj (.text:decompress:ZI)
                  000068b0    0000000e     libclang_rt.builtins.a : aeabi_memset.S.obj (.text.__aeabi_memset)
                  000068be    0000000e     libc.a : _printfi.c.obj (.text.strlen)
                  000068cc    0000000c     Motor.o (.text.Motor_GetLeftEncoderPosition)
                  000068d8    0000000c     Motor.o (.text.Motor_GetLeftEncoderSpeed)
                  000068e4    0000000c     Motor.o (.text.Motor_GetRightEncoderPosition)
                  000068f0    0000000c     Motor.o (.text.Motor_GetRightEncoderSpeed)
                  000068fc    0000000c     libclang_rt.builtins.a : aeabi_memset.S.obj (.text.__aeabi_memclr)
                  00006908    0000000a     driverlib.a : dl_common.o (.text.DL_Common_delayCycles)
                  00006912    0000000a     libc.a : _printfi.c.obj (.text.OUTLINED_FUNCTION_0)
                  0000691c    00000010     libclang_rt.builtins.a : adddf3.S.obj (.tramp.__aeabi_dsub.1)
                  0000692c    0000000a     libc.a : _printfi.c.obj (.text.OUTLINED_FUNCTION_1)
                  00006936    00000002     --HOLE-- [fill = 0]
                  00006938    00000008            : aeabi_portable.c.obj (.text.__aeabi_errno_addr)
                  00006940    00000008     libclang_rt.builtins.a : aeabi_memcpy.S.obj (.text.__aeabi_memcpy)
                  00006948    00000008     libc.a : printf.c.obj (.text._outc)
                  00006950    00000008            : printf.c.obj (.text._outs)
                  00006958    00000006            : e_asinf.c.obj (.text.OUTLINED_FUNCTION_0)
                  0000695e    00000002     --HOLE-- [fill = 0]
                  00006960    00000010     libclang_rt.builtins.a : mulsf3.S.obj (.tramp.__aeabi_fmul.1)
                  00006970    00000006     libc.a : s_atanf.c.obj (.text.OUTLINED_FUNCTION_0)
                  00006976    00000002     --HOLE-- [fill = 0]
                  00006978    00000010     libclang_rt.builtins.a : divsf3.S.obj (.tramp.__aeabi_fdiv.1)
                  00006988    00000006     libc.a : exit.c.obj (.text:abort)
                  0000698e    00000004     libsysbm.a : hostexit.c.obj (.text.HOSTexit)
                  00006992    00000004     libc.a : s_atanf.c.obj (.text.OUTLINED_FUNCTION_1)
                  00006996    00000002     --HOLE-- [fill = 0]
                  00006998    00000010     libclang_rt.builtins.a : addsf3.S.obj (.tramp.__aeabi_fadd.1)
                  000069a8    00000004     startup_mspm0g350x_ticlang.o (.text.Reset_Handler)
                  000069ac    00000004     libc.a : pre_init.c.obj (.text._system_pre_init)

.cinit     0    00007020    00000078     
                  00007020    00000050     (.cinit..data.load) [load image, compression = lzss]
                  00007070    0000000c     (__TI_handler_table)
                  0000707c    00000008     (.cinit..bss.load) [load image, compression = zero_init]
                  00007084    00000010     (__TI_cinit_table)
                  00007094    00000004     --HOLE-- [fill = 0]

.rodata    0    000069b0    00000670     
                  000069b0    00000101     libc.a : aeabi_ctype.S.obj (.rodata:__aeabi_ctype_table_)
                  00006ab1    0000003d     empty.o (.rodata.str1.1204102649501173409.1)
                  00006aee    00000034     empty.o (.rodata.str1.17669528882079347314.1)
                  00006b22    0000002e     empty.o (.rodata.str1.8138751173933995641.1)
                  00006b50    0000002c     empty.o (.rodata.str1.16540053586198924230.1)
                  00006b7c    0000002c     empty.o (.rodata.str1.659160475849009062.1)
                  00006ba8    0000002a     empty.o (.rodata.str1.15170238581331914936.1)
                  00006bd2    0000002a     empty.o (.rodata.str1.15538257414965686765.1)
                  00006bfc    0000002a     empty.o (.rodata.str1.1595539020582199167.1)
                  00006c26    00000029     empty.o (.rodata.str1.7386103758396746866.1)
                  00006c4f    00000028     empty.o (.rodata.str1.18128381446550430013.1)
                  00006c77    00000024     empty.o (.rodata.str1.10168138491659581430.1)
                  00006c9b    00000024     empty.o (.rodata.str1.14420638908902022346.1)
                  00006cbf    00000024     empty.o (.rodata.str1.16130989582230601404.1)
                  00006ce3    00000024     empty.o (.rodata.str1.5464332567690685105.1)
                  00006d07    00000024     I2C_communication.o (.rodata.str1.8223146214621439739.1)
                  00006d2b    00000022     empty.o (.rodata.str1.14745402310543317979.1)
                  00006d4d    00000022     empty.o (.rodata.str1.254342170260855183.1)
                  00006d6f    00000021     empty.o (.rodata.str1.12074601866698810688.1)
                  00006d90    00000021     empty.o (.rodata.str1.17686411042290499047.1)
                  00006db1    00000021     empty.o (.rodata.str1.9410084661655729462.1)
                  00006dd2    00000002     ti_msp_dl_config.o (.rodata.gI2C_1ClockConfig)
                  00006dd4    00000020     libc.a : s_atanf.c.obj (.rodata.cst16)
                  00006df4    00000020     I2C_communication.o (.rodata.str1.13491109623432757039.1)
                  00006e14    0000001f     empty.o (.rodata.str1.16774498343973984292.1)
                  00006e33    0000001d     empty.o (.rodata.str1.10059295903439925133.1)
                  00006e50    0000001d     empty.o (.rodata.str1.17102900359786703537.1)
                  00006e6d    0000001a     empty.o (.rodata.str1.11686650606740187310.1)
                  00006e87    0000001a     empty.o (.rodata.str1.14685083708502177989.1)
                  00006ea1    0000001a     empty.o (.rodata.str1.17820644107530448854.1)
                  00006ebb    0000001a     empty.o (.rodata.str1.5100843677217179155.1)
                  00006ed5    00000019     I2C_communication.o (.rodata.str1.14405379250062671534.1)
                  00006eee    00000019     I2C_communication.o (.rodata.str1.2900849527852411099.1)
                  00006f07    00000018     empty.o (.rodata.str1.4797153637513493350.1)
                  00006f1f    00000018     empty.o (.rodata.str1.8103808536162359595.1)
                  00006f37    00000017     empty.o (.rodata.str1.15930989295766594416.1)
                  00006f4e    00000002     ti_msp_dl_config.o (.rodata.gUART_ICMClockConfig)
                  00006f50    00000014     ti_msp_dl_config.o (.rodata.gTIMER_0TimerConfig)
                  00006f64    00000014     ti_msp_dl_config.o (.rodata.gTIMER_GBTimerConfig)
                  00006f78    00000014     ti_msp_dl_config.o (.rodata.gTIMER_countTimerConfig)
                  00006f8c    00000014     empty.o (.rodata.str1.5052992880534141007.1)
                  00006fa0    00000013     empty.o (.rodata.str1.15322187274906186488.1)
                  00006fb3    00000011     libc.a : _printfi.c.obj (.rodata.str1.10348868589481759720.1)
                  00006fc4    00000011            : _printfi.c.obj (.rodata.str1.15363888844622738466.1)
                  00006fd5    00000010     empty.o (.rodata.str1.2196762768037919588.1)
                  00006fe5    00000001     --HOLE-- [fill = 0]
                  00006fe6    0000000a     ti_msp_dl_config.o (.rodata.gUART_ICMConfig)
                  00006ff0    0000000a     ti_msp_dl_config.o (.rodata.gUART_XGConfig)
                  00006ffa    00000002     ti_msp_dl_config.o (.rodata.gUART_XGClockConfig)
                  00006ffc    00000008     ti_msp_dl_config.o (.rodata.gPWM_0Config)
                  00007004    00000003     ti_msp_dl_config.o (.rodata.gPWM_0ClockConfig)
                  00007007    00000003     ti_msp_dl_config.o (.rodata.gQEI_0ClockConfig)
                  0000700a    00000003     ti_msp_dl_config.o (.rodata.gTIMER_0ClockConfig)
                  0000700d    00000003     ti_msp_dl_config.o (.rodata.gTIMER_GBClockConfig)
                  00007010    00000003     ti_msp_dl_config.o (.rodata.gTIMER_countClockConfig)
                  00007013    0000000d     --HOLE-- [fill = 0]

.init_array 
*          0    00000000    00000000     UNINITIALIZED

.binit     0    00000000    00000000     

.bss       0    20200000    000023ec     UNINITIALIZED
                  20200000    00001c20     IMU.o (.bss.Gf)
                  20201c20    00000480     (.common:OLED_GRAM)
                  202020a0    000000bc     (.common:gPWM_0Backup)
                  2020215c    000000a0     (.common:gQEI_0Backup)
                  202021fc    000000a0     (.common:gTIMER_GBBackup)
                  2020229c    000000a0     (.common:gTIMER_countBackup)
                  2020233c    00000020     empty.o (.bss.g_speed_pid)
                  2020235c    0000001c     (.common:TTangles_gyro)
                  20202378    00000018     IMU.o (.bss.Gt)
                  20202390    00000018     IMU.o (.bss.sqGt)
                  202023a8    0000000c     empty.o (.bss.task1.ypr)
                  202023b4    0000000c     (.common:north)
                  202023c0    0000000c     (.common:west)
                  202023cc    00000004     icm42688.o (.bss.gAccelSensitivity)
                  202023d0    00000004     icm42688.o (.bss.gGyroSensitivity)
                  202023d4    00000004     (.common:exInt)
                  202023d8    00000004     (.common:eyInt)
                  202023dc    00000004     (.common:ezInt)
                  202023e0    00000004     (.common:q1)
                  202023e4    00000004     (.common:q2)
                  202023e8    00000004     (.common:q3)

.data      0    202023ec    0000019c     UNINITIALIZED
                  202023ec    000000f0     libc.a : defs.c.obj (.data._ftable)
                  202024dc    00000010     Motor.o (.data.g_left_encoder)
                  202024ec    00000010     Motor.o (.data.g_right_encoder)
                  202024fc    0000000c     key.o (.data.key1)
                  20202508    0000000c     key.o (.data.key2)
                  20202514    0000000c     key.o (.data.key3)
                  20202520    0000000c     key.o (.data.key4)
                  2020252c    00000004     IMU.o (.data.Cc)
                  20202530    00000004     IMU.o (.data.Gc)
                  20202534    00000004     IMU.o (.data.Kp)
                  20202538    00000004     empty.o (.data.Timer_count)
                  2020253c    00000004     libc.a : aeabi_portable.c.obj (.data.__aeabi_errno)
                  20202540    00000004            : _lock.c.obj (.data._lock)
                  20202544    00000004            : _lock.c.obj (.data._unlock)
                  20202548    00000004     Motor.o (.data.g_capture_interrupt_count)
                  2020254c    00000004     Motor.o (.data.g_left_last_pos)
                  20202550    00000004     Motor.o (.data.g_left_raw_accum)
                  20202554    00000004     Motor.o (.data.g_right_last_pos)
                  20202558    00000004     empty.o (.data.g_speed_target)
                  2020255c    00000004     IMU.o (.data.go.0)
                  20202560    00000004     IMU.o (.data.go.1)
                  20202564    00000004     IMU.o (.data.go.2)
                  20202568    00000004     IMU.o (.data.q0)
                  2020256c    00000004     empty.o (.data.task4.last_left_pos)
                  20202570    00000004     empty.o (.data.task4.last_right_pos)
                  20202574    00000004     empty.o (.data.task4.print_count)
                  20202578    00000002     Motor.o (.data.g_left_speed)
                  2020257a    00000002     Motor.o (.data.g_right_speed)
                  2020257c    00000002     Motor.o (.data.g_target_left_speed)
                  2020257e    00000002     Motor.o (.data.g_target_right_speed)
                  20202580    00000001     IMU.o (.data.Gif)
                  20202581    00000001     icm42688.o (.data.gCurrentBank)
                  20202582    00000001     empty.o (.data.g_speed_loop_active)
                  20202583    00000001     empty.o (.data.g_speed_print_cnt)
                  20202584    00000001     key.o (.data.key_read.last_status)
                  20202585    00000001     empty.o (.data.task1.state)
                  20202586    00000001     empty.o (.data.task3.first)
                  20202587    00000001     empty.o (.data.task4.state)

.stack     0    20207e00    00000200     UNINITIALIZED
                  20207e00    00000004     libc.a : boot_cortex_m.c.obj (.stack)
                  20207e04    000001fc     --HOLE--

__llvm_prf_cnts 
*          0    20200000    00000000     UNINITIALIZED

__llvm_prf_bits 
*          0    20200000    00000000     UNINITIALIZED

MODULE SUMMARY

       Module                         code    ro data   rw data
       ------                         ----    -------   -------
    .\
       empty.o                        4684    1084      69     
       ti_msp_dl_config.o             1404    109       668    
       startup_mspm0g350x_ticlang.o   6       192       0      
    +--+------------------------------+-------+---------+---------+
       Total:                         6094    1385      737    
                                                               
    .\mylib\
       IMU.o                          2916    0         7353   
       oled.o                         4386    0         1152   
       Motor.o                        988     0         56     
       I2C_communication.o            480     118       0      
       icm42688.o                     516     0         9      
       key.o                          276     0         49     
       delay.o                        252     0         0      
    +--+------------------------------+-------+---------+---------+
       Total:                         9814    118       8619   
                                                               
    F:/TI_CCS/mspm0_sdk_2_10_00_04/source/ti/driverlib/lib/ticlang/m0p/mspm0g1x0x_g3x0x/driverlib.a
       dl_timer.o                     608     0         0      
       dl_i2c.o                       192     0         0      
       dl_uart.o                      90      0         0      
       dl_common.o                    10      0         0      
    +--+------------------------------+-------+---------+---------+
       Total:                         900     0         0      
                                                               
    F:\TI_CCS\ccs\tools\compiler\ti-cgt-armllvm_4.0.4.LTS\lib\armv6m-ti-none-eabi/c/libc.a
       _printfi.c.obj                 4510    34        0      
       s_atanf.c.obj                  466     32        0      
       e_sqrt.c.obj                   368     0         0      
       e_asinf.c.obj                  358     0         0      
       e_atan2f.c.obj                 280     0         0      
       aeabi_ctype.S.obj              0       257       0      
       defs.c.obj                     0       0         240    
       s_scalbn.c.obj                 216     0         0      
       memcpy16.S.obj                 154     0         0      
       copy_decompress_lzss.c.obj     124     0         0      
       printf.c.obj                   108     0         0      
       memset16.S.obj                 98      0         0      
       s_frexp.c.obj                  92      0         0      
       _ltoa.c.obj                    88      0         0      
       atoi.c.obj                     64      0         0      
       autoinit.c.obj                 60      0         0      
       boot_cortex_m.c.obj            40      0         0      
       memccpy.c.obj                  34      0         0      
       copy_decompress_none.c.obj     18      0         0      
       copy_zero_init.c.obj           16      0         0      
       wcslen.c.obj                   16      0         0      
       aeabi_portable.c.obj           8       0         4      
       _lock.c.obj                    2       0         8      
       exit.c.obj                     6       0         0      
       pre_init.c.obj                 4       0         0      
    +--+------------------------------+-------+---------+---------+
       Total:                         7130    323       252    
                                                               
    F:\TI_CCS\ccs\tools\compiler\ti-cgt-armllvm_4.0.4.LTS\lib\armv6m-ti-none-eabi/c/libsysbm.a
       hostexit.c.obj                 4       0         0      
    +--+------------------------------+-------+---------+---------+
       Total:                         4       0         0      
                                                               
    F:\TI_CCS\ccs\tools\compiler\ti-cgt-armllvm_4.0.4.LTS\lib\armv6m-ti-none-eabi/libclang_rt.builtins.a
       adddf3.S.obj                   418     0         0      
       divdf3.S.obj                   268     0         0      
       addsf3.S.obj                   232     0         0      
       muldf3.S.obj                   228     0         0      
       comparedf2.c.obj               220     0         0      
       udivmoddi4.S.obj               162     0         0      
       mulsf3.S.obj                   156     0         0      
       divsf3.S.obj                   146     0         0      
       comparesf2.S.obj               118     0         0      
       truncdfsf2.S.obj               116     0         0      
       aeabi_dcmp.S.obj               98      0         0      
       aeabi_fcmp.S.obj               98      0         0      
       aeabi_idivmod.S.obj            86      0         0      
       fixdfsi.S.obj                  74      0         0      
       aeabi_uidivmod.S.obj           64      0         0      
       extendsfdf2.S.obj              64      0         0      
       floatsisf.S.obj                60      0         0      
       muldsi3.S.obj                  58      0         0      
       fixsfsi.S.obj                  56      0         0      
       floatsidf.S.obj                44      0         0      
       muldi3.S.obj                   36      0         0      
       ashldi3.S.obj                  30      0         0      
       aeabi_memset.S.obj             26      0         0      
       aeabi_uldivmod.S.obj           20      0         0      
       aeabi_memcpy.S.obj             8       0         0      
       aeabi_div0.c.obj               4       0         0      
    +--+------------------------------+-------+---------+---------+
       Total:                         2890    0         0      
                                                               
       Stack:                         0       0         512    
       Linker Generated:              0       116       0      
    +--+------------------------------+-------+---------+---------+
       Grand Total:                   26832   1942      10120  


LINKER GENERATED COPY TABLES

__TI_cinit_table @ 00007084 records: 2, size/record: 8, table size: 16
	.data: load addr=00007020, load size=00000050 bytes, run addr=202023ec, run size=0000019c bytes, compression=lzss
	.bss: load addr=0000707c, load size=00000008 bytes, run addr=20200000, run size=000023ec bytes, compression=zero_init


LINKER GENERATED HANDLER TABLE

__TI_handler_table @ 00007070 records: 3, size/record: 4, table size: 12
	index: 0, handler: __TI_decompress_lzss
	index: 1, handler: __TI_decompress_none
	index: 2, handler: __TI_zero_init


FAR CALL TRAMPOLINES

callee name               trampoline name
   callee addr  tramp addr   call addr  call info
--------------  -----------  ---------  ----------------
__aeabi_dsub              $Tramp$TT$L$PI$$__aeabi_dsub
   00003d71     0000691c     0000691a   libc.a : _printfi.c.obj (.text.OUTLINED_FUNCTION_0)
__aeabi_fmul              $Tramp$TT$L$PI$$__aeabi_fmul
   00005545     00006960     0000695c   libc.a : e_asinf.c.obj (.text.OUTLINED_FUNCTION_0)
__aeabi_fdiv              $Tramp$TT$L$PI$$__aeabi_fdiv
   000056e1     00006978     00006974   libc.a : s_atanf.c.obj (.text.OUTLINED_FUNCTION_0)
__aeabi_fadd              $Tramp$TT$L$PI$$__aeabi_fadd
   00005087     00006998     00006994   libc.a : s_atanf.c.obj (.text.OUTLINED_FUNCTION_1)

[4 trampolines]
[4 trampoline calls]


GLOBAL SYMBOLS: SORTED ALPHABETICALLY BY Name 

address   name                            
-------   ----                            
00003f03  ADC0_IRQHandler                 
00003f03  ADC1_IRQHandler                 
00003f03  AES_IRQHandler                  
0000698e  C$$EXIT                         
00003f03  CANFD0_IRQHandler               
00003f03  DAC0_IRQHandler                 
00006909  DL_Common_delayCycles           
00005c55  DL_I2C_fillControllerTXFIFO     
00006439  DL_I2C_flushControllerTXFIFO    
000066c5  DL_I2C_setClockConfig           
000049ed  DL_Timer_initFourCCPWMMode      
00004af1  DL_Timer_initTimerMode          
000067b9  DL_Timer_setCaptCompUpdateMethod
0000680d  DL_Timer_setCaptureCompareOutCtl
00006871  DL_Timer_setCaptureCompareValue 
000067d5  DL_Timer_setClockConfig         
00006265  DL_UART_init                    
0000684d  DL_UART_setClockConfig          
00003f03  DMA_IRQHandler                  
00003f03  Default_Handler                 
00003f03  GROUP0_IRQHandler               
00006131  GROUP1_IRQHandler               
0000698f  HOSTexit                        
00003f03  HardFault_Handler               
00003f03  I2C0_IRQHandler                 
00003f03  I2C1_IRQHandler                 
00004475  I2C_ReadReg                     
00005155  I2C_WriteReg                    
00005cb5  ICM42688_ReadAccelRaw           
00005d11  ICM42688_ReadGyroRaw            
00004dd5  ICM42688_ReadMotion6            
00005b35  ICM42688_ReadTemperature        
00000d31  IMU_getYawPitchRoll             
20202534  Kp                              
00006181  Motor_Disable                   
00005855  Motor_Enable                    
000061cd  Motor_Encoder_Init              
000054ad  Motor_Encoder_UpdateSpeed       
000068cd  Motor_GetLeftEncoderPosition    
000068d9  Motor_GetLeftEncoderSpeed       
000068e5  Motor_GetRightEncoderPosition   
000068f1  Motor_GetRightEncoderSpeed      
000055d1  Motor_PID_Calculate             
00006881  Motor_PID_Init                  
000066ed  Motor_ResetLeftEncoder          
000067f1  Motor_ResetRightEncoder         
00004ce5  Motor_SetSpeed                  
00003f03  NMI_Handler                     
000000c1  OLED_Clear                      
20201c20  OLED_GRAM                       
00004bed  OLED_Init                       
00003031  OLED_WR_Byte                    
00003f03  PendSV_Handler                  
00003f03  RTC_IRQHandler                  
000069a9  Reset_Handler                   
00003f03  SPI0_IRQHandler                 
00003f03  SPI1_IRQHandler                 
00003f03  SVC_Handler                     
00004075  SYSCFG_DL_GPIO_init             
00006035  SYSCFG_DL_I2C_1_init            
00005375  SYSCFG_DL_PWM_0_init            
000058d5  SYSCFG_DL_QEI_0_init            
00006089  SYSCFG_DL_SYSCTL_init           
00006645  SYSCFG_DL_TIMER_0_init          
00005e25  SYSCFG_DL_TIMER_GB_init         
000062ad  SYSCFG_DL_TIMER_count_init      
00005b95  SYSCFG_DL_UART_ICM_init         
00005bf5  SYSCFG_DL_UART_XG_init          
00005e7d  SYSCFG_DL_init                  
00005659  SYSCFG_DL_initPower             
00003f03  SysTick_Handler                 
00003f03  TIMA0_IRQHandler                
00003f03  TIMA1_IRQHandler                
00003f03  TIMG0_IRQHandler                
00003f03  TIMG12_IRQHandler               
00003f03  TIMG6_IRQHandler                
00006759  TIMG7_IRQHandler                
00005ed5  TIMG8_IRQHandler                
2020235c  TTangles_gyro                   
00003f03  UART0_IRQHandler                
00003f03  UART1_IRQHandler                
00003f03  UART2_IRQHandler                
00003f03  UART3_IRQHandler                
20208000  __STACK_END                     
00000200  __STACK_SIZE                    
00000000  __TI_ATRegion0_region_sz        
00000000  __TI_ATRegion0_src_addr         
00000000  __TI_ATRegion0_trg_addr         
00000000  __TI_ATRegion1_region_sz        
00000000  __TI_ATRegion1_src_addr         
00000000  __TI_ATRegion1_trg_addr         
00000000  __TI_ATRegion2_region_sz        
00000000  __TI_ATRegion2_src_addr         
00000000  __TI_ATRegion2_trg_addr         
00007084  __TI_CINIT_Base                 
00007094  __TI_CINIT_Limit                
00007094  __TI_CINIT_Warm                 
00007070  __TI_Handler_Table_Base         
0000707c  __TI_Handler_Table_Limit        
00006529  __TI_auto_init_nobinit_nopinit  
00005765  __TI_decompress_lzss            
0000685f  __TI_decompress_none            
00005f2d  __TI_ltoa                       
ffffffff  __TI_pprof_out_hndl             
00001895  __TI_printfi                    
ffffffff  __TI_prof_data_size             
ffffffff  __TI_prof_data_start            
00000000  __TI_static_base__              
000068a1  __TI_zero_init                  
00003d7b  __adddf3                        
00005087  __addsf3                        
000069b0  __aeabi_ctype_table_            
000069b0  __aeabi_ctype_table_C           
00005861  __aeabi_d2f                     
00006219  __aeabi_d2iz                    
00003d7b  __aeabi_dadd                    
00005a0d  __aeabi_dcmpeq                  
00005a49  __aeabi_dcmpge                  
00005a5d  __aeabi_dcmpgt                  
00005a35  __aeabi_dcmple                  
00005a21  __aeabi_dcmplt                  
000048e1  __aeabi_ddiv                    
00004ec1  __aeabi_dmul                    
00003d71  __aeabi_dsub                    
2020253c  __aeabi_errno                   
00006939  __aeabi_errno_addr              
00006379  __aeabi_f2d                     
000065dd  __aeabi_f2iz                    
00005087  __aeabi_fadd                    
00005a71  __aeabi_fcmpeq                  
00005aad  __aeabi_fcmpge                  
00005ac1  __aeabi_fcmpgt                  
00005a99  __aeabi_fcmple                  
00005a85  __aeabi_fcmplt                  
000056e1  __aeabi_fdiv                    
00005545  __aeabi_fmul                    
0000507d  __aeabi_fsub                    
00006671  __aeabi_i2d                     
00006475  __aeabi_i2f                     
00005fdd  __aeabi_idiv                    
00004ce3  __aeabi_idiv0                   
00005fdd  __aeabi_idivmod                 
00005373  __aeabi_ldiv0                   
00006799  __aeabi_llsl                    
00006711  __aeabi_lmul                    
000068fd  __aeabi_memclr                  
000068fd  __aeabi_memclr4                 
000068fd  __aeabi_memclr8                 
00006941  __aeabi_memcpy                  
00006941  __aeabi_memcpy4                 
00006941  __aeabi_memcpy8                 
000068b1  __aeabi_memset                  
000068b1  __aeabi_memset4                 
000068b1  __aeabi_memset8                 
00006339  __aeabi_uidiv                   
00006339  __aeabi_uidivmod                
00006825  __aeabi_uldivmod                
00006799  __ashldi3                       
ffffffff  __binit__                       
0000593d  __cmpdf2                        
00006565  __cmpsf2                        
000048e1  __divdf3                        
000056e1  __divsf3                        
0000593d  __eqdf2                         
00006565  __eqsf2                         
00006379  __extendsfdf2                   
00006219  __fixdfsi                       
000065dd  __fixsfsi                       
00006671  __floatsidf                     
00006475  __floatsisf                     
000057e1  __gedf2                         
000064b1  __gesf2                         
000057e1  __gtdf2                         
000064b1  __gtsf2                         
0000593d  __ledf2                         
00006565  __lesf2                         
0000593d  __ltdf2                         
00006565  __ltsf2                         
UNDEFED   __mpu_init                      
00004ec1  __muldf3                        
00006711  __muldi3                        
000065a1  __muldsi3                       
00005545  __mulsf3                        
0000593d  __nedf2                         
00006565  __nesf2                         
20207e00  __stack                         
20200000  __start___llvm_prf_bits         
20200000  __start___llvm_prf_cnts         
20200000  __stop___llvm_prf_bits          
20200000  __stop___llvm_prf_cnts          
00003d71  __subdf3                        
0000507d  __subsf3                        
00005861  __truncdfsf2                    
000052d1  __udivmoddi4                    
0000669d  _c_int00_noargs                 
202023ec  _ftable                         
20202540  _lock                           
000054ab  _nop                            
UNDEFED   _system_post_cinit              
000069ad  _system_pre_init                
20202544  _unlock                         
00006989  abort                           
000041d9  asinf                           
000046b5  atan2f                          
00003a11  atanf                           
000063b9  atoi                            
ffffffff  binit                           
00005215  delay_ms                        
000063f9  delay_us                        
202023d4  exInt                           
202023d8  eyInt                           
202023dc  ezInt                           
00006779  fputc                           
000064ed  fputs                           
00005d6d  frexp                           
00005d6d  frexpl                          
202020a0  gPWM_0Backup                    
2020215c  gQEI_0Backup                    
202021fc  gTIMER_GBBackup                 
2020229c  gTIMER_countBackup              
00000000  interruptVectors                
202024fc  key1                            
20202508  key2                            
20202514  key3                            
20202520  key4                            
000047cd  key_read                        
00004fa5  ldexp                           
00004fa5  ldexpl                          
00003bd9  main                            
00006735  memccpy                         
00005411  memcpy                          
00005ad3  memset                          
202023b4  north                           
00005dc9  printf                          
000062f5  puts                            
20202568  q0                              
202023e0  q1                              
202023e4  q2                              
202023e8  q3                              
00004fa5  scalbn                          
00004fa5  scalbnl                         
00003f05  sqrt                            
00003f05  sqrtl                           
000033ed  task1                           
00002af5  task3                           
00002265  task4                           
00006891  wcslen                          
202023c0  west                            


GLOBAL SYMBOLS: SORTED BY Symbol Address 

address   name                            
-------   ----                            
00000000  __TI_ATRegion0_region_sz        
00000000  __TI_ATRegion0_src_addr         
00000000  __TI_ATRegion0_trg_addr         
00000000  __TI_ATRegion1_region_sz        
00000000  __TI_ATRegion1_src_addr         
00000000  __TI_ATRegion1_trg_addr         
00000000  __TI_ATRegion2_region_sz        
00000000  __TI_ATRegion2_src_addr         
00000000  __TI_ATRegion2_trg_addr         
00000000  __TI_static_base__              
00000000  interruptVectors                
000000c1  OLED_Clear                      
00000200  __STACK_SIZE                    
00000d31  IMU_getYawPitchRoll             
00001895  __TI_printfi                    
00002265  task4                           
00002af5  task3                           
00003031  OLED_WR_Byte                    
000033ed  task1                           
00003a11  atanf                           
00003bd9  main                            
00003d71  __aeabi_dsub                    
00003d71  __subdf3                        
00003d7b  __adddf3                        
00003d7b  __aeabi_dadd                    
00003f03  ADC0_IRQHandler                 
00003f03  ADC1_IRQHandler                 
00003f03  AES_IRQHandler                  
00003f03  CANFD0_IRQHandler               
00003f03  DAC0_IRQHandler                 
00003f03  DMA_IRQHandler                  
00003f03  Default_Handler                 
00003f03  GROUP0_IRQHandler               
00003f03  HardFault_Handler               
00003f03  I2C0_IRQHandler                 
00003f03  I2C1_IRQHandler                 
00003f03  NMI_Handler                     
00003f03  PendSV_Handler                  
00003f03  RTC_IRQHandler                  
00003f03  SPI0_IRQHandler                 
00003f03  SPI1_IRQHandler                 
00003f03  SVC_Handler                     
00003f03  SysTick_Handler                 
00003f03  TIMA0_IRQHandler                
00003f03  TIMA1_IRQHandler                
00003f03  TIMG0_IRQHandler                
00003f03  TIMG12_IRQHandler               
00003f03  TIMG6_IRQHandler                
00003f03  UART0_IRQHandler                
00003f03  UART1_IRQHandler                
00003f03  UART2_IRQHandler                
00003f03  UART3_IRQHandler                
00003f05  sqrt                            
00003f05  sqrtl                           
00004075  SYSCFG_DL_GPIO_init             
000041d9  asinf                           
00004475  I2C_ReadReg                     
000046b5  atan2f                          
000047cd  key_read                        
000048e1  __aeabi_ddiv                    
000048e1  __divdf3                        
000049ed  DL_Timer_initFourCCPWMMode      
00004af1  DL_Timer_initTimerMode          
00004bed  OLED_Init                       
00004ce3  __aeabi_idiv0                   
00004ce5  Motor_SetSpeed                  
00004dd5  ICM42688_ReadMotion6            
00004ec1  __aeabi_dmul                    
00004ec1  __muldf3                        
00004fa5  ldexp                           
00004fa5  ldexpl                          
00004fa5  scalbn                          
00004fa5  scalbnl                         
0000507d  __aeabi_fsub                    
0000507d  __subsf3                        
00005087  __addsf3                        
00005087  __aeabi_fadd                    
00005155  I2C_WriteReg                    
00005215  delay_ms                        
000052d1  __udivmoddi4                    
00005373  __aeabi_ldiv0                   
00005375  SYSCFG_DL_PWM_0_init            
00005411  memcpy                          
000054ab  _nop                            
000054ad  Motor_Encoder_UpdateSpeed       
00005545  __aeabi_fmul                    
00005545  __mulsf3                        
000055d1  Motor_PID_Calculate             
00005659  SYSCFG_DL_initPower             
000056e1  __aeabi_fdiv                    
000056e1  __divsf3                        
00005765  __TI_decompress_lzss            
000057e1  __gedf2                         
000057e1  __gtdf2                         
00005855  Motor_Enable                    
00005861  __aeabi_d2f                     
00005861  __truncdfsf2                    
000058d5  SYSCFG_DL_QEI_0_init            
0000593d  __cmpdf2                        
0000593d  __eqdf2                         
0000593d  __ledf2                         
0000593d  __ltdf2                         
0000593d  __nedf2                         
00005a0d  __aeabi_dcmpeq                  
00005a21  __aeabi_dcmplt                  
00005a35  __aeabi_dcmple                  
00005a49  __aeabi_dcmpge                  
00005a5d  __aeabi_dcmpgt                  
00005a71  __aeabi_fcmpeq                  
00005a85  __aeabi_fcmplt                  
00005a99  __aeabi_fcmple                  
00005aad  __aeabi_fcmpge                  
00005ac1  __aeabi_fcmpgt                  
00005ad3  memset                          
00005b35  ICM42688_ReadTemperature        
00005b95  SYSCFG_DL_UART_ICM_init         
00005bf5  SYSCFG_DL_UART_XG_init          
00005c55  DL_I2C_fillControllerTXFIFO     
00005cb5  ICM42688_ReadAccelRaw           
00005d11  ICM42688_ReadGyroRaw            
00005d6d  frexp                           
00005d6d  frexpl                          
00005dc9  printf                          
00005e25  SYSCFG_DL_TIMER_GB_init         
00005e7d  SYSCFG_DL_init                  
00005ed5  TIMG8_IRQHandler                
00005f2d  __TI_ltoa                       
00005fdd  __aeabi_idiv                    
00005fdd  __aeabi_idivmod                 
00006035  SYSCFG_DL_I2C_1_init            
00006089  SYSCFG_DL_SYSCTL_init           
00006131  GROUP1_IRQHandler               
00006181  Motor_Disable                   
000061cd  Motor_Encoder_Init              
00006219  __aeabi_d2iz                    
00006219  __fixdfsi                       
00006265  DL_UART_init                    
000062ad  SYSCFG_DL_TIMER_count_init      
000062f5  puts                            
00006339  __aeabi_uidiv                   
00006339  __aeabi_uidivmod                
00006379  __aeabi_f2d                     
00006379  __extendsfdf2                   
000063b9  atoi                            
000063f9  delay_us                        
00006439  DL_I2C_flushControllerTXFIFO    
00006475  __aeabi_i2f                     
00006475  __floatsisf                     
000064b1  __gesf2                         
000064b1  __gtsf2                         
000064ed  fputs                           
00006529  __TI_auto_init_nobinit_nopinit  
00006565  __cmpsf2                        
00006565  __eqsf2                         
00006565  __lesf2                         
00006565  __ltsf2                         
00006565  __nesf2                         
000065a1  __muldsi3                       
000065dd  __aeabi_f2iz                    
000065dd  __fixsfsi                       
00006645  SYSCFG_DL_TIMER_0_init          
00006671  __aeabi_i2d                     
00006671  __floatsidf                     
0000669d  _c_int00_noargs                 
000066c5  DL_I2C_setClockConfig           
000066ed  Motor_ResetLeftEncoder          
00006711  __aeabi_lmul                    
00006711  __muldi3                        
00006735  memccpy                         
00006759  TIMG7_IRQHandler                
00006779  fputc                           
00006799  __aeabi_llsl                    
00006799  __ashldi3                       
000067b9  DL_Timer_setCaptCompUpdateMethod
000067d5  DL_Timer_setClockConfig         
000067f1  Motor_ResetRightEncoder         
0000680d  DL_Timer_setCaptureCompareOutCtl
00006825  __aeabi_uldivmod                
0000684d  DL_UART_setClockConfig          
0000685f  __TI_decompress_none            
00006871  DL_Timer_setCaptureCompareValue 
00006881  Motor_PID_Init                  
00006891  wcslen                          
000068a1  __TI_zero_init                  
000068b1  __aeabi_memset                  
000068b1  __aeabi_memset4                 
000068b1  __aeabi_memset8                 
000068cd  Motor_GetLeftEncoderPosition    
000068d9  Motor_GetLeftEncoderSpeed       
000068e5  Motor_GetRightEncoderPosition   
000068f1  Motor_GetRightEncoderSpeed      
000068fd  __aeabi_memclr                  
000068fd  __aeabi_memclr4                 
000068fd  __aeabi_memclr8                 
00006909  DL_Common_delayCycles           
00006939  __aeabi_errno_addr              
00006941  __aeabi_memcpy                  
00006941  __aeabi_memcpy4                 
00006941  __aeabi_memcpy8                 
00006989  abort                           
0000698e  C$$EXIT                         
0000698f  HOSTexit                        
000069a9  Reset_Handler                   
000069ad  _system_pre_init                
000069b0  __aeabi_ctype_table_            
000069b0  __aeabi_ctype_table_C           
00007070  __TI_Handler_Table_Base         
0000707c  __TI_Handler_Table_Limit        
00007084  __TI_CINIT_Base                 
00007094  __TI_CINIT_Limit                
00007094  __TI_CINIT_Warm                 
20200000  __start___llvm_prf_bits         
20200000  __start___llvm_prf_cnts         
20200000  __stop___llvm_prf_bits          
20200000  __stop___llvm_prf_cnts          
20201c20  OLED_GRAM                       
202020a0  gPWM_0Backup                    
2020215c  gQEI_0Backup                    
202021fc  gTIMER_GBBackup                 
2020229c  gTIMER_countBackup              
2020235c  TTangles_gyro                   
202023b4  north                           
202023c0  west                            
202023d4  exInt                           
202023d8  eyInt                           
202023dc  ezInt                           
202023e0  q1                              
202023e4  q2                              
202023e8  q3                              
202023ec  _ftable                         
202024fc  key1                            
20202508  key2                            
20202514  key3                            
20202520  key4                            
20202534  Kp                              
2020253c  __aeabi_errno                   
20202540  _lock                           
20202544  _unlock                         
20202568  q0                              
20207e00  __stack                         
20208000  __STACK_END                     
ffffffff  __TI_pprof_out_hndl             
ffffffff  __TI_prof_data_size             
ffffffff  __TI_prof_data_start            
ffffffff  __binit__                       
ffffffff  binit                           
UNDEFED   __mpu_init                      
UNDEFED   _system_post_cinit              

[248 symbols]
