<?xml version="1.0" encoding="ISO-8859-1" ?>
<link_info>
   <banner>TI ARM Clang Linker PC v4.0.4.LTS</banner>
   <copyright>Copyright (c) 1996-2018 Texas Instruments Incorporated</copyright>
   <command_line>F:\TI_CCS\ccs\tools\compiler\ti-cgt-armllvm_4.0.4.LTS\bin\tiarmlnk -IF:\TI_CCS\ccs\tools\compiler\ti-cgt-armllvm_4.0.4.LTS\lib -o A1_UpdataMotor.out -mA1_UpdataMotor.map -iF:/TI_CCS/mspm0_sdk_2_10_00_04/source -iF:/TI_CCS/TI_Project/A1_UpdataMotor -iF:/TI_CCS/TI_Project/A1_UpdataMotor/Debug/syscfg -iF:/TI_CCS/ccs/tools/compiler/ti-cgt-armllvm_4.0.4.LTS/lib --diag_wrap=off --display_error_number --warn_sections --xml_link_info=A1_UpdataMotor_linkInfo.xml --rom_model ./empty.o ./ti_msp_dl_config.o ./startup_mspm0g350x_ticlang.o ./mylib/I2C_communication.o ./mylib/IMU.o ./mylib/Motor.o ./mylib/delay.o ./mylib/find.o ./mylib/icm42688.o ./mylib/key.o ./mylib/oled.o ./mylib/usart.o -l./device_linker.cmd -ldevice.cmd.genlibs -llibc.a --start-group -llibc++.a -llibc++abi.a -llibc.a -llibsys.a -llibsysbm.a -llibclang_rt.builtins.a -llibclang_rt.profile.a --end-group --cg_opt_level=2</command_line>
   <link_time>0x6a608a5e</link_time>
   <link_errors>0x0</link_errors>
   <output_file>F:\TI_CCS\TI_Project\A1_UpdataMotor\Debug\A1_UpdataMotor.out</output_file>
   <entry_point>
      <name>_c_int00_noargs</name>
      <address>0x7229</address>
   </entry_point>
   <input_file_list>
      <input_file id="fl-1">
         <path>F:\TI_CCS\TI_Project\A1_UpdataMotor\Debug\.\</path>
         <kind>object</kind>
         <file>empty.o</file>
         <name>empty.o</name>
      </input_file>
      <input_file id="fl-2">
         <path>F:\TI_CCS\TI_Project\A1_UpdataMotor\Debug\.\</path>
         <kind>object</kind>
         <file>ti_msp_dl_config.o</file>
         <name>ti_msp_dl_config.o</name>
      </input_file>
      <input_file id="fl-3">
         <path>F:\TI_CCS\TI_Project\A1_UpdataMotor\Debug\.\</path>
         <kind>object</kind>
         <file>startup_mspm0g350x_ticlang.o</file>
         <name>startup_mspm0g350x_ticlang.o</name>
      </input_file>
      <input_file id="fl-4">
         <path>F:\TI_CCS\TI_Project\A1_UpdataMotor\Debug\.\mylib\</path>
         <kind>object</kind>
         <file>I2C_communication.o</file>
         <name>I2C_communication.o</name>
      </input_file>
      <input_file id="fl-5">
         <path>F:\TI_CCS\TI_Project\A1_UpdataMotor\Debug\.\mylib\</path>
         <kind>object</kind>
         <file>IMU.o</file>
         <name>IMU.o</name>
      </input_file>
      <input_file id="fl-6">
         <path>F:\TI_CCS\TI_Project\A1_UpdataMotor\Debug\.\mylib\</path>
         <kind>object</kind>
         <file>Motor.o</file>
         <name>Motor.o</name>
      </input_file>
      <input_file id="fl-7">
         <path>F:\TI_CCS\TI_Project\A1_UpdataMotor\Debug\.\mylib\</path>
         <kind>object</kind>
         <file>delay.o</file>
         <name>delay.o</name>
      </input_file>
      <input_file id="fl-8">
         <path>F:\TI_CCS\TI_Project\A1_UpdataMotor\Debug\.\mylib\</path>
         <kind>object</kind>
         <file>find.o</file>
         <name>find.o</name>
      </input_file>
      <input_file id="fl-9">
         <path>F:\TI_CCS\TI_Project\A1_UpdataMotor\Debug\.\mylib\</path>
         <kind>object</kind>
         <file>icm42688.o</file>
         <name>icm42688.o</name>
      </input_file>
      <input_file id="fl-a">
         <path>F:\TI_CCS\TI_Project\A1_UpdataMotor\Debug\.\mylib\</path>
         <kind>object</kind>
         <file>key.o</file>
         <name>key.o</name>
      </input_file>
      <input_file id="fl-b">
         <path>F:\TI_CCS\TI_Project\A1_UpdataMotor\Debug\.\mylib\</path>
         <kind>object</kind>
         <file>oled.o</file>
         <name>oled.o</name>
      </input_file>
      <input_file id="fl-c">
         <path>F:\TI_CCS\TI_Project\A1_UpdataMotor\Debug\.\mylib\</path>
         <kind>object</kind>
         <file>usart.o</file>
         <name>usart.o</name>
      </input_file>
      <input_file id="fl-19">
         <path>F:\TI_CCS\TI_Project\A1_UpdataMotor\Debug\</path>
         <kind>object</kind>
         <file>&lt;internal&gt;</file>
         <name>&lt;internal&gt;</name>
      </input_file>
      <input_file id="fl-1a">
         <path>F:\TI_CCS\mspm0_sdk_2_10_00_04\source\ti\driverlib\lib\ticlang\m0p\mspm0g1x0x_g3x0x\</path>
         <kind>archive</kind>
         <file>driverlib.a</file>
         <name>dl_common.o</name>
      </input_file>
      <input_file id="fl-1b">
         <path>F:\TI_CCS\mspm0_sdk_2_10_00_04\source\ti\driverlib\lib\ticlang\m0p\mspm0g1x0x_g3x0x\</path>
         <kind>archive</kind>
         <file>driverlib.a</file>
         <name>dl_i2c.o</name>
      </input_file>
      <input_file id="fl-1c">
         <path>F:\TI_CCS\mspm0_sdk_2_10_00_04\source\ti\driverlib\lib\ticlang\m0p\mspm0g1x0x_g3x0x\</path>
         <kind>archive</kind>
         <file>driverlib.a</file>
         <name>dl_timer.o</name>
      </input_file>
      <input_file id="fl-1d">
         <path>F:\TI_CCS\mspm0_sdk_2_10_00_04\source\ti\driverlib\lib\ticlang\m0p\mspm0g1x0x_g3x0x\</path>
         <kind>archive</kind>
         <file>driverlib.a</file>
         <name>dl_uart.o</name>
      </input_file>
      <input_file id="fl-34">
         <path>F:\TI_CCS\ccs\tools\compiler\ti-cgt-armllvm_4.0.4.LTS\lib\armv6m-ti-none-eabi\c\</path>
         <kind>archive</kind>
         <file>libc.a</file>
         <name>e_asinf.c.obj</name>
      </input_file>
      <input_file id="fl-35">
         <path>F:\TI_CCS\ccs\tools\compiler\ti-cgt-armllvm_4.0.4.LTS\lib\armv6m-ti-none-eabi\c\</path>
         <kind>archive</kind>
         <file>libc.a</file>
         <name>e_atan2f.c.obj</name>
      </input_file>
      <input_file id="fl-36">
         <path>F:\TI_CCS\ccs\tools\compiler\ti-cgt-armllvm_4.0.4.LTS\lib\armv6m-ti-none-eabi\c\</path>
         <kind>archive</kind>
         <file>libc.a</file>
         <name>s_atanf.c.obj</name>
      </input_file>
      <input_file id="fl-37">
         <path>F:\TI_CCS\ccs\tools\compiler\ti-cgt-armllvm_4.0.4.LTS\lib\armv6m-ti-none-eabi\c\</path>
         <kind>archive</kind>
         <file>libc.a</file>
         <name>printf.c.obj</name>
      </input_file>
      <input_file id="fl-38">
         <path>F:\TI_CCS\ccs\tools\compiler\ti-cgt-armllvm_4.0.4.LTS\lib\armv6m-ti-none-eabi\c\</path>
         <kind>archive</kind>
         <file>libc.a</file>
         <name>_printfi.c.obj</name>
      </input_file>
      <input_file id="fl-39">
         <path>F:\TI_CCS\ccs\tools\compiler\ti-cgt-armllvm_4.0.4.LTS\lib\armv6m-ti-none-eabi\c\</path>
         <kind>archive</kind>
         <file>libc.a</file>
         <name>aeabi_portable.c.obj</name>
      </input_file>
      <input_file id="fl-3a">
         <path>F:\TI_CCS\ccs\tools\compiler\ti-cgt-armllvm_4.0.4.LTS\lib\armv6m-ti-none-eabi\c\</path>
         <kind>archive</kind>
         <file>libc.a</file>
         <name>_lock.c.obj</name>
      </input_file>
      <input_file id="fl-3b">
         <path>F:\TI_CCS\ccs\tools\compiler\ti-cgt-armllvm_4.0.4.LTS\lib\armv6m-ti-none-eabi\c\</path>
         <kind>archive</kind>
         <file>libc.a</file>
         <name>_ltoa.c.obj</name>
      </input_file>
      <input_file id="fl-3c">
         <path>F:\TI_CCS\ccs\tools\compiler\ti-cgt-armllvm_4.0.4.LTS\lib\armv6m-ti-none-eabi\c\</path>
         <kind>archive</kind>
         <file>libc.a</file>
         <name>assert.c.obj</name>
      </input_file>
      <input_file id="fl-3d">
         <path>F:\TI_CCS\ccs\tools\compiler\ti-cgt-armllvm_4.0.4.LTS\lib\armv6m-ti-none-eabi\c\</path>
         <kind>archive</kind>
         <file>libc.a</file>
         <name>atoi.c.obj</name>
      </input_file>
      <input_file id="fl-3e">
         <path>F:\TI_CCS\ccs\tools\compiler\ti-cgt-armllvm_4.0.4.LTS\lib\armv6m-ti-none-eabi\c\</path>
         <kind>archive</kind>
         <file>libc.a</file>
         <name>defs.c.obj</name>
      </input_file>
      <input_file id="fl-3f">
         <path>F:\TI_CCS\ccs\tools\compiler\ti-cgt-armllvm_4.0.4.LTS\lib\armv6m-ti-none-eabi\c\</path>
         <kind>archive</kind>
         <file>libc.a</file>
         <name>memccpy.c.obj</name>
      </input_file>
      <input_file id="fl-40">
         <path>F:\TI_CCS\ccs\tools\compiler\ti-cgt-armllvm_4.0.4.LTS\lib\armv6m-ti-none-eabi\c\</path>
         <kind>archive</kind>
         <file>libc.a</file>
         <name>memory.c.obj</name>
      </input_file>
      <input_file id="fl-41">
         <path>F:\TI_CCS\ccs\tools\compiler\ti-cgt-armllvm_4.0.4.LTS\lib\armv6m-ti-none-eabi\c\</path>
         <kind>archive</kind>
         <file>libc.a</file>
         <name>boot_cortex_m.c.obj</name>
      </input_file>
      <input_file id="fl-42">
         <path>F:\TI_CCS\ccs\tools\compiler\ti-cgt-armllvm_4.0.4.LTS\lib\armv6m-ti-none-eabi\c\</path>
         <kind>archive</kind>
         <file>libc.a</file>
         <name>mathacl_init.c.obj</name>
      </input_file>
      <input_file id="fl-43">
         <path>F:\TI_CCS\ccs\tools\compiler\ti-cgt-armllvm_4.0.4.LTS\lib\armv6m-ti-none-eabi\c\</path>
         <kind>archive</kind>
         <file>libc.a</file>
         <name>autoinit.c.obj</name>
      </input_file>
      <input_file id="fl-44">
         <path>F:\TI_CCS\ccs\tools\compiler\ti-cgt-armllvm_4.0.4.LTS\lib\armv6m-ti-none-eabi\c\</path>
         <kind>archive</kind>
         <file>libc.a</file>
         <name>pre_init.c.obj</name>
      </input_file>
      <input_file id="fl-45">
         <path>F:\TI_CCS\ccs\tools\compiler\ti-cgt-armllvm_4.0.4.LTS\lib\armv6m-ti-none-eabi\c\</path>
         <kind>archive</kind>
         <file>libc.a</file>
         <name>cpy_tbl.c.obj</name>
      </input_file>
      <input_file id="fl-46">
         <path>F:\TI_CCS\ccs\tools\compiler\ti-cgt-armllvm_4.0.4.LTS\lib\armv6m-ti-none-eabi\c\</path>
         <kind>archive</kind>
         <file>libc.a</file>
         <name>copy_zero_init.c.obj</name>
      </input_file>
      <input_file id="fl-47">
         <path>F:\TI_CCS\ccs\tools\compiler\ti-cgt-armllvm_4.0.4.LTS\lib\armv6m-ti-none-eabi\c\</path>
         <kind>archive</kind>
         <file>libc.a</file>
         <name>copy_decompress_none.c.obj</name>
      </input_file>
      <input_file id="fl-48">
         <path>F:\TI_CCS\ccs\tools\compiler\ti-cgt-armllvm_4.0.4.LTS\lib\armv6m-ti-none-eabi\c\</path>
         <kind>archive</kind>
         <file>libc.a</file>
         <name>copy_decompress_lzss.c.obj</name>
      </input_file>
      <input_file id="fl-49">
         <path>F:\TI_CCS\ccs\tools\compiler\ti-cgt-armllvm_4.0.4.LTS\lib\armv6m-ti-none-eabi\c\</path>
         <kind>archive</kind>
         <file>libc.a</file>
         <name>e_sqrt.c.obj</name>
      </input_file>
      <input_file id="fl-4a">
         <path>F:\TI_CCS\ccs\tools\compiler\ti-cgt-armllvm_4.0.4.LTS\lib\armv6m-ti-none-eabi\c\</path>
         <kind>archive</kind>
         <file>libc.a</file>
         <name>s_frexp.c.obj</name>
      </input_file>
      <input_file id="fl-4b">
         <path>F:\TI_CCS\ccs\tools\compiler\ti-cgt-armllvm_4.0.4.LTS\lib\armv6m-ti-none-eabi\c\</path>
         <kind>archive</kind>
         <file>libc.a</file>
         <name>s_scalbn.c.obj</name>
      </input_file>
      <input_file id="fl-4c">
         <path>F:\TI_CCS\ccs\tools\compiler\ti-cgt-armllvm_4.0.4.LTS\lib\armv6m-ti-none-eabi\c\</path>
         <kind>archive</kind>
         <file>libc.a</file>
         <name>wcslen.c.obj</name>
      </input_file>
      <input_file id="fl-4d">
         <path>F:\TI_CCS\ccs\tools\compiler\ti-cgt-armllvm_4.0.4.LTS\lib\armv6m-ti-none-eabi\c\</path>
         <kind>archive</kind>
         <file>libc.a</file>
         <name>sprintf.c.obj</name>
      </input_file>
      <input_file id="fl-4e">
         <path>F:\TI_CCS\ccs\tools\compiler\ti-cgt-armllvm_4.0.4.LTS\lib\armv6m-ti-none-eabi\c\</path>
         <kind>archive</kind>
         <file>libc.a</file>
         <name>fflush.c.obj</name>
      </input_file>
      <input_file id="fl-4f">
         <path>F:\TI_CCS\ccs\tools\compiler\ti-cgt-armllvm_4.0.4.LTS\lib\armv6m-ti-none-eabi\c\</path>
         <kind>archive</kind>
         <file>libc.a</file>
         <name>aeabi_ctype.S.obj</name>
      </input_file>
      <input_file id="fl-50">
         <path>F:\TI_CCS\ccs\tools\compiler\ti-cgt-armllvm_4.0.4.LTS\lib\armv6m-ti-none-eabi\c\</path>
         <kind>archive</kind>
         <file>libc.a</file>
         <name>exit.c.obj</name>
      </input_file>
      <input_file id="fl-51">
         <path>F:\TI_CCS\ccs\tools\compiler\ti-cgt-armllvm_4.0.4.LTS\lib\armv6m-ti-none-eabi\c\</path>
         <kind>archive</kind>
         <file>libc.a</file>
         <name>args_main.c.obj</name>
      </input_file>
      <input_file id="fl-f1">
         <path>F:\TI_CCS\ccs\tools\compiler\ti-cgt-armllvm_4.0.4.LTS\lib\armv6m-ti-none-eabi\c\</path>
         <kind>archive</kind>
         <file>libsysbm.a</file>
         <name>hostexit.c.obj</name>
      </input_file>
      <input_file id="fl-f2">
         <path>F:\TI_CCS\ccs\tools\compiler\ti-cgt-armllvm_4.0.4.LTS\lib\armv6m-ti-none-eabi\c\</path>
         <kind>archive</kind>
         <file>libsysbm.a</file>
         <name>write.c.obj</name>
      </input_file>
      <input_file id="fl-f3">
         <path>F:\TI_CCS\ccs\tools\compiler\ti-cgt-armllvm_4.0.4.LTS\lib\armv6m-ti-none-eabi\c\</path>
         <kind>archive</kind>
         <file>libsysbm.a</file>
         <name>host_device.c.obj</name>
      </input_file>
      <input_file id="fl-f4">
         <path>F:\TI_CCS\ccs\tools\compiler\ti-cgt-armllvm_4.0.4.LTS\lib\armv6m-ti-none-eabi\c\</path>
         <kind>archive</kind>
         <file>libsysbm.a</file>
         <name>hostclose.c.obj</name>
      </input_file>
      <input_file id="fl-f5">
         <path>F:\TI_CCS\ccs\tools\compiler\ti-cgt-armllvm_4.0.4.LTS\lib\armv6m-ti-none-eabi\c\</path>
         <kind>archive</kind>
         <file>libsysbm.a</file>
         <name>hostlseek.c.obj</name>
      </input_file>
      <input_file id="fl-f6">
         <path>F:\TI_CCS\ccs\tools\compiler\ti-cgt-armllvm_4.0.4.LTS\lib\armv6m-ti-none-eabi\c\</path>
         <kind>archive</kind>
         <file>libsysbm.a</file>
         <name>hostopen.c.obj</name>
      </input_file>
      <input_file id="fl-f7">
         <path>F:\TI_CCS\ccs\tools\compiler\ti-cgt-armllvm_4.0.4.LTS\lib\armv6m-ti-none-eabi\c\</path>
         <kind>archive</kind>
         <file>libsysbm.a</file>
         <name>hostread.c.obj</name>
      </input_file>
      <input_file id="fl-f8">
         <path>F:\TI_CCS\ccs\tools\compiler\ti-cgt-armllvm_4.0.4.LTS\lib\armv6m-ti-none-eabi\c\</path>
         <kind>archive</kind>
         <file>libsysbm.a</file>
         <name>hostrename.c.obj</name>
      </input_file>
      <input_file id="fl-f9">
         <path>F:\TI_CCS\ccs\tools\compiler\ti-cgt-armllvm_4.0.4.LTS\lib\armv6m-ti-none-eabi\c\</path>
         <kind>archive</kind>
         <file>libsysbm.a</file>
         <name>hostunlink.c.obj</name>
      </input_file>
      <input_file id="fl-fa">
         <path>F:\TI_CCS\ccs\tools\compiler\ti-cgt-armllvm_4.0.4.LTS\lib\armv6m-ti-none-eabi\c\</path>
         <kind>archive</kind>
         <file>libsysbm.a</file>
         <name>hostwrite.c.obj</name>
      </input_file>
      <input_file id="fl-fb">
         <path>F:\TI_CCS\ccs\tools\compiler\ti-cgt-armllvm_4.0.4.LTS\lib\armv6m-ti-none-eabi\c\</path>
         <kind>archive</kind>
         <file>libsysbm.a</file>
         <name>trgmsg.c.obj</name>
      </input_file>
      <input_file id="fl-fc">
         <path>F:\TI_CCS\ccs\tools\compiler\ti-cgt-armllvm_4.0.4.LTS\lib\armv6m-ti-none-eabi\</path>
         <kind>archive</kind>
         <file>libclang_rt.builtins.a</file>
         <name>addsf3.S.obj</name>
      </input_file>
      <input_file id="fl-fd">
         <path>F:\TI_CCS\ccs\tools\compiler\ti-cgt-armllvm_4.0.4.LTS\lib\armv6m-ti-none-eabi\</path>
         <kind>archive</kind>
         <file>libclang_rt.builtins.a</file>
         <name>adddf3.S.obj</name>
      </input_file>
      <input_file id="fl-fe">
         <path>F:\TI_CCS\ccs\tools\compiler\ti-cgt-armllvm_4.0.4.LTS\lib\armv6m-ti-none-eabi\</path>
         <kind>archive</kind>
         <file>libclang_rt.builtins.a</file>
         <name>muldf3.S.obj</name>
      </input_file>
      <input_file id="fl-ff">
         <path>F:\TI_CCS\ccs\tools\compiler\ti-cgt-armllvm_4.0.4.LTS\lib\armv6m-ti-none-eabi\</path>
         <kind>archive</kind>
         <file>libclang_rt.builtins.a</file>
         <name>muldsi3.S.obj</name>
      </input_file>
      <input_file id="fl-100">
         <path>F:\TI_CCS\ccs\tools\compiler\ti-cgt-armllvm_4.0.4.LTS\lib\armv6m-ti-none-eabi\</path>
         <kind>archive</kind>
         <file>libclang_rt.builtins.a</file>
         <name>mulsf3.S.obj</name>
      </input_file>
      <input_file id="fl-101">
         <path>F:\TI_CCS\ccs\tools\compiler\ti-cgt-armllvm_4.0.4.LTS\lib\armv6m-ti-none-eabi\</path>
         <kind>archive</kind>
         <file>libclang_rt.builtins.a</file>
         <name>divsf3.S.obj</name>
      </input_file>
      <input_file id="fl-102">
         <path>F:\TI_CCS\ccs\tools\compiler\ti-cgt-armllvm_4.0.4.LTS\lib\armv6m-ti-none-eabi\</path>
         <kind>archive</kind>
         <file>libclang_rt.builtins.a</file>
         <name>divdf3.S.obj</name>
      </input_file>
      <input_file id="fl-103">
         <path>F:\TI_CCS\ccs\tools\compiler\ti-cgt-armllvm_4.0.4.LTS\lib\armv6m-ti-none-eabi\</path>
         <kind>archive</kind>
         <file>libclang_rt.builtins.a</file>
         <name>extendsfdf2.S.obj</name>
      </input_file>
      <input_file id="fl-104">
         <path>F:\TI_CCS\ccs\tools\compiler\ti-cgt-armllvm_4.0.4.LTS\lib\armv6m-ti-none-eabi\</path>
         <kind>archive</kind>
         <file>libclang_rt.builtins.a</file>
         <name>fixdfsi.S.obj</name>
      </input_file>
      <input_file id="fl-105">
         <path>F:\TI_CCS\ccs\tools\compiler\ti-cgt-armllvm_4.0.4.LTS\lib\armv6m-ti-none-eabi\</path>
         <kind>archive</kind>
         <file>libclang_rt.builtins.a</file>
         <name>fixsfsi.S.obj</name>
      </input_file>
      <input_file id="fl-106">
         <path>F:\TI_CCS\ccs\tools\compiler\ti-cgt-armllvm_4.0.4.LTS\lib\armv6m-ti-none-eabi\</path>
         <kind>archive</kind>
         <file>libclang_rt.builtins.a</file>
         <name>fixunssfsi.S.obj</name>
      </input_file>
      <input_file id="fl-107">
         <path>F:\TI_CCS\ccs\tools\compiler\ti-cgt-armllvm_4.0.4.LTS\lib\armv6m-ti-none-eabi\</path>
         <kind>archive</kind>
         <file>libclang_rt.builtins.a</file>
         <name>floatsidf.S.obj</name>
      </input_file>
      <input_file id="fl-108">
         <path>F:\TI_CCS\ccs\tools\compiler\ti-cgt-armllvm_4.0.4.LTS\lib\armv6m-ti-none-eabi\</path>
         <kind>archive</kind>
         <file>libclang_rt.builtins.a</file>
         <name>floatsisf.S.obj</name>
      </input_file>
      <input_file id="fl-109">
         <path>F:\TI_CCS\ccs\tools\compiler\ti-cgt-armllvm_4.0.4.LTS\lib\armv6m-ti-none-eabi\</path>
         <kind>archive</kind>
         <file>libclang_rt.builtins.a</file>
         <name>floatunsisf.S.obj</name>
      </input_file>
      <input_file id="fl-10a">
         <path>F:\TI_CCS\ccs\tools\compiler\ti-cgt-armllvm_4.0.4.LTS\lib\armv6m-ti-none-eabi\</path>
         <kind>archive</kind>
         <file>libclang_rt.builtins.a</file>
         <name>muldi3.S.obj</name>
      </input_file>
      <input_file id="fl-10b">
         <path>F:\TI_CCS\ccs\tools\compiler\ti-cgt-armllvm_4.0.4.LTS\lib\armv6m-ti-none-eabi\</path>
         <kind>archive</kind>
         <file>libclang_rt.builtins.a</file>
         <name>truncdfsf2.S.obj</name>
      </input_file>
      <input_file id="fl-10c">
         <path>F:\TI_CCS\ccs\tools\compiler\ti-cgt-armllvm_4.0.4.LTS\lib\armv6m-ti-none-eabi\</path>
         <kind>archive</kind>
         <file>libclang_rt.builtins.a</file>
         <name>aeabi_dcmp.S.obj</name>
      </input_file>
      <input_file id="fl-10d">
         <path>F:\TI_CCS\ccs\tools\compiler\ti-cgt-armllvm_4.0.4.LTS\lib\armv6m-ti-none-eabi\</path>
         <kind>archive</kind>
         <file>libclang_rt.builtins.a</file>
         <name>aeabi_fcmp.S.obj</name>
      </input_file>
      <input_file id="fl-10e">
         <path>F:\TI_CCS\ccs\tools\compiler\ti-cgt-armllvm_4.0.4.LTS\lib\armv6m-ti-none-eabi\</path>
         <kind>archive</kind>
         <file>libclang_rt.builtins.a</file>
         <name>aeabi_idivmod.S.obj</name>
      </input_file>
      <input_file id="fl-10f">
         <path>F:\TI_CCS\ccs\tools\compiler\ti-cgt-armllvm_4.0.4.LTS\lib\armv6m-ti-none-eabi\</path>
         <kind>archive</kind>
         <file>libclang_rt.builtins.a</file>
         <name>aeabi_memcpy.S.obj</name>
      </input_file>
      <input_file id="fl-110">
         <path>F:\TI_CCS\ccs\tools\compiler\ti-cgt-armllvm_4.0.4.LTS\lib\armv6m-ti-none-eabi\</path>
         <kind>archive</kind>
         <file>libclang_rt.builtins.a</file>
         <name>aeabi_memset.S.obj</name>
      </input_file>
      <input_file id="fl-111">
         <path>F:\TI_CCS\ccs\tools\compiler\ti-cgt-armllvm_4.0.4.LTS\lib\armv6m-ti-none-eabi\</path>
         <kind>archive</kind>
         <file>libclang_rt.builtins.a</file>
         <name>aeabi_uidivmod.S.obj</name>
      </input_file>
      <input_file id="fl-112">
         <path>F:\TI_CCS\ccs\tools\compiler\ti-cgt-armllvm_4.0.4.LTS\lib\armv6m-ti-none-eabi\</path>
         <kind>archive</kind>
         <file>libclang_rt.builtins.a</file>
         <name>aeabi_uldivmod.S.obj</name>
      </input_file>
      <input_file id="fl-113">
         <path>F:\TI_CCS\ccs\tools\compiler\ti-cgt-armllvm_4.0.4.LTS\lib\armv6m-ti-none-eabi\</path>
         <kind>archive</kind>
         <file>libclang_rt.builtins.a</file>
         <name>comparesf2.S.obj</name>
      </input_file>
      <input_file id="fl-114">
         <path>F:\TI_CCS\ccs\tools\compiler\ti-cgt-armllvm_4.0.4.LTS\lib\armv6m-ti-none-eabi\</path>
         <kind>archive</kind>
         <file>libclang_rt.builtins.a</file>
         <name>udivmoddi4.S.obj</name>
      </input_file>
      <input_file id="fl-115">
         <path>F:\TI_CCS\ccs\tools\compiler\ti-cgt-armllvm_4.0.4.LTS\lib\armv6m-ti-none-eabi\</path>
         <kind>archive</kind>
         <file>libclang_rt.builtins.a</file>
         <name>ashldi3.S.obj</name>
      </input_file>
      <input_file id="fl-116">
         <path>F:\TI_CCS\ccs\tools\compiler\ti-cgt-armllvm_4.0.4.LTS\lib\armv6m-ti-none-eabi\</path>
         <kind>archive</kind>
         <file>libclang_rt.builtins.a</file>
         <name>comparedf2.c.obj</name>
      </input_file>
      <input_file id="fl-117">
         <path>F:\TI_CCS\ccs\tools\compiler\ti-cgt-armllvm_4.0.4.LTS\lib\armv6m-ti-none-eabi\</path>
         <kind>archive</kind>
         <file>libclang_rt.builtins.a</file>
         <name>aeabi_div0.c.obj</name>
      </input_file>
      <input_file id="fl-118">
         <path>F:\TI_CCS\ccs\tools\compiler\ti-cgt-armllvm_4.0.4.LTS\lib\armv6m-ti-none-eabi\c\</path>
         <kind>archive</kind>
         <file>libc.a</file>
         <name>memcpy16.S.obj</name>
      </input_file>
      <input_file id="fl-119">
         <path>F:\TI_CCS\ccs\tools\compiler\ti-cgt-armllvm_4.0.4.LTS\lib\armv6m-ti-none-eabi\c\</path>
         <kind>archive</kind>
         <file>libc.a</file>
         <name>memset16.S.obj</name>
      </input_file>
   </input_file_list>
   <object_component_list>
      <object_component id="oc-18">
         <name>.intvecs</name>
         <load_address>0x0</load_address>
         <readonly>true</readonly>
         <run_address>0x0</run_address>
         <size>0xc0</size>
         <alignment>0x4</alignment>
         <input_file_ref idref="fl-3"/>
      </object_component>
      <object_component id="oc-a3">
         <name>.text.OLED_Clear</name>
         <load_address>0xc0</load_address>
         <readonly>true</readonly>
         <executable>true</executable>
         <run_address>0xc0</run_address>
         <size>0xc70</size>
         <alignment>0x4</alignment>
         <input_file_ref idref="fl-b"/>
      </object_component>
      <object_component id="oc-15a">
         <name>.text.IMU_getYawPitchRoll</name>
         <load_address>0xd30</load_address>
         <readonly>true</readonly>
         <executable>true</executable>
         <run_address>0xd30</run_address>
         <size>0xbbc</size>
         <alignment>0x4</alignment>
         <input_file_ref idref="fl-5"/>
      </object_component>
      <object_component id="oc-213">
         <name>.text:__TI_printfi</name>
         <load_address>0x18ec</load_address>
         <readonly>true</readonly>
         <executable>true</executable>
         <run_address>0x18ec</run_address>
         <size>0x9d0</size>
         <alignment>0x4</alignment>
         <input_file_ref idref="fl-38"/>
      </object_component>
      <object_component id="oc-af">
         <name>.text.task4</name>
         <load_address>0x22bc</load_address>
         <readonly>true</readonly>
         <executable>true</executable>
         <run_address>0x22bc</run_address>
         <size>0x890</size>
         <alignment>0x4</alignment>
         <input_file_ref idref="fl-1"/>
      </object_component>
      <object_component id="oc-18a">
         <name>.text.OLED_ShowFloat</name>
         <load_address>0x2b4c</load_address>
         <readonly>true</readonly>
         <executable>true</executable>
         <run_address>0x2b4c</run_address>
         <size>0x5c4</size>
         <alignment>0x4</alignment>
         <input_file_ref idref="fl-b"/>
      </object_component>
      <object_component id="oc-a8">
         <name>.text.OLED_ShowNum</name>
         <load_address>0x3110</load_address>
         <readonly>true</readonly>
         <executable>true</executable>
         <run_address>0x3110</run_address>
         <size>0x490</size>
         <alignment>0x4</alignment>
         <input_file_ref idref="fl-b"/>
      </object_component>
      <object_component id="oc-110">
         <name>.text.OLED_WR_Byte</name>
         <load_address>0x35a0</load_address>
         <readonly>true</readonly>
         <executable>true</executable>
         <run_address>0x35a0</run_address>
         <size>0x3bc</size>
         <alignment>0x4</alignment>
         <input_file_ref idref="fl-b"/>
      </object_component>
      <object_component id="oc-189">
         <name>.text.OLED_ShowString</name>
         <load_address>0x395c</load_address>
         <readonly>true</readonly>
         <executable>true</executable>
         <run_address>0x395c</run_address>
         <size>0x260</size>
         <alignment>0x4</alignment>
         <input_file_ref idref="fl-b"/>
      </object_component>
      <object_component id="oc-b7">
         <name>.text.task1</name>
         <load_address>0x3bbc</load_address>
         <readonly>true</readonly>
         <executable>true</executable>
         <run_address>0x3bbc</run_address>
         <size>0x228</size>
         <alignment>0x4</alignment>
         <input_file_ref idref="fl-1"/>
      </object_component>
      <object_component id="oc-267">
         <name>.text._pconv_a</name>
         <load_address>0x3de4</load_address>
         <readonly>true</readonly>
         <executable>true</executable>
         <run_address>0x3de4</run_address>
         <size>0x220</size>
         <alignment>0x4</alignment>
         <input_file_ref idref="fl-38"/>
      </object_component>
      <object_component id="oc-26c">
         <name>.text._pconv_g</name>
         <load_address>0x4004</load_address>
         <readonly>true</readonly>
         <executable>true</executable>
         <run_address>0x4004</run_address>
         <size>0x1dc</size>
         <alignment>0x4</alignment>
         <input_file_ref idref="fl-38"/>
      </object_component>
      <object_component id="oc-a4">
         <name>.text.OLED_Refresh</name>
         <load_address>0x41e0</load_address>
         <readonly>true</readonly>
         <executable>true</executable>
         <run_address>0x41e0</run_address>
         <size>0x1c8</size>
         <alignment>0x4</alignment>
         <input_file_ref idref="fl-b"/>
      </object_component>
      <object_component id="oc-238">
         <name>.text.atanf</name>
         <load_address>0x43a8</load_address>
         <readonly>true</readonly>
         <executable>true</executable>
         <run_address>0x43a8</run_address>
         <size>0x1c8</size>
         <alignment>0x4</alignment>
         <input_file_ref idref="fl-36"/>
      </object_component>
      <object_component id="oc-1d8">
         <name>.text.adddf3_subdf3</name>
         <load_address>0x4570</load_address>
         <readonly>true</readonly>
         <executable>true</executable>
         <run_address>0x4570</run_address>
         <size>0x192</size>
         <alignment>0x4</alignment>
         <input_file_ref idref="fl-fd"/>
      </object_component>
      <object_component id="oc-33">
         <name>.text.Default_Handler</name>
         <load_address>0x4702</load_address>
         <readonly>true</readonly>
         <executable>true</executable>
         <run_address>0x4702</run_address>
         <size>0x2</size>
         <alignment>0x2</alignment>
         <input_file_ref idref="fl-3"/>
      </object_component>
      <object_component id="oc-247">
         <name>.text.sqrt</name>
         <load_address>0x4704</load_address>
         <readonly>true</readonly>
         <executable>true</executable>
         <run_address>0x4704</run_address>
         <size>0x170</size>
         <alignment>0x4</alignment>
         <input_file_ref idref="fl-49"/>
      </object_component>
      <object_component id="oc-100">
         <name>.text.SYSCFG_DL_GPIO_init</name>
         <load_address>0x4874</load_address>
         <readonly>true</readonly>
         <executable>true</executable>
         <run_address>0x4874</run_address>
         <size>0x164</size>
         <alignment>0x4</alignment>
         <input_file_ref idref="fl-2"/>
      </object_component>
      <object_component id="oc-1f9">
         <name>.text.asinf</name>
         <load_address>0x49d8</load_address>
         <readonly>true</readonly>
         <executable>true</executable>
         <run_address>0x49d8</run_address>
         <size>0x160</size>
         <alignment>0x4</alignment>
         <input_file_ref idref="fl-34"/>
      </object_component>
      <object_component id="oc-7a">
         <name>.text.main</name>
         <load_address>0x4b38</load_address>
         <readonly>true</readonly>
         <executable>true</executable>
         <run_address>0x4b38</run_address>
         <size>0x158</size>
         <alignment>0x4</alignment>
         <input_file_ref idref="fl-1"/>
      </object_component>
      <object_component id="oc-d8">
         <name>.text.task3</name>
         <load_address>0x4c90</load_address>
         <readonly>true</readonly>
         <executable>true</executable>
         <run_address>0x4c90</run_address>
         <size>0x158</size>
         <alignment>0x4</alignment>
         <input_file_ref idref="fl-1"/>
      </object_component>
      <object_component id="oc-113">
         <name>.text.ICM42688_Init</name>
         <load_address>0x4de8</load_address>
         <readonly>true</readonly>
         <executable>true</executable>
         <run_address>0x4de8</run_address>
         <size>0x154</size>
         <alignment>0x4</alignment>
         <input_file_ref idref="fl-9"/>
      </object_component>
      <object_component id="oc-2ad">
         <name>.text.fcvt</name>
         <load_address>0x4f3c</load_address>
         <readonly>true</readonly>
         <executable>true</executable>
         <run_address>0x4f3c</run_address>
         <size>0x13c</size>
         <alignment>0x4</alignment>
         <input_file_ref idref="fl-38"/>
      </object_component>
      <object_component id="oc-171">
         <name>.text.I2C_ReadReg</name>
         <load_address>0x5078</load_address>
         <readonly>true</readonly>
         <executable>true</executable>
         <run_address>0x5078</run_address>
         <size>0x120</size>
         <alignment>0x4</alignment>
         <input_file_ref idref="fl-4"/>
      </object_component>
      <object_component id="oc-26e">
         <name>.text._pconv_e</name>
         <load_address>0x5198</load_address>
         <readonly>true</readonly>
         <executable>true</executable>
         <run_address>0x5198</run_address>
         <size>0x120</size>
         <alignment>0x4</alignment>
         <input_file_ref idref="fl-38"/>
      </object_component>
      <object_component id="oc-1f5">
         <name>.text.atan2f</name>
         <load_address>0x52b8</load_address>
         <readonly>true</readonly>
         <executable>true</executable>
         <run_address>0x52b8</run_address>
         <size>0x118</size>
         <alignment>0x4</alignment>
         <input_file_ref idref="fl-35"/>
      </object_component>
      <object_component id="oc-a9">
         <name>.text.key_read</name>
         <load_address>0x53d0</load_address>
         <readonly>true</readonly>
         <executable>true</executable>
         <run_address>0x53d0</run_address>
         <size>0x114</size>
         <alignment>0x4</alignment>
         <input_file_ref idref="fl-a"/>
      </object_component>
      <object_component id="oc-1e7">
         <name>.text.__divdf3</name>
         <load_address>0x54e4</load_address>
         <readonly>true</readonly>
         <executable>true</executable>
         <run_address>0x54e4</run_address>
         <size>0x10c</size>
         <alignment>0x4</alignment>
         <input_file_ref idref="fl-102"/>
      </object_component>
      <object_component id="oc-1a7">
         <name>.text.DL_Timer_initFourCCPWMMode</name>
         <load_address>0x55f0</load_address>
         <readonly>true</readonly>
         <executable>true</executable>
         <run_address>0x55f0</run_address>
         <size>0x104</size>
         <alignment>0x4</alignment>
         <input_file_ref idref="fl-1c"/>
      </object_component>
      <object_component id="oc-1ad">
         <name>.text.DL_Timer_initTimerMode</name>
         <load_address>0x56f4</load_address>
         <readonly>true</readonly>
         <executable>true</executable>
         <run_address>0x56f4</run_address>
         <size>0xfc</size>
         <alignment>0x4</alignment>
         <input_file_ref idref="fl-1c"/>
      </object_component>
      <object_component id="oc-96">
         <name>.text.OLED_Init</name>
         <load_address>0x57f0</load_address>
         <readonly>true</readonly>
         <executable>true</executable>
         <run_address>0x57f0</run_address>
         <size>0xf6</size>
         <alignment>0x2</alignment>
         <input_file_ref idref="fl-b"/>
      </object_component>
      <object_component id="oc-1c8">
         <name>.text.__aeabi_idiv0</name>
         <load_address>0x58e6</load_address>
         <readonly>true</readonly>
         <executable>true</executable>
         <run_address>0x58e6</run_address>
         <size>0x2</size>
         <alignment>0x2</alignment>
         <input_file_ref idref="fl-117"/>
      </object_component>
      <object_component id="oc-160">
         <name>.text.Motor_SetSpeed</name>
         <load_address>0x58e8</load_address>
         <readonly>true</readonly>
         <executable>true</executable>
         <run_address>0x58e8</run_address>
         <size>0xf0</size>
         <alignment>0x4</alignment>
         <input_file_ref idref="fl-6"/>
      </object_component>
      <object_component id="oc-1dc">
         <name>.text.__muldf3</name>
         <load_address>0x59d8</load_address>
         <readonly>true</readonly>
         <executable>true</executable>
         <run_address>0x59d8</run_address>
         <size>0xe4</size>
         <alignment>0x4</alignment>
         <input_file_ref idref="fl-fe"/>
      </object_component>
      <object_component id="oc-c0">
         <name>.text.ICM42688_ReadMotion6</name>
         <load_address>0x5abc</load_address>
         <readonly>true</readonly>
         <executable>true</executable>
         <run_address>0x5abc</run_address>
         <size>0xdc</size>
         <alignment>0x4</alignment>
         <input_file_ref idref="fl-9"/>
      </object_component>
      <object_component id="oc-290">
         <name>.text.scalbn</name>
         <load_address>0x5b98</load_address>
         <readonly>true</readonly>
         <executable>true</executable>
         <run_address>0x5b98</run_address>
         <size>0xd8</size>
         <alignment>0x4</alignment>
         <input_file_ref idref="fl-4b"/>
      </object_component>
      <object_component id="oc-d4">
         <name>.text</name>
         <load_address>0x5c70</load_address>
         <readonly>true</readonly>
         <executable>true</executable>
         <run_address>0x5c70</run_address>
         <size>0xd8</size>
         <alignment>0x4</alignment>
         <input_file_ref idref="fl-fc"/>
      </object_component>
      <object_component id="oc-16b">
         <name>.text.I2C_WriteReg</name>
         <load_address>0x5d48</load_address>
         <readonly>true</readonly>
         <executable>true</executable>
         <run_address>0x5d48</run_address>
         <size>0xc0</size>
         <alignment>0x4</alignment>
         <input_file_ref idref="fl-4"/>
      </object_component>
      <object_component id="oc-b1">
         <name>.text.delay_ms</name>
         <load_address>0x5e08</load_address>
         <readonly>true</readonly>
         <executable>true</executable>
         <run_address>0x5e08</run_address>
         <size>0xbc</size>
         <alignment>0x4</alignment>
         <input_file_ref idref="fl-7"/>
      </object_component>
      <object_component id="oc-287">
         <name>.text</name>
         <load_address>0x5ec4</load_address>
         <readonly>true</readonly>
         <executable>true</executable>
         <run_address>0x5ec4</run_address>
         <size>0xa2</size>
         <alignment>0x4</alignment>
         <input_file_ref idref="fl-114"/>
      </object_component>
      <object_component id="oc-2af">
         <name>.text.__aeabi_ldiv0</name>
         <load_address>0x5f66</load_address>
         <readonly>true</readonly>
         <executable>true</executable>
         <run_address>0x5f66</run_address>
         <size>0x2</size>
         <alignment>0x2</alignment>
         <input_file_ref idref="fl-117"/>
      </object_component>
      <object_component id="oc-102">
         <name>.text.SYSCFG_DL_PWM_0_init</name>
         <load_address>0x5f68</load_address>
         <readonly>true</readonly>
         <executable>true</executable>
         <run_address>0x5f68</run_address>
         <size>0x9c</size>
         <alignment>0x4</alignment>
         <input_file_ref idref="fl-2"/>
      </object_component>
      <object_component id="oc-8c">
         <name>.text:memcpy</name>
         <load_address>0x6004</load_address>
         <readonly>true</readonly>
         <executable>true</executable>
         <run_address>0x6004</run_address>
         <size>0x9a</size>
         <alignment>0x1</alignment>
         <input_file_ref idref="fl-118"/>
      </object_component>
      <object_component id="oc-214">
         <name>.text._nop</name>
         <load_address>0x609e</load_address>
         <readonly>true</readonly>
         <executable>true</executable>
         <run_address>0x609e</run_address>
         <size>0x2</size>
         <alignment>0x2</alignment>
         <input_file_ref idref="fl-3a"/>
      </object_component>
      <object_component id="oc-68">
         <name>.text.Motor_Encoder_UpdateSpeed</name>
         <load_address>0x60a0</load_address>
         <readonly>true</readonly>
         <executable>true</executable>
         <run_address>0x60a0</run_address>
         <size>0x98</size>
         <alignment>0x4</alignment>
         <input_file_ref idref="fl-6"/>
      </object_component>
      <object_component id="oc-d0">
         <name>.text.__mulsf3</name>
         <load_address>0x6138</load_address>
         <readonly>true</readonly>
         <executable>true</executable>
         <run_address>0x6138</run_address>
         <size>0x8c</size>
         <alignment>0x4</alignment>
         <input_file_ref idref="fl-100"/>
      </object_component>
      <object_component id="oc-15b">
         <name>.text.Motor_PID_Calculate</name>
         <load_address>0x61c4</load_address>
         <readonly>true</readonly>
         <executable>true</executable>
         <run_address>0x61c4</run_address>
         <size>0x88</size>
         <alignment>0x4</alignment>
         <input_file_ref idref="fl-6"/>
      </object_component>
      <object_component id="oc-fe">
         <name>.text.SYSCFG_DL_initPower</name>
         <load_address>0x624c</load_address>
         <readonly>true</readonly>
         <executable>true</executable>
         <run_address>0x624c</run_address>
         <size>0x88</size>
         <alignment>0x4</alignment>
         <input_file_ref idref="fl-2"/>
      </object_component>
      <object_component id="oc-bc">
         <name>.text.__divsf3</name>
         <load_address>0x62d4</load_address>
         <readonly>true</readonly>
         <executable>true</executable>
         <run_address>0x62d4</run_address>
         <size>0x82</size>
         <alignment>0x4</alignment>
         <input_file_ref idref="fl-101"/>
      </object_component>
      <object_component id="oc-1c">
         <name>.text:decompress:lzss</name>
         <load_address>0x6358</load_address>
         <readonly>true</readonly>
         <executable>true</executable>
         <run_address>0x6358</run_address>
         <size>0x7c</size>
         <alignment>0x4</alignment>
         <input_file_ref idref="fl-48"/>
      </object_component>
      <object_component id="oc-2ab">
         <name>.text.__gedf2</name>
         <load_address>0x63d4</load_address>
         <readonly>true</readonly>
         <executable>true</executable>
         <run_address>0x63d4</run_address>
         <size>0x74</size>
         <alignment>0x4</alignment>
         <input_file_ref idref="fl-116"/>
      </object_component>
      <object_component id="oc-241">
         <name>.text.__aeabi_errno_addr</name>
         <load_address>0x6448</load_address>
         <readonly>true</readonly>
         <executable>true</executable>
         <run_address>0x6448</run_address>
         <size>0x8</size>
         <alignment>0x4</alignment>
         <input_file_ref idref="fl-39"/>
      </object_component>
      <object_component id="oc-1eb">
         <name>.text.__truncdfsf2</name>
         <load_address>0x6450</load_address>
         <readonly>true</readonly>
         <executable>true</executable>
         <run_address>0x6450</run_address>
         <size>0x74</size>
         <alignment>0x10</alignment>
         <input_file_ref idref="fl-10b"/>
      </object_component>
      <object_component id="oc-103">
         <name>.text.SYSCFG_DL_QEI_0_init</name>
         <load_address>0x64c4</load_address>
         <readonly>true</readonly>
         <executable>true</executable>
         <run_address>0x64c4</run_address>
         <size>0x68</size>
         <alignment>0x4</alignment>
         <input_file_ref idref="fl-2"/>
      </object_component>
      <object_component id="oc-2a5">
         <name>.text.__ledf2</name>
         <load_address>0x652c</load_address>
         <readonly>true</readonly>
         <executable>true</executable>
         <run_address>0x652c</run_address>
         <size>0x68</size>
         <alignment>0x4</alignment>
         <input_file_ref idref="fl-116"/>
      </object_component>
      <object_component id="oc-2a4">
         <name>.text._mcpy</name>
         <load_address>0x6594</load_address>
         <readonly>true</readonly>
         <executable>true</executable>
         <run_address>0x6594</run_address>
         <size>0x66</size>
         <alignment>0x2</alignment>
         <input_file_ref idref="fl-38"/>
      </object_component>
      <object_component id="oc-268">
         <name>.text.__aeabi_dcmp</name>
         <load_address>0x65fc</load_address>
         <readonly>true</readonly>
         <executable>true</executable>
         <run_address>0x65fc</run_address>
         <size>0x62</size>
         <alignment>0x4</alignment>
         <input_file_ref idref="fl-10c"/>
      </object_component>
      <object_component id="oc-156">
         <name>.text.__aeabi_fcmp</name>
         <load_address>0x6660</load_address>
         <readonly>true</readonly>
         <executable>true</executable>
         <run_address>0x6660</run_address>
         <size>0x62</size>
         <alignment>0x4</alignment>
         <input_file_ref idref="fl-10d"/>
      </object_component>
      <object_component id="oc-fd">
         <name>.text:memset</name>
         <load_address>0x66c2</load_address>
         <readonly>true</readonly>
         <executable>true</executable>
         <run_address>0x66c2</run_address>
         <size>0x62</size>
         <alignment>0x1</alignment>
         <input_file_ref idref="fl-119"/>
      </object_component>
      <object_component id="oc-109">
         <name>.text.SYSCFG_DL_UART_ICM_init</name>
         <load_address>0x6724</load_address>
         <readonly>true</readonly>
         <executable>true</executable>
         <run_address>0x6724</run_address>
         <size>0x60</size>
         <alignment>0x4</alignment>
         <input_file_ref idref="fl-2"/>
      </object_component>
      <object_component id="oc-108">
         <name>.text.SYSCFG_DL_UART_XG_init</name>
         <load_address>0x6784</load_address>
         <readonly>true</readonly>
         <executable>true</executable>
         <run_address>0x6784</run_address>
         <size>0x60</size>
         <alignment>0x4</alignment>
         <input_file_ref idref="fl-2"/>
      </object_component>
      <object_component id="oc-205">
         <name>.text.DL_I2C_fillControllerTXFIFO</name>
         <load_address>0x67e4</load_address>
         <readonly>true</readonly>
         <executable>true</executable>
         <run_address>0x67e4</run_address>
         <size>0x5e</size>
         <alignment>0x2</alignment>
         <input_file_ref idref="fl-1b"/>
      </object_component>
      <object_component id="oc-28c">
         <name>.text.frexp</name>
         <load_address>0x6844</load_address>
         <readonly>true</readonly>
         <executable>true</executable>
         <run_address>0x6844</run_address>
         <size>0x5c</size>
         <alignment>0x4</alignment>
         <input_file_ref idref="fl-4a"/>
      </object_component>
      <object_component id="oc-ca">
         <name>.text.printf</name>
         <load_address>0x68a0</load_address>
         <readonly>true</readonly>
         <executable>true</executable>
         <run_address>0x68a0</run_address>
         <size>0x5c</size>
         <alignment>0x4</alignment>
         <input_file_ref idref="fl-37"/>
      </object_component>
      <object_component id="oc-9e">
         <name>.text.IMU_init</name>
         <load_address>0x68fc</load_address>
         <readonly>true</readonly>
         <executable>true</executable>
         <run_address>0x68fc</run_address>
         <size>0x58</size>
         <alignment>0x4</alignment>
         <input_file_ref idref="fl-5"/>
      </object_component>
      <object_component id="oc-105">
         <name>.text.SYSCFG_DL_TIMER_GB_init</name>
         <load_address>0x6954</load_address>
         <readonly>true</readonly>
         <executable>true</executable>
         <run_address>0x6954</run_address>
         <size>0x58</size>
         <alignment>0x4</alignment>
         <input_file_ref idref="fl-2"/>
      </object_component>
      <object_component id="oc-91">
         <name>.text.SYSCFG_DL_init</name>
         <load_address>0x69ac</load_address>
         <readonly>true</readonly>
         <executable>true</executable>
         <run_address>0x69ac</run_address>
         <size>0x58</size>
         <alignment>0x4</alignment>
         <input_file_ref idref="fl-2"/>
      </object_component>
      <object_component id="oc-39">
         <name>.text.TIMG8_IRQHandler</name>
         <load_address>0x6a04</load_address>
         <readonly>true</readonly>
         <executable>true</executable>
         <run_address>0x6a04</run_address>
         <size>0x58</size>
         <alignment>0x4</alignment>
         <input_file_ref idref="fl-6"/>
      </object_component>
      <object_component id="oc-298">
         <name>.text.__TI_ltoa</name>
         <load_address>0x6a5c</load_address>
         <readonly>true</readonly>
         <executable>true</executable>
         <run_address>0x6a5c</run_address>
         <size>0x58</size>
         <alignment>0x2</alignment>
         <input_file_ref idref="fl-3b"/>
      </object_component>
      <object_component id="oc-26d">
         <name>.text._pconv_f</name>
         <load_address>0x6ab4</load_address>
         <readonly>true</readonly>
         <executable>true</executable>
         <run_address>0x6ab4</run_address>
         <size>0x58</size>
         <alignment>0x2</alignment>
         <input_file_ref idref="fl-38"/>
      </object_component>
      <object_component id="oc-2bc">
         <name>.text.__aeabi_idivmod</name>
         <load_address>0x6b0c</load_address>
         <readonly>true</readonly>
         <executable>true</executable>
         <run_address>0x6b0c</run_address>
         <size>0x56</size>
         <alignment>0x4</alignment>
         <input_file_ref idref="fl-10e"/>
      </object_component>
      <object_component id="oc-107">
         <name>.text.SYSCFG_DL_I2C_1_init</name>
         <load_address>0x6b64</load_address>
         <readonly>true</readonly>
         <executable>true</executable>
         <run_address>0x6b64</run_address>
         <size>0x54</size>
         <alignment>0x4</alignment>
         <input_file_ref idref="fl-2"/>
      </object_component>
      <object_component id="oc-101">
         <name>.text.SYSCFG_DL_SYSCTL_init</name>
         <load_address>0x6bb8</load_address>
         <readonly>true</readonly>
         <executable>true</executable>
         <run_address>0x6bb8</run_address>
         <size>0x54</size>
         <alignment>0x4</alignment>
         <input_file_ref idref="fl-2"/>
      </object_component>
      <object_component id="oc-2a2">
         <name>.text._ecpy</name>
         <load_address>0x6c0c</load_address>
         <readonly>true</readonly>
         <executable>true</executable>
         <run_address>0x6c0c</run_address>
         <size>0x52</size>
         <alignment>0x2</alignment>
         <input_file_ref idref="fl-38"/>
      </object_component>
      <object_component id="oc-34">
         <name>.text.GROUP1_IRQHandler</name>
         <load_address>0x6c60</load_address>
         <readonly>true</readonly>
         <executable>true</executable>
         <run_address>0x6c60</run_address>
         <size>0x50</size>
         <alignment>0x4</alignment>
         <input_file_ref idref="fl-6"/>
      </object_component>
      <object_component id="oc-b0">
         <name>.text.Motor_Disable</name>
         <load_address>0x6cb0</load_address>
         <readonly>true</readonly>
         <executable>true</executable>
         <run_address>0x6cb0</run_address>
         <size>0x4c</size>
         <alignment>0x4</alignment>
         <input_file_ref idref="fl-6"/>
      </object_component>
      <object_component id="oc-a5">
         <name>.text.Motor_Encoder_Init</name>
         <load_address>0x6cfc</load_address>
         <readonly>true</readonly>
         <executable>true</executable>
         <run_address>0x6cfc</run_address>
         <size>0x4c</size>
         <alignment>0x4</alignment>
         <input_file_ref idref="fl-6"/>
      </object_component>
      <object_component id="oc-294">
         <name>.text.__fixdfsi</name>
         <load_address>0x6d48</load_address>
         <readonly>true</readonly>
         <executable>true</executable>
         <run_address>0x6d48</run_address>
         <size>0x4a</size>
         <alignment>0x4</alignment>
         <input_file_ref idref="fl-104"/>
      </object_component>
      <object_component id="oc-1c1">
         <name>.text.DL_UART_init</name>
         <load_address>0x6d94</load_address>
         <readonly>true</readonly>
         <executable>true</executable>
         <run_address>0x6d94</run_address>
         <size>0x48</size>
         <alignment>0x4</alignment>
         <input_file_ref idref="fl-1d"/>
      </object_component>
      <object_component id="oc-106">
         <name>.text.SYSCFG_DL_TIMER_count_init</name>
         <load_address>0x6ddc</load_address>
         <readonly>true</readonly>
         <executable>true</executable>
         <run_address>0x6ddc</run_address>
         <size>0x48</size>
         <alignment>0x4</alignment>
         <input_file_ref idref="fl-2"/>
      </object_component>
      <object_component id="oc-114">
         <name>.text.puts</name>
         <load_address>0x6e24</load_address>
         <readonly>true</readonly>
         <executable>true</executable>
         <run_address>0x6e24</run_address>
         <size>0x44</size>
         <alignment>0x4</alignment>
         <input_file_ref idref="fl-1"/>
      </object_component>
      <object_component id="oc-121">
         <name>.text.__aeabi_uidivmod</name>
         <load_address>0x6e68</load_address>
         <readonly>true</readonly>
         <executable>true</executable>
         <run_address>0x6e68</run_address>
         <size>0x40</size>
         <alignment>0x4</alignment>
         <input_file_ref idref="fl-111"/>
      </object_component>
      <object_component id="oc-c6">
         <name>.text.__extendsfdf2</name>
         <load_address>0x6ea8</load_address>
         <readonly>true</readonly>
         <executable>true</executable>
         <run_address>0x6ea8</run_address>
         <size>0x40</size>
         <alignment>0x4</alignment>
         <input_file_ref idref="fl-103"/>
      </object_component>
      <object_component id="oc-256">
         <name>.text.atoi</name>
         <load_address>0x6ee8</load_address>
         <readonly>true</readonly>
         <executable>true</executable>
         <run_address>0x6ee8</run_address>
         <size>0x40</size>
         <alignment>0x4</alignment>
         <input_file_ref idref="fl-3d"/>
      </object_component>
      <object_component id="oc-1c6">
         <name>.text.delay_us</name>
         <load_address>0x6f28</load_address>
         <readonly>true</readonly>
         <executable>true</executable>
         <run_address>0x6f28</run_address>
         <size>0x40</size>
         <alignment>0x2</alignment>
         <input_file_ref idref="fl-7"/>
      </object_component>
      <object_component id="oc-204">
         <name>.text.DL_I2C_flushControllerTXFIFO</name>
         <load_address>0x6f68</load_address>
         <readonly>true</readonly>
         <executable>true</executable>
         <run_address>0x6f68</run_address>
         <size>0x3c</size>
         <alignment>0x4</alignment>
         <input_file_ref idref="fl-1b"/>
      </object_component>
      <object_component id="oc-152">
         <name>.text.__floatsisf</name>
         <load_address>0x6fa4</load_address>
         <readonly>true</readonly>
         <executable>true</executable>
         <run_address>0x6fa4</run_address>
         <size>0x3c</size>
         <alignment>0x4</alignment>
         <input_file_ref idref="fl-108"/>
      </object_component>
      <object_component id="oc-1d6">
         <name>.text.__gtsf2</name>
         <load_address>0x6fe0</load_address>
         <readonly>true</readonly>
         <executable>true</executable>
         <run_address>0x6fe0</run_address>
         <size>0x3c</size>
         <alignment>0x4</alignment>
         <input_file_ref idref="fl-113"/>
      </object_component>
      <object_component id="oc-21d">
         <name>.text.fputs</name>
         <load_address>0x701c</load_address>
         <readonly>true</readonly>
         <executable>true</executable>
         <run_address>0x701c</run_address>
         <size>0x3c</size>
         <alignment>0x4</alignment>
         <input_file_ref idref="fl-1"/>
      </object_component>
      <object_component id="oc-e5">
         <name>.text:__TI_auto_init_nobinit_nopinit</name>
         <load_address>0x7058</load_address>
         <readonly>true</readonly>
         <executable>true</executable>
         <run_address>0x7058</run_address>
         <size>0x3c</size>
         <alignment>0x4</alignment>
         <input_file_ref idref="fl-43"/>
      </object_component>
      <object_component id="oc-1d1">
         <name>.text.__eqsf2</name>
         <load_address>0x7094</load_address>
         <readonly>true</readonly>
         <executable>true</executable>
         <run_address>0x7094</run_address>
         <size>0x3a</size>
         <alignment>0x4</alignment>
         <input_file_ref idref="fl-113"/>
      </object_component>
      <object_component id="oc-182">
         <name>.text.__muldsi3</name>
         <load_address>0x70d0</load_address>
         <readonly>true</readonly>
         <executable>true</executable>
         <run_address>0x70d0</run_address>
         <size>0x3a</size>
         <alignment>0x4</alignment>
         <input_file_ref idref="fl-ff"/>
      </object_component>
      <object_component id="oc-15c">
         <name>.text.__fixsfsi</name>
         <load_address>0x710c</load_address>
         <readonly>true</readonly>
         <executable>true</executable>
         <run_address>0x710c</run_address>
         <size>0x38</size>
         <alignment>0x4</alignment>
         <input_file_ref idref="fl-105"/>
      </object_component>
      <object_component id="oc-220">
         <name>.text.__fixunssfsi</name>
         <load_address>0x7144</load_address>
         <readonly>true</readonly>
         <executable>true</executable>
         <run_address>0x7144</run_address>
         <size>0x32</size>
         <alignment>0x4</alignment>
         <input_file_ref idref="fl-106"/>
      </object_component>
      <object_component id="oc-2a3">
         <name>.text._fcpy</name>
         <load_address>0x7176</load_address>
         <readonly>true</readonly>
         <executable>true</executable>
         <run_address>0x7176</run_address>
         <size>0x30</size>
         <alignment>0x2</alignment>
         <input_file_ref idref="fl-38"/>
      </object_component>
      <object_component id="oc-104">
         <name>.text.SYSCFG_DL_TIMER_0_init</name>
         <load_address>0x71a8</load_address>
         <readonly>true</readonly>
         <executable>true</executable>
         <run_address>0x71a8</run_address>
         <size>0x2c</size>
         <alignment>0x4</alignment>
         <input_file_ref idref="fl-2"/>
      </object_component>
      <object_component id="oc-29c">
         <name>.text.__floatsidf</name>
         <load_address>0x71d4</load_address>
         <readonly>true</readonly>
         <executable>true</executable>
         <run_address>0x71d4</run_address>
         <size>0x2c</size>
         <alignment>0x4</alignment>
         <input_file_ref idref="fl-107"/>
      </object_component>
      <object_component id="oc-b8">
         <name>.text.__floatunsisf</name>
         <load_address>0x7200</load_address>
         <readonly>true</readonly>
         <executable>true</executable>
         <run_address>0x7200</run_address>
         <size>0x28</size>
         <alignment>0x4</alignment>
         <input_file_ref idref="fl-109"/>
      </object_component>
      <object_component id="oc-5b">
         <name>.text:_c_int00_noargs</name>
         <load_address>0x7228</load_address>
         <readonly>true</readonly>
         <executable>true</executable>
         <run_address>0x7228</run_address>
         <size>0x28</size>
         <alignment>0x4</alignment>
         <input_file_ref idref="fl-41"/>
      </object_component>
      <object_component id="oc-1b4">
         <name>.text.DL_I2C_setClockConfig</name>
         <load_address>0x7250</load_address>
         <readonly>true</readonly>
         <executable>true</executable>
         <run_address>0x7250</run_address>
         <size>0x26</size>
         <alignment>0x2</alignment>
         <input_file_ref idref="fl-1b"/>
      </object_component>
      <object_component id="oc-9d">
         <name>.text.OLED_DisplayTurn</name>
         <load_address>0x7276</load_address>
         <readonly>true</readonly>
         <executable>true</executable>
         <run_address>0x7276</run_address>
         <size>0x26</size>
         <alignment>0x2</alignment>
         <input_file_ref idref="fl-b"/>
      </object_component>
      <object_component id="oc-188">
         <name>.text.IMU_TT_getgyro</name>
         <load_address>0x729c</load_address>
         <readonly>true</readonly>
         <executable>true</executable>
         <run_address>0x729c</run_address>
         <size>0x24</size>
         <alignment>0x4</alignment>
         <input_file_ref idref="fl-5"/>
      </object_component>
      <object_component id="oc-a6">
         <name>.text.Motor_ResetLeftEncoder</name>
         <load_address>0x72c0</load_address>
         <readonly>true</readonly>
         <executable>true</executable>
         <run_address>0x72c0</run_address>
         <size>0x24</size>
         <alignment>0x4</alignment>
         <input_file_ref idref="fl-6"/>
      </object_component>
      <object_component id="oc-25e">
         <name>.text.__muldi3</name>
         <load_address>0x72e4</load_address>
         <readonly>true</readonly>
         <executable>true</executable>
         <run_address>0x72e4</run_address>
         <size>0x24</size>
         <alignment>0x4</alignment>
         <input_file_ref idref="fl-10a"/>
      </object_component>
      <object_component id="oc-24f">
         <name>.text.memccpy</name>
         <load_address>0x7308</load_address>
         <readonly>true</readonly>
         <executable>true</executable>
         <run_address>0x7308</run_address>
         <size>0x22</size>
         <alignment>0x2</alignment>
         <input_file_ref idref="fl-3f"/>
      </object_component>
      <object_component id="oc-3b">
         <name>.text.TIMG7_IRQHandler</name>
         <load_address>0x732c</load_address>
         <readonly>true</readonly>
         <executable>true</executable>
         <run_address>0x732c</run_address>
         <size>0x20</size>
         <alignment>0x4</alignment>
         <input_file_ref idref="fl-1"/>
      </object_component>
      <object_component id="oc-21e">
         <name>.text.fputc</name>
         <load_address>0x734c</load_address>
         <readonly>true</readonly>
         <executable>true</executable>
         <run_address>0x734c</run_address>
         <size>0x20</size>
         <alignment>0x4</alignment>
         <input_file_ref idref="fl-1"/>
      </object_component>
      <object_component id="oc-2b0">
         <name>.text.__ashldi3</name>
         <load_address>0x736c</load_address>
         <readonly>true</readonly>
         <executable>true</executable>
         <run_address>0x736c</run_address>
         <size>0x1e</size>
         <alignment>0x4</alignment>
         <input_file_ref idref="fl-115"/>
      </object_component>
      <object_component id="oc-1a9">
         <name>.text.DL_Timer_setCaptCompUpdateMethod</name>
         <load_address>0x738c</load_address>
         <readonly>true</readonly>
         <executable>true</executable>
         <run_address>0x738c</run_address>
         <size>0x1c</size>
         <alignment>0x4</alignment>
         <input_file_ref idref="fl-1c"/>
      </object_component>
      <object_component id="oc-1a6">
         <name>.text.DL_Timer_setClockConfig</name>
         <load_address>0x73a8</load_address>
         <readonly>true</readonly>
         <executable>true</executable>
         <run_address>0x73a8</run_address>
         <size>0x1c</size>
         <alignment>0x4</alignment>
         <input_file_ref idref="fl-1c"/>
      </object_component>
      <object_component id="oc-a7">
         <name>.text.Motor_ResetRightEncoder</name>
         <load_address>0x73c4</load_address>
         <readonly>true</readonly>
         <executable>true</executable>
         <run_address>0x73c4</run_address>
         <size>0x1c</size>
         <alignment>0x4</alignment>
         <input_file_ref idref="fl-6"/>
      </object_component>
      <object_component id="oc-1a8">
         <name>.text.DL_Timer_setCaptureCompareOutCtl</name>
         <load_address>0x73e0</load_address>
         <readonly>true</readonly>
         <executable>true</executable>
         <run_address>0x73e0</run_address>
         <size>0x18</size>
         <alignment>0x4</alignment>
         <input_file_ref idref="fl-1c"/>
      </object_component>
      <object_component id="oc-9b">
         <name>.text.OLED_ColorTurn</name>
         <load_address>0x73f8</load_address>
         <readonly>true</readonly>
         <executable>true</executable>
         <run_address>0x73f8</run_address>
         <size>0x18</size>
         <alignment>0x2</alignment>
         <input_file_ref idref="fl-b"/>
      </object_component>
      <object_component id="oc-263">
         <name>.text.__aeabi_uldivmod</name>
         <load_address>0x7410</load_address>
         <readonly>true</readonly>
         <executable>true</executable>
         <run_address>0x7410</run_address>
         <size>0x14</size>
         <alignment>0x4</alignment>
         <input_file_ref idref="fl-112"/>
      </object_component>
      <object_component id="oc-2a1">
         <name>.text.strchr</name>
         <load_address>0x7424</load_address>
         <readonly>true</readonly>
         <executable>true</executable>
         <run_address>0x7424</run_address>
         <size>0x14</size>
         <alignment>0x2</alignment>
         <input_file_ref idref="fl-38"/>
      </object_component>
      <object_component id="oc-1bb">
         <name>.text.DL_UART_setClockConfig</name>
         <load_address>0x7438</load_address>
         <readonly>true</readonly>
         <executable>true</executable>
         <run_address>0x7438</run_address>
         <size>0x12</size>
         <alignment>0x2</alignment>
         <input_file_ref idref="fl-1d"/>
      </object_component>
      <object_component id="oc-20">
         <name>.text:decompress:none</name>
         <load_address>0x744a</load_address>
         <readonly>true</readonly>
         <executable>true</executable>
         <run_address>0x744a</run_address>
         <size>0x12</size>
         <alignment>0x2</alignment>
         <input_file_ref idref="fl-47"/>
      </object_component>
      <object_component id="oc-148">
         <name>.text.DL_Timer_setCaptureCompareValue</name>
         <load_address>0x745c</load_address>
         <readonly>true</readonly>
         <executable>true</executable>
         <run_address>0x745c</run_address>
         <size>0x10</size>
         <alignment>0x4</alignment>
         <input_file_ref idref="fl-1c"/>
      </object_component>
      <object_component id="oc-151">
         <name>.text.Motor_PID_Init</name>
         <load_address>0x746c</load_address>
         <readonly>true</readonly>
         <executable>true</executable>
         <run_address>0x746c</run_address>
         <size>0x10</size>
         <alignment>0x2</alignment>
         <input_file_ref idref="fl-6"/>
      </object_component>
      <object_component id="oc-25a">
         <name>.text.wcslen</name>
         <load_address>0x747c</load_address>
         <readonly>true</readonly>
         <executable>true</executable>
         <run_address>0x747c</run_address>
         <size>0x10</size>
         <alignment>0x2</alignment>
         <input_file_ref idref="fl-4c"/>
      </object_component>
      <object_component id="oc-58">
         <name>.text:decompress:ZI</name>
         <load_address>0x748c</load_address>
         <readonly>true</readonly>
         <executable>true</executable>
         <run_address>0x748c</run_address>
         <size>0x10</size>
         <alignment>0x2</alignment>
         <input_file_ref idref="fl-46"/>
      </object_component>
      <object_component id="oc-24e">
         <name>.text.__aeabi_memset</name>
         <load_address>0x749c</load_address>
         <readonly>true</readonly>
         <executable>true</executable>
         <run_address>0x749c</run_address>
         <size>0xe</size>
         <alignment>0x4</alignment>
         <input_file_ref idref="fl-110"/>
      </object_component>
      <object_component id="oc-24d">
         <name>.text.strlen</name>
         <load_address>0x74aa</load_address>
         <readonly>true</readonly>
         <executable>true</executable>
         <run_address>0x74aa</run_address>
         <size>0xe</size>
         <alignment>0x2</alignment>
         <input_file_ref idref="fl-38"/>
      </object_component>
      <object_component id="oc-150">
         <name>.text.Motor_Enable</name>
         <load_address>0x74b8</load_address>
         <readonly>true</readonly>
         <executable>true</executable>
         <run_address>0x74b8</run_address>
         <size>0xc</size>
         <alignment>0x4</alignment>
         <input_file_ref idref="fl-6"/>
      </object_component>
      <object_component id="oc-13c">
         <name>.text.Motor_GetLeftEncoderPosition</name>
         <load_address>0x74c4</load_address>
         <readonly>true</readonly>
         <executable>true</executable>
         <run_address>0x74c4</run_address>
         <size>0xc</size>
         <alignment>0x4</alignment>
         <input_file_ref idref="fl-6"/>
      </object_component>
      <object_component id="oc-13e">
         <name>.text.Motor_GetLeftEncoderSpeed</name>
         <load_address>0x74d0</load_address>
         <readonly>true</readonly>
         <executable>true</executable>
         <run_address>0x74d0</run_address>
         <size>0xc</size>
         <alignment>0x4</alignment>
         <input_file_ref idref="fl-6"/>
      </object_component>
      <object_component id="oc-13d">
         <name>.text.Motor_GetRightEncoderPosition</name>
         <load_address>0x74dc</load_address>
         <readonly>true</readonly>
         <executable>true</executable>
         <run_address>0x74dc</run_address>
         <size>0xc</size>
         <alignment>0x4</alignment>
         <input_file_ref idref="fl-6"/>
      </object_component>
      <object_component id="oc-13f">
         <name>.text.Motor_GetRightEncoderSpeed</name>
         <load_address>0x74e8</load_address>
         <readonly>true</readonly>
         <executable>true</executable>
         <run_address>0x74e8</run_address>
         <size>0xc</size>
         <alignment>0x4</alignment>
         <input_file_ref idref="fl-6"/>
      </object_component>
      <object_component id="oc-71">
         <name>.text.__aeabi_memclr</name>
         <load_address>0x74f4</load_address>
         <readonly>true</readonly>
         <executable>true</executable>
         <run_address>0x74f4</run_address>
         <size>0xc</size>
         <alignment>0x4</alignment>
         <input_file_ref idref="fl-110"/>
      </object_component>
      <object_component id="oc-1a2">
         <name>.text.DL_Common_delayCycles</name>
         <load_address>0x7500</load_address>
         <readonly>true</readonly>
         <executable>true</executable>
         <run_address>0x7500</run_address>
         <size>0xa</size>
         <alignment>0x2</alignment>
         <input_file_ref idref="fl-1a"/>
      </object_component>
      <object_component id="oc-2a0">
         <name>.text.OUTLINED_FUNCTION_0</name>
         <load_address>0x750a</load_address>
         <readonly>true</readonly>
         <executable>true</executable>
         <run_address>0x750a</run_address>
         <size>0xa</size>
         <alignment>0x2</alignment>
         <input_file_ref idref="fl-38"/>
      </object_component>
      <object_component id="oc-30f">
         <name>.tramp.__aeabi_dsub.1</name>
         <load_address>0x7514</load_address>
         <readonly>true</readonly>
         <executable>true</executable>
         <run_address>0x7514</run_address>
         <size>0x10</size>
         <alignment>0x4</alignment>
         <input_file_ref idref="fl-fd"/>
      </object_component>
      <object_component id="oc-2ae">
         <name>.text.OUTLINED_FUNCTION_1</name>
         <load_address>0x7524</load_address>
         <readonly>true</readonly>
         <executable>true</executable>
         <run_address>0x7524</run_address>
         <size>0xa</size>
         <alignment>0x2</alignment>
         <input_file_ref idref="fl-38"/>
      </object_component>
      <object_component id="oc-4b">
         <name>.text.__aeabi_memcpy</name>
         <load_address>0x7530</load_address>
         <readonly>true</readonly>
         <executable>true</executable>
         <run_address>0x7530</run_address>
         <size>0x8</size>
         <alignment>0x4</alignment>
         <input_file_ref idref="fl-10f"/>
      </object_component>
      <object_component id="oc-17e">
         <name>.text._outc</name>
         <load_address>0x7538</load_address>
         <readonly>true</readonly>
         <executable>true</executable>
         <run_address>0x7538</run_address>
         <size>0x8</size>
         <alignment>0x2</alignment>
         <input_file_ref idref="fl-37"/>
      </object_component>
      <object_component id="oc-17d">
         <name>.text._outs</name>
         <load_address>0x7540</load_address>
         <readonly>true</readonly>
         <executable>true</executable>
         <run_address>0x7540</run_address>
         <size>0x8</size>
         <alignment>0x2</alignment>
         <input_file_ref idref="fl-37"/>
      </object_component>
      <object_component id="oc-246">
         <name>.text.OUTLINED_FUNCTION_0</name>
         <load_address>0x7548</load_address>
         <readonly>true</readonly>
         <executable>true</executable>
         <run_address>0x7548</run_address>
         <size>0x6</size>
         <alignment>0x2</alignment>
         <input_file_ref idref="fl-34"/>
      </object_component>
      <object_component id="oc-310">
         <name>.tramp.__aeabi_fmul.1</name>
         <load_address>0x7550</load_address>
         <readonly>true</readonly>
         <executable>true</executable>
         <run_address>0x7550</run_address>
         <size>0x10</size>
         <alignment>0x4</alignment>
         <input_file_ref idref="fl-100"/>
      </object_component>
      <object_component id="oc-271">
         <name>.text.OUTLINED_FUNCTION_0</name>
         <load_address>0x7560</load_address>
         <readonly>true</readonly>
         <executable>true</executable>
         <run_address>0x7560</run_address>
         <size>0x6</size>
         <alignment>0x2</alignment>
         <input_file_ref idref="fl-36"/>
      </object_component>
      <object_component id="oc-311">
         <name>.tramp.__aeabi_fdiv.1</name>
         <load_address>0x7568</load_address>
         <readonly>true</readonly>
         <executable>true</executable>
         <run_address>0x7568</run_address>
         <size>0x10</size>
         <alignment>0x4</alignment>
         <input_file_ref idref="fl-101"/>
      </object_component>
      <object_component id="oc-de">
         <name>.text:abort</name>
         <load_address>0x7578</load_address>
         <readonly>true</readonly>
         <executable>true</executable>
         <run_address>0x7578</run_address>
         <size>0x6</size>
         <alignment>0x2</alignment>
         <input_file_ref idref="fl-50"/>
      </object_component>
      <object_component id="oc-194">
         <name>.text.HOSTexit</name>
         <load_address>0x757e</load_address>
         <readonly>true</readonly>
         <executable>true</executable>
         <run_address>0x757e</run_address>
         <size>0x4</size>
         <alignment>0x2</alignment>
         <input_file_ref idref="fl-f1"/>
      </object_component>
      <object_component id="oc-270">
         <name>.text.OUTLINED_FUNCTION_1</name>
         <load_address>0x7582</load_address>
         <readonly>true</readonly>
         <executable>true</executable>
         <run_address>0x7582</run_address>
         <size>0x4</size>
         <alignment>0x2</alignment>
         <input_file_ref idref="fl-36"/>
      </object_component>
      <object_component id="oc-312">
         <name>.tramp.__aeabi_fadd.1</name>
         <load_address>0x7588</load_address>
         <readonly>true</readonly>
         <executable>true</executable>
         <run_address>0x7588</run_address>
         <size>0x10</size>
         <alignment>0x4</alignment>
         <input_file_ref idref="fl-fc"/>
      </object_component>
      <object_component id="oc-2f">
         <name>.text.Reset_Handler</name>
         <load_address>0x7598</load_address>
         <readonly>true</readonly>
         <executable>true</executable>
         <run_address>0x7598</run_address>
         <size>0x4</size>
         <alignment>0x2</alignment>
         <input_file_ref idref="fl-3"/>
      </object_component>
      <object_component id="oc-76">
         <name>.text._system_pre_init</name>
         <load_address>0x759c</load_address>
         <readonly>true</readonly>
         <executable>true</executable>
         <run_address>0x759c</run_address>
         <size>0x4</size>
         <alignment>0x2</alignment>
         <input_file_ref idref="fl-44"/>
      </object_component>
      <object_component id="oc-30b">
         <name>.cinit..data.load</name>
         <load_address>0x92b0</load_address>
         <readonly>true</readonly>
         <run_address>0x92b0</run_address>
         <size>0x51</size>
         <alignment>0x1</alignment>
      </object_component>
      <object_component id="oc-309">
         <name>__TI_handler_table</name>
         <load_address>0x9304</load_address>
         <readonly>true</readonly>
         <run_address>0x9304</run_address>
         <size>0xc</size>
         <alignment>0x4</alignment>
      </object_component>
      <object_component id="oc-30c">
         <name>.cinit..bss.load</name>
         <load_address>0x9310</load_address>
         <readonly>true</readonly>
         <run_address>0x9310</run_address>
         <size>0x8</size>
         <alignment>0x4</alignment>
      </object_component>
      <object_component id="oc-30a">
         <name>__TI_cinit_table</name>
         <load_address>0x9318</load_address>
         <readonly>true</readonly>
         <run_address>0x9318</run_address>
         <size>0x10</size>
         <alignment>0x4</alignment>
      </object_component>
      <object_component id="oc-127">
         <name>.rodata.asc2_2412</name>
         <load_address>0x75a0</load_address>
         <readonly>true</readonly>
         <run_address>0x75a0</run_address>
         <size>0xd5c</size>
         <alignment>0x1</alignment>
         <input_file_ref idref="fl-b"/>
      </object_component>
      <object_component id="oc-125">
         <name>.rodata.asc2_1608</name>
         <load_address>0x82fc</load_address>
         <readonly>true</readonly>
         <run_address>0x82fc</run_address>
         <size>0x5f0</size>
         <alignment>0x1</alignment>
         <input_file_ref idref="fl-b"/>
      </object_component>
      <object_component id="oc-126">
         <name>.rodata.asc2_1206</name>
         <load_address>0x88ec</load_address>
         <readonly>true</readonly>
         <run_address>0x88ec</run_address>
         <size>0x474</size>
         <alignment>0x1</alignment>
         <input_file_ref idref="fl-b"/>
      </object_component>
      <object_component id="oc-27f">
         <name>.rodata:__aeabi_ctype_table_</name>
         <load_address>0x8d60</load_address>
         <readonly>true</readonly>
         <run_address>0x8d60</run_address>
         <size>0x101</size>
         <alignment>0x10</alignment>
[...]
      <symbol id="sm-253">
         <name>DL_I2C_fillControllerTXFIFO</name>
         <value>0x67e5</value>
         <object_component_ref idref="oc-205"/>
      </symbol>
      <symbol id="sm-254">
         <name>DL_I2C_flushControllerTXFIFO</name>
         <value>0x6f69</value>
         <object_component_ref idref="oc-204"/>
      </symbol>
      <symbol id="sm-270">
         <name>DL_Timer_setClockConfig</name>
         <value>0x73a9</value>
         <object_component_ref idref="oc-1a6"/>
      </symbol>
      <symbol id="sm-271">
         <name>DL_Timer_initTimerMode</name>
         <value>0x56f5</value>
         <object_component_ref idref="oc-1ad"/>
      </symbol>
      <symbol id="sm-272">
         <name>DL_Timer_setCaptureCompareValue</name>
         <value>0x745d</value>
         <object_component_ref idref="oc-148"/>
      </symbol>
      <symbol id="sm-273">
         <name>DL_Timer_setCaptCompUpdateMethod</name>
         <value>0x738d</value>
         <object_component_ref idref="oc-1a9"/>
      </symbol>
      <symbol id="sm-274">
         <name>DL_Timer_setCaptureCompareOutCtl</name>
         <value>0x73e1</value>
         <object_component_ref idref="oc-1a8"/>
      </symbol>
      <symbol id="sm-275">
         <name>DL_Timer_initFourCCPWMMode</name>
         <value>0x55f1</value>
         <object_component_ref idref="oc-1a7"/>
      </symbol>
      <symbol id="sm-282">
         <name>DL_UART_init</name>
         <value>0x6d95</value>
         <object_component_ref idref="oc-1c1"/>
      </symbol>
      <symbol id="sm-283">
         <name>DL_UART_setClockConfig</name>
         <value>0x7439</value>
         <object_component_ref idref="oc-1bb"/>
      </symbol>
      <symbol id="sm-291">
         <name>asinf</name>
         <value>0x49d9</value>
         <object_component_ref idref="oc-1f9"/>
      </symbol>
      <symbol id="sm-29f">
         <name>atan2f</name>
         <value>0x52b9</value>
         <object_component_ref idref="oc-1f5"/>
      </symbol>
      <symbol id="sm-2b3">
         <name>atanf</name>
         <value>0x43a9</value>
         <object_component_ref idref="oc-238"/>
      </symbol>
      <symbol id="sm-2c4">
         <name>printf</name>
         <value>0x68a1</value>
         <object_component_ref idref="oc-ca"/>
      </symbol>
      <symbol id="sm-30d">
         <name>__TI_printfi</name>
         <value>0x18ed</value>
         <object_component_ref idref="oc-213"/>
      </symbol>
      <symbol id="sm-318">
         <name>__aeabi_errno_addr</name>
         <value>0x6449</value>
         <object_component_ref idref="oc-241"/>
      </symbol>
      <symbol id="sm-319">
         <name>__aeabi_errno</name>
         <value>0x20203808</value>
         <object_component_ref idref="oc-275"/>
      </symbol>
      <symbol id="sm-322">
         <name>_nop</name>
         <value>0x609f</value>
         <object_component_ref idref="oc-214"/>
      </symbol>
      <symbol id="sm-323">
         <name>_lock</name>
         <value>0x2020380c</value>
         <object_component_ref idref="oc-179"/>
      </symbol>
      <symbol id="sm-324">
         <name>_unlock</name>
         <value>0x20203810</value>
         <object_component_ref idref="oc-17f"/>
      </symbol>
      <symbol id="sm-32d">
         <name>__TI_ltoa</name>
         <value>0x6a5d</value>
         <object_component_ref idref="oc-298"/>
      </symbol>
      <symbol id="sm-338">
         <name>atoi</name>
         <value>0x6ee9</value>
         <object_component_ref idref="oc-256"/>
      </symbol>
      <symbol id="sm-33d">
         <name>_ftable</name>
         <value>0x202036b8</value>
         <object_component_ref idref="oc-17b"/>
      </symbol>
      <symbol id="sm-346">
         <name>memccpy</name>
         <value>0x7309</value>
         <object_component_ref idref="oc-24f"/>
      </symbol>
      <symbol id="sm-352">
         <name>_c_int00_noargs</name>
         <value>0x7229</value>
         <object_component_ref idref="oc-5b"/>
      </symbol>
      <symbol id="sm-353">
         <name>__stack</name>
         <value>0x20207e00</value>
         <object_component_ref idref="oc-1a"/>
      </symbol>
      <symbol id="sm-35f">
         <name>__TI_auto_init_nobinit_nopinit</name>
         <value>0x7059</value>
         <object_component_ref idref="oc-e5"/>
      </symbol>
      <symbol id="sm-367">
         <name>_system_pre_init</name>
         <value>0x759d</value>
         <object_component_ref idref="oc-76"/>
      </symbol>
      <symbol id="sm-372">
         <name>__TI_zero_init</name>
         <value>0x748d</value>
         <object_component_ref idref="oc-58"/>
      </symbol>
      <symbol id="sm-37b">
         <name>__TI_decompress_none</name>
         <value>0x744b</value>
         <object_component_ref idref="oc-20"/>
      </symbol>
      <symbol id="sm-386">
         <name>__TI_decompress_lzss</name>
         <value>0x6359</value>
         <object_component_ref idref="oc-1c"/>
      </symbol>
      <symbol id="sm-390">
         <name>sqrt</name>
         <value>0x4705</value>
         <object_component_ref idref="oc-247"/>
      </symbol>
      <symbol id="sm-391">
         <name>sqrtl</name>
         <value>0x4705</value>
         <object_component_ref idref="oc-247"/>
      </symbol>
      <symbol id="sm-39b">
         <name>frexp</name>
         <value>0x6845</value>
         <object_component_ref idref="oc-28c"/>
      </symbol>
      <symbol id="sm-39c">
         <name>frexpl</name>
         <value>0x6845</value>
         <object_component_ref idref="oc-28c"/>
      </symbol>
      <symbol id="sm-3a6">
         <name>scalbn</name>
         <value>0x5b99</value>
         <object_component_ref idref="oc-290"/>
      </symbol>
      <symbol id="sm-3a7">
         <name>ldexp</name>
         <value>0x5b99</value>
         <object_component_ref idref="oc-290"/>
      </symbol>
      <symbol id="sm-3a8">
         <name>scalbnl</name>
         <value>0x5b99</value>
         <object_component_ref idref="oc-290"/>
      </symbol>
      <symbol id="sm-3a9">
         <name>ldexpl</name>
         <value>0x5b99</value>
         <object_component_ref idref="oc-290"/>
      </symbol>
      <symbol id="sm-3b2">
         <name>wcslen</name>
         <value>0x747d</value>
         <object_component_ref idref="oc-25a"/>
      </symbol>
      <symbol id="sm-3b5">
         <name>__aeabi_ctype_table_</name>
         <value>0x8d60</value>
         <object_component_ref idref="oc-27f"/>
      </symbol>
      <symbol id="sm-3b6">
         <name>__aeabi_ctype_table_C</name>
         <value>0x8d60</value>
         <object_component_ref idref="oc-27f"/>
      </symbol>
      <symbol id="sm-3c0">
         <name>abort</name>
         <value>0x7579</value>
         <object_component_ref idref="oc-de"/>
      </symbol>
      <symbol id="sm-3c9">
         <name>HOSTexit</name>
         <value>0x757f</value>
         <object_component_ref idref="oc-194"/>
      </symbol>
      <symbol id="sm-3ca">
         <name>C$$EXIT</name>
         <value>0x757e</value>
         <object_component_ref idref="oc-194"/>
      </symbol>
      <symbol id="sm-3da">
         <name>__aeabi_fadd</name>
         <value>0x5c7b</value>
         <object_component_ref idref="oc-d4"/>
      </symbol>
      <symbol id="sm-3db">
         <name>__addsf3</name>
         <value>0x5c7b</value>
         <object_component_ref idref="oc-d4"/>
      </symbol>
      <symbol id="sm-3dc">
         <name>__aeabi_fsub</name>
         <value>0x5c71</value>
         <object_component_ref idref="oc-d4"/>
      </symbol>
      <symbol id="sm-3dd">
         <name>__subsf3</name>
         <value>0x5c71</value>
         <object_component_ref idref="oc-d4"/>
      </symbol>
      <symbol id="sm-3e6">
         <name>__aeabi_dadd</name>
         <value>0x457b</value>
         <object_component_ref idref="oc-1d8"/>
      </symbol>
      <symbol id="sm-3e7">
         <name>__adddf3</name>
         <value>0x457b</value>
         <object_component_ref idref="oc-1d8"/>
      </symbol>
      <symbol id="sm-3e8">
         <name>__aeabi_dsub</name>
         <value>0x4571</value>
         <object_component_ref idref="oc-1d8"/>
      </symbol>
      <symbol id="sm-3e9">
         <name>__subdf3</name>
         <value>0x4571</value>
         <object_component_ref idref="oc-1d8"/>
      </symbol>
      <symbol id="sm-3f2">
         <name>__aeabi_dmul</name>
         <value>0x59d9</value>
         <object_component_ref idref="oc-1dc"/>
      </symbol>
      <symbol id="sm-3f3">
         <name>__muldf3</name>
         <value>0x59d9</value>
         <object_component_ref idref="oc-1dc"/>
      </symbol>
      <symbol id="sm-3f9">
         <name>__muldsi3</name>
         <value>0x70d1</value>
         <object_component_ref idref="oc-182"/>
      </symbol>
      <symbol id="sm-3ff">
         <name>__aeabi_fmul</name>
         <value>0x6139</value>
         <object_component_ref idref="oc-d0"/>
      </symbol>
      <symbol id="sm-400">
         <name>__mulsf3</name>
         <value>0x6139</value>
         <object_component_ref idref="oc-d0"/>
      </symbol>
      <symbol id="sm-409">
         <name>__aeabi_fdiv</name>
         <value>0x62d5</value>
         <object_component_ref idref="oc-bc"/>
      </symbol>
      <symbol id="sm-40a">
         <name>__divsf3</name>
         <value>0x62d5</value>
         <object_component_ref idref="oc-bc"/>
      </symbol>
      <symbol id="sm-413">
         <name>__aeabi_ddiv</name>
         <value>0x54e5</value>
         <object_component_ref idref="oc-1e7"/>
      </symbol>
      <symbol id="sm-414">
         <name>__divdf3</name>
         <value>0x54e5</value>
         <object_component_ref idref="oc-1e7"/>
      </symbol>
      <symbol id="sm-41a">
         <name>__aeabi_f2d</name>
         <value>0x6ea9</value>
         <object_component_ref idref="oc-c6"/>
      </symbol>
      <symbol id="sm-41b">
         <name>__extendsfdf2</name>
         <value>0x6ea9</value>
         <object_component_ref idref="oc-c6"/>
      </symbol>
      <symbol id="sm-421">
         <name>__aeabi_d2iz</name>
         <value>0x6d49</value>
         <object_component_ref idref="oc-294"/>
      </symbol>
      <symbol id="sm-422">
         <name>__fixdfsi</name>
         <value>0x6d49</value>
         <object_component_ref idref="oc-294"/>
      </symbol>
      <symbol id="sm-428">
         <name>__aeabi_f2iz</name>
         <value>0x710d</value>
         <object_component_ref idref="oc-15c"/>
      </symbol>
      <symbol id="sm-429">
         <name>__fixsfsi</name>
         <value>0x710d</value>
         <object_component_ref idref="oc-15c"/>
      </symbol>
      <symbol id="sm-42f">
         <name>__aeabi_f2uiz</name>
         <value>0x7145</value>
         <object_component_ref idref="oc-220"/>
      </symbol>
      <symbol id="sm-430">
         <name>__fixunssfsi</name>
         <value>0x7145</value>
         <object_component_ref idref="oc-220"/>
      </symbol>
      <symbol id="sm-436">
         <name>__aeabi_i2d</name>
         <value>0x71d5</value>
         <object_component_ref idref="oc-29c"/>
      </symbol>
      <symbol id="sm-437">
         <name>__floatsidf</name>
         <value>0x71d5</value>
         <object_component_ref idref="oc-29c"/>
      </symbol>
      <symbol id="sm-43d">
         <name>__aeabi_i2f</name>
         <value>0x6fa5</value>
         <object_component_ref idref="oc-152"/>
      </symbol>
      <symbol id="sm-43e">
         <name>__floatsisf</name>
         <value>0x6fa5</value>
         <object_component_ref idref="oc-152"/>
      </symbol>
      <symbol id="sm-444">
         <name>__aeabi_ui2f</name>
         <value>0x7201</value>
         <object_component_ref idref="oc-b8"/>
      </symbol>
      <symbol id="sm-445">
         <name>__floatunsisf</name>
         <value>0x7201</value>
         <object_component_ref idref="oc-b8"/>
      </symbol>
      <symbol id="sm-44b">
         <name>__aeabi_lmul</name>
         <value>0x72e5</value>
         <object_component_ref idref="oc-25e"/>
      </symbol>
      <symbol id="sm-44c">
         <name>__muldi3</name>
         <value>0x72e5</value>
         <object_component_ref idref="oc-25e"/>
      </symbol>
      <symbol id="sm-453">
         <name>__aeabi_d2f</name>
         <value>0x6451</value>
         <object_component_ref idref="oc-1eb"/>
      </symbol>
      <symbol id="sm-454">
         <name>__truncdfsf2</name>
         <value>0x6451</value>
         <object_component_ref idref="oc-1eb"/>
      </symbol>
      <symbol id="sm-45a">
         <name>__aeabi_dcmpeq</name>
         <value>0x65fd</value>
         <object_component_ref idref="oc-268"/>
      </symbol>
      <symbol id="sm-45b">
         <name>__aeabi_dcmplt</name>
         <value>0x6611</value>
         <object_component_ref idref="oc-268"/>
      </symbol>
      <symbol id="sm-45c">
         <name>__aeabi_dcmple</name>
         <value>0x6625</value>
         <object_component_ref idref="oc-268"/>
      </symbol>
      <symbol id="sm-45d">
         <name>__aeabi_dcmpge</name>
         <value>0x6639</value>
         <object_component_ref idref="oc-268"/>
      </symbol>
      <symbol id="sm-45e">
         <name>__aeabi_dcmpgt</name>
         <value>0x664d</value>
         <object_component_ref idref="oc-268"/>
      </symbol>
      <symbol id="sm-464">
         <name>__aeabi_fcmpeq</name>
         <value>0x6661</value>
         <object_component_ref idref="oc-156"/>
      </symbol>
      <symbol id="sm-465">
         <name>__aeabi_fcmplt</name>
         <value>0x6675</value>
         <object_component_ref idref="oc-156"/>
      </symbol>
      <symbol id="sm-466">
         <name>__aeabi_fcmple</name>
         <value>0x6689</value>
         <object_component_ref idref="oc-156"/>
      </symbol>
      <symbol id="sm-467">
         <name>__aeabi_fcmpge</name>
         <value>0x669d</value>
         <object_component_ref idref="oc-156"/>
      </symbol>
      <symbol id="sm-468">
         <name>__aeabi_fcmpgt</name>
         <value>0x66b1</value>
         <object_component_ref idref="oc-156"/>
      </symbol>
      <symbol id="sm-46e">
         <name>__aeabi_idiv</name>
         <value>0x6b0d</value>
         <object_component_ref idref="oc-2bc"/>
      </symbol>
      <symbol id="sm-46f">
         <name>__aeabi_idivmod</name>
         <value>0x6b0d</value>
         <object_component_ref idref="oc-2bc"/>
      </symbol>
      <symbol id="sm-475">
         <name>__aeabi_memcpy</name>
         <value>0x7531</value>
         <object_component_ref idref="oc-4b"/>
      </symbol>
      <symbol id="sm-476">
         <name>__aeabi_memcpy4</name>
         <value>0x7531</value>
         <object_component_ref idref="oc-4b"/>
      </symbol>
      <symbol id="sm-477">
         <name>__aeabi_memcpy8</name>
         <value>0x7531</value>
         <object_component_ref idref="oc-4b"/>
      </symbol>
      <symbol id="sm-480">
         <name>__aeabi_memset</name>
         <value>0x749d</value>
         <object_component_ref idref="oc-24e"/>
      </symbol>
      <symbol id="sm-481">
         <name>__aeabi_memset4</name>
         <value>0x749d</value>
         <object_component_ref idref="oc-24e"/>
      </symbol>
      <symbol id="sm-482">
         <name>__aeabi_memset8</name>
         <value>0x749d</value>
         <object_component_ref idref="oc-24e"/>
      </symbol>
      <symbol id="sm-483">
         <name>__aeabi_memclr</name>
         <value>0x74f5</value>
         <object_component_ref idref="oc-71"/>
      </symbol>
      <symbol id="sm-484">
         <name>__aeabi_memclr4</name>
         <value>0x74f5</value>
         <object_component_ref idref="oc-71"/>
      </symbol>
      <symbol id="sm-485">
         <name>__aeabi_memclr8</name>
         <value>0x74f5</value>
         <object_component_ref idref="oc-71"/>
      </symbol>
      <symbol id="sm-48b">
         <name>__aeabi_uidiv</name>
         <value>0x6e69</value>
         <object_component_ref idref="oc-121"/>
      </symbol>
      <symbol id="sm-48c">
         <name>__aeabi_uidivmod</name>
         <value>0x6e69</value>
         <object_component_ref idref="oc-121"/>
      </symbol>
      <symbol id="sm-492">
         <name>__aeabi_uldivmod</name>
         <value>0x7411</value>
         <object_component_ref idref="oc-263"/>
      </symbol>
      <symbol id="sm-49b">
         <name>__eqsf2</name>
         <value>0x7095</value>
         <object_component_ref idref="oc-1d1"/>
      </symbol>
      <symbol id="sm-49c">
         <name>__lesf2</name>
         <value>0x7095</value>
         <object_component_ref idref="oc-1d1"/>
      </symbol>
      <symbol id="sm-49d">
         <name>__ltsf2</name>
         <value>0x7095</value>
         <object_component_ref idref="oc-1d1"/>
      </symbol>
      <symbol id="sm-49e">
         <name>__nesf2</name>
         <value>0x7095</value>
         <object_component_ref idref="oc-1d1"/>
      </symbol>
      <symbol id="sm-49f">
         <name>__cmpsf2</name>
         <value>0x7095</value>
         <object_component_ref idref="oc-1d1"/>
      </symbol>
      <symbol id="sm-4a0">
         <name>__gtsf2</name>
         <value>0x6fe1</value>
         <object_component_ref idref="oc-1d6"/>
      </symbol>
      <symbol id="sm-4a1">
         <name>__gesf2</name>
         <value>0x6fe1</value>
         <object_component_ref idref="oc-1d6"/>
      </symbol>
      <symbol id="sm-4a7">
         <name>__udivmoddi4</name>
         <value>0x5ec5</value>
         <object_component_ref idref="oc-287"/>
      </symbol>
      <symbol id="sm-4ad">
         <name>__aeabi_llsl</name>
         <value>0x736d</value>
         <object_component_ref idref="oc-2b0"/>
      </symbol>
      <symbol id="sm-4ae">
         <name>__ashldi3</name>
         <value>0x736d</value>
         <object_component_ref idref="oc-2b0"/>
      </symbol>
      <symbol id="sm-4bc">
         <name>__ledf2</name>
         <value>0x652d</value>
         <object_component_ref idref="oc-2a5"/>
      </symbol>
      <symbol id="sm-4bd">
         <name>__gedf2</name>
         <value>0x63d5</value>
         <object_component_ref idref="oc-2ab"/>
      </symbol>
      <symbol id="sm-4be">
         <name>__cmpdf2</name>
         <value>0x652d</value>
         <object_component_ref idref="oc-2a5"/>
      </symbol>
      <symbol id="sm-4bf">
         <name>__eqdf2</name>
         <value>0x652d</value>
         <object_component_ref idref="oc-2a5"/>
      </symbol>
      <symbol id="sm-4c0">
         <name>__ltdf2</name>
         <value>0x652d</value>
         <object_component_ref idref="oc-2a5"/>
      </symbol>
      <symbol id="sm-4c1">
         <name>__nedf2</name>
         <value>0x652d</value>
         <object_component_ref idref="oc-2a5"/>
      </symbol>
      <symbol id="sm-4c2">
         <name>__gtdf2</name>
         <value>0x63d5</value>
         <object_component_ref idref="oc-2ab"/>
      </symbol>
      <symbol id="sm-4ce">
         <name>__aeabi_idiv0</name>
         <value>0x58e7</value>
         <object_component_ref idref="oc-1c8"/>
      </symbol>
      <symbol id="sm-4cf">
         <name>__aeabi_ldiv0</name>
         <value>0x5f67</value>
         <object_component_ref idref="oc-2af"/>
      </symbol>
      <symbol id="sm-4e8">
         <name>memcpy</name>
         <value>0x6005</value>
         <object_component_ref idref="oc-8c"/>
      </symbol>
      <symbol id="sm-4f7">
         <name>memset</name>
         <value>0x66c3</value>
         <object_component_ref idref="oc-fd"/>
      </symbol>
      <symbol id="sm-4f8">
         <name>__TI_static_base__</name>
         <value>0x0</value>
      </symbol>
      <symbol id="sm-4fc">
         <name>__mpu_init</name>
         <value>0x0</value>
      </symbol>
      <symbol id="sm-4fd">
         <name>_system_post_cinit</name>
         <value>0x0</value>
      </symbol>
   </symbol_table>
   <title>Link successful</title>
</link_info>
