******************************************************************************
            TI ARM Clang Linker PC v4.0.4                      
******************************************************************************
>> Linked Wed Jul 22 17:16:14 2026

OUTPUT FILE NAME:   <A1_UpdataMotor.out>
ENTRY POINT SYMBOL: "_c_int00_noargs"  address: 00007229


MEMORY CONFIGURATION

         name            origin    length      used     unused   attr    fill
----------------------  --------  ---------  --------  --------  ----  --------
  FLASH                 00000000   00020000  00009328  00016cd8  R  X
  SRAM                  20200000   00008000  00003a66  0000459a  RW X
  BCR_CONFIG            41c00000   000000ff  00000000  000000ff  R   
  BSL_CONFIG            41c00100   00000080  00000000  00000080  R   


SEGMENT ALLOCATION MAP

run origin  load origin   length   init length attrs members
----------  ----------- ---------- ----------- ----- -------
00000000    00000000    00009328   00009328    r-x
  00000000    00000000    000000c0   000000c0    r-- .intvecs
  000000c0    000000c0    000074e0   000074e0    r-x .text
  000075a0    000075a0    00001d10   00001d10    r-- .rodata
  000092b0    000092b0    00000078   00000078    r-- .cinit
20200000    20200000    00003866   00000000    rw-
  20200000    20200000    000036b8   00000000    rw- .bss
  202036b8    202036b8    000001ae   00000000    rw- .data
20207e00    20207e00    00000200   00000000    rw-
  20207e00    20207e00    00000200   00000000    rw- .stack


SECTION ALLOCATION MAP

 output                                  attributes/
section   page    origin      length       input sections
--------  ----  ----------  ----------   ----------------
.intvecs   0    00000000    000000c0     
                  00000000    000000c0     startup_mspm0g350x_ticlang.o (.intvecs)

.text      0    000000c0    000074e0     
                  000000c0    00000c70     oled.o (.text.OLED_Clear)
                  00000d30    00000bbc     IMU.o (.text.IMU_getYawPitchRoll)
                  000018ec    000009d0     libc.a : _printfi.c.obj (.text:__TI_printfi)
                  000022bc    00000890     empty.o (.text.task4)
                  00002b4c    000005c4     oled.o (.text.OLED_ShowFloat)
                  00003110    00000490     oled.o (.text.OLED_ShowNum)
                  000035a0    000003bc     oled.o (.text.OLED_WR_Byte)
                  0000395c    00000260     oled.o (.text.OLED_ShowString)
                  00003bbc    00000228     empty.o (.text.task1)
                  00003de4    00000220     libc.a : _printfi.c.obj (.text._pconv_a)
                  00004004    000001dc            : _printfi.c.obj (.text._pconv_g)
                  000041e0    000001c8     oled.o (.text.OLED_Refresh)
                  000043a8    000001c8     libc.a : s_atanf.c.obj (.text.atanf)
                  00004570    00000192     libclang_rt.builtins.a : adddf3.S.obj (.text.adddf3_subdf3)
                  00004702    00000002     startup_mspm0g350x_ticlang.o (.text.Default_Handler)
                  00004704    00000170     libc.a : e_sqrt.c.obj (.text.sqrt)
                  00004874    00000164     ti_msp_dl_config.o (.text.SYSCFG_DL_GPIO_init)
                  000049d8    00000160     libc.a : e_asinf.c.obj (.text.asinf)
                  00004b38    00000158     empty.o (.text.main)
                  00004c90    00000158     empty.o (.text.task3)
                  00004de8    00000154     icm42688.o (.text.ICM42688_Init)
                  00004f3c    0000013c     libc.a : _printfi.c.obj (.text.fcvt)
                  00005078    00000120     I2C_communication.o (.text.I2C_ReadReg)
                  00005198    00000120     libc.a : _printfi.c.obj (.text._pconv_e)
                  000052b8    00000118            : e_atan2f.c.obj (.text.atan2f)
                  000053d0    00000114     key.o (.text.key_read)
                  000054e4    0000010c     libclang_rt.builtins.a : divdf3.S.obj (.text.__divdf3)
                  000055f0    00000104     driverlib.a : dl_timer.o (.text.DL_Timer_initFourCCPWMMode)
                  000056f4    000000fc                 : dl_timer.o (.text.DL_Timer_initTimerMode)
                  000057f0    000000f6     oled.o (.text.OLED_Init)
                  000058e6    00000002     libclang_rt.builtins.a : aeabi_div0.c.obj (.text.__aeabi_idiv0)
                  000058e8    000000f0     Motor.o (.text.Motor_SetSpeed)
                  000059d8    000000e4     libclang_rt.builtins.a : muldf3.S.obj (.text.__muldf3)
                  00005abc    000000dc     icm42688.o (.text.ICM42688_ReadMotion6)
                  00005b98    000000d8     libc.a : s_scalbn.c.obj (.text.scalbn)
                  00005c70    000000d8     libclang_rt.builtins.a : addsf3.S.obj (.text)
                  00005d48    000000c0     I2C_communication.o (.text.I2C_WriteReg)
                  00005e08    000000bc     delay.o (.text.delay_ms)
                  00005ec4    000000a2     libclang_rt.builtins.a : udivmoddi4.S.obj (.text)
                  00005f66    00000002                            : aeabi_div0.c.obj (.text.__aeabi_ldiv0)
                  00005f68    0000009c     ti_msp_dl_config.o (.text.SYSCFG_DL_PWM_0_init)
                  00006004    0000009a     libc.a : memcpy16.S.obj (.text:memcpy)
                  0000609e    00000002            : _lock.c.obj (.text._nop)
                  000060a0    00000098     Motor.o (.text.Motor_Encoder_UpdateSpeed)
                  00006138    0000008c     libclang_rt.builtins.a : mulsf3.S.obj (.text.__mulsf3)
                  000061c4    00000088     Motor.o (.text.Motor_PID_Calculate)
                  0000624c    00000088     ti_msp_dl_config.o (.text.SYSCFG_DL_initPower)
                  000062d4    00000082     libclang_rt.builtins.a : divsf3.S.obj (.text.__divsf3)
                  00006356    00000002     --HOLE-- [fill = 0]
                  00006358    0000007c     libc.a : copy_decompress_lzss.c.obj (.text:decompress:lzss)
                  000063d4    00000074     libclang_rt.builtins.a : comparedf2.c.obj (.text.__gedf2)
                  00006448    00000008     libc.a : aeabi_portable.c.obj (.text.__aeabi_errno_addr)
                  00006450    00000074     libclang_rt.builtins.a : truncdfsf2.S.obj (.text.__truncdfsf2)
                  000064c4    00000068     ti_msp_dl_config.o (.text.SYSCFG_DL_QEI_0_init)
                  0000652c    00000068     libclang_rt.builtins.a : comparedf2.c.obj (.text.__ledf2)
                  00006594    00000066     libc.a : _printfi.c.obj (.text._mcpy)
                  000065fa    00000002     --HOLE-- [fill = 0]
                  000065fc    00000062     libclang_rt.builtins.a : aeabi_dcmp.S.obj (.text.__aeabi_dcmp)
                  0000665e    00000002     --HOLE-- [fill = 0]
                  00006660    00000062                            : aeabi_fcmp.S.obj (.text.__aeabi_fcmp)
                  000066c2    00000062     libc.a : memset16.S.obj (.text:memset)
                  00006724    00000060     ti_msp_dl_config.o (.text.SYSCFG_DL_UART_ICM_init)
                  00006784    00000060     ti_msp_dl_config.o (.text.SYSCFG_DL_UART_XG_init)
                  000067e4    0000005e     driverlib.a : dl_i2c.o (.text.DL_I2C_fillControllerTXFIFO)
                  00006842    00000002     --HOLE-- [fill = 0]
                  00006844    0000005c     libc.a : s_frexp.c.obj (.text.frexp)
                  000068a0    0000005c            : printf.c.obj (.text.printf)
                  000068fc    00000058     IMU.o (.text.IMU_init)
                  00006954    00000058     ti_msp_dl_config.o (.text.SYSCFG_DL_TIMER_GB_init)
                  000069ac    00000058     ti_msp_dl_config.o (.text.SYSCFG_DL_init)
                  00006a04    00000058     Motor.o (.text.TIMG8_IRQHandler)
                  00006a5c    00000058     libc.a : _ltoa.c.obj (.text.__TI_ltoa)
                  00006ab4    00000058            : _printfi.c.obj (.text._pconv_f)
                  00006b0c    00000056     libclang_rt.builtins.a : aeabi_idivmod.S.obj (.text.__aeabi_idivmod)
                  00006b62    00000002     --HOLE-- [fill = 0]
                  00006b64    00000054     ti_msp_dl_config.o (.text.SYSCFG_DL_I2C_1_init)
                  00006bb8    00000054     ti_msp_dl_config.o (.text.SYSCFG_DL_SYSCTL_init)
                  00006c0c    00000052     libc.a : _printfi.c.obj (.text._ecpy)
                  00006c5e    00000002     --HOLE-- [fill = 0]
                  00006c60    00000050     Motor.o (.text.GROUP1_IRQHandler)
                  00006cb0    0000004c     Motor.o (.text.Motor_Disable)
                  00006cfc    0000004c     Motor.o (.text.Motor_Encoder_Init)
                  00006d48    0000004a     libclang_rt.builtins.a : fixdfsi.S.obj (.text.__fixdfsi)
                  00006d92    00000002     --HOLE-- [fill = 0]
                  00006d94    00000048     driverlib.a : dl_uart.o (.text.DL_UART_init)
                  00006ddc    00000048     ti_msp_dl_config.o (.text.SYSCFG_DL_TIMER_count_init)
                  00006e24    00000044     empty.o (.text.puts)
                  00006e68    00000040     libclang_rt.builtins.a : aeabi_uidivmod.S.obj (.text.__aeabi_uidivmod)
                  00006ea8    00000040                            : extendsfdf2.S.obj (.text.__extendsfdf2)
                  00006ee8    00000040     libc.a : atoi.c.obj (.text.atoi)
                  00006f28    00000040     delay.o (.text.delay_us)
                  00006f68    0000003c     driverlib.a : dl_i2c.o (.text.DL_I2C_flushControllerTXFIFO)
                  00006fa4    0000003c     libclang_rt.builtins.a : floatsisf.S.obj (.text.__floatsisf)
                  00006fe0    0000003c                            : comparesf2.S.obj (.text.__gtsf2)
                  0000701c    0000003c     empty.o (.text.fputs)
                  00007058    0000003c     libc.a : autoinit.c.obj (.text:__TI_auto_init_nobinit_nopinit)
                  00007094    0000003a     libclang_rt.builtins.a : comparesf2.S.obj (.text.__eqsf2)
                  000070ce    00000002     --HOLE-- [fill = 0]
                  000070d0    0000003a                            : muldsi3.S.obj (.text.__muldsi3)
                  0000710a    00000002     --HOLE-- [fill = 0]
                  0000710c    00000038                            : fixsfsi.S.obj (.text.__fixsfsi)
                  00007144    00000032                            : fixunssfsi.S.obj (.text.__fixunssfsi)
                  00007176    00000030     libc.a : _printfi.c.obj (.text._fcpy)
                  000071a6    00000002     --HOLE-- [fill = 0]
                  000071a8    0000002c     ti_msp_dl_config.o (.text.SYSCFG_DL_TIMER_0_init)
                  000071d4    0000002c     libclang_rt.builtins.a : floatsidf.S.obj (.text.__floatsidf)
                  00007200    00000028                            : floatunsisf.S.obj (.text.__floatunsisf)
                  00007228    00000028     libc.a : boot_cortex_m.c.obj (.text:_c_int00_noargs)
                  00007250    00000026     driverlib.a : dl_i2c.o (.text.DL_I2C_setClockConfig)
                  00007276    00000026     oled.o (.text.OLED_DisplayTurn)
                  0000729c    00000024     IMU.o (.text.IMU_TT_getgyro)
                  000072c0    00000024     Motor.o (.text.Motor_ResetLeftEncoder)
                  000072e4    00000024     libclang_rt.builtins.a : muldi3.S.obj (.text.__muldi3)
                  00007308    00000022     libc.a : memccpy.c.obj (.text.memccpy)
                  0000732a    00000002     --HOLE-- [fill = 0]
                  0000732c    00000020     empty.o (.text.TIMG7_IRQHandler)
                  0000734c    00000020     empty.o (.text.fputc)
                  0000736c    0000001e     libclang_rt.builtins.a : ashldi3.S.obj (.text.__ashldi3)
                  0000738a    00000002     --HOLE-- [fill = 0]
                  0000738c    0000001c     driverlib.a : dl_timer.o (.text.DL_Timer_setCaptCompUpdateMethod)
                  000073a8    0000001c                 : dl_timer.o (.text.DL_Timer_setClockConfig)
                  000073c4    0000001c     Motor.o (.text.Motor_ResetRightEncoder)
                  000073e0    00000018     driverlib.a : dl_timer.o (.text.DL_Timer_setCaptureCompareOutCtl)
                  000073f8    00000018     oled.o (.text.OLED_ColorTurn)
                  00007410    00000014     libclang_rt.builtins.a : aeabi_uldivmod.S.obj (.text.__aeabi_uldivmod)
                  00007424    00000014     libc.a : _printfi.c.obj (.text.strchr)
                  00007438    00000012     driverlib.a : dl_uart.o (.text.DL_UART_setClockConfig)
                  0000744a    00000012     libc.a : copy_decompress_none.c.obj (.text:decompress:none)
                  0000745c    00000010     driverlib.a : dl_timer.o (.text.DL_Timer_setCaptureCompareValue)
                  0000746c    00000010     Motor.o (.text.Motor_PID_Init)
                  0000747c    00000010     libc.a : wcslen.c.obj (.text.wcslen)
                  0000748c    00000010            : copy_zero_init.c.obj (.text:decompress:ZI)
                  0000749c    0000000e     libclang_rt.builtins.a : aeabi_memset.S.obj (.text.__aeabi_memset)
                  000074aa    0000000e     libc.a : _printfi.c.obj (.text.strlen)
                  000074b8    0000000c     Motor.o (.text.Motor_Enable)
                  000074c4    0000000c     Motor.o (.text.Motor_GetLeftEncoderPosition)
                  000074d0    0000000c     Motor.o (.text.Motor_GetLeftEncoderSpeed)
                  000074dc    0000000c     Motor.o (.text.Motor_GetRightEncoderPosition)
                  000074e8    0000000c     Motor.o (.text.Motor_GetRightEncoderSpeed)
                  000074f4    0000000c     libclang_rt.builtins.a : aeabi_memset.S.obj (.text.__aeabi_memclr)
                  00007500    0000000a     driverlib.a : dl_common.o (.text.DL_Common_delayCycles)
                  0000750a    0000000a     libc.a : _printfi.c.obj (.text.OUTLINED_FUNCTION_0)
                  00007514    00000010     libclang_rt.builtins.a : adddf3.S.obj (.tramp.__aeabi_dsub.1)
                  00007524    0000000a     libc.a : _printfi.c.obj (.text.OUTLINED_FUNCTION_1)
                  0000752e    00000002     --HOLE-- [fill = 0]
                  00007530    00000008     libclang_rt.builtins.a : aeabi_memcpy.S.obj (.text.__aeabi_memcpy)
                  00007538    00000008     libc.a : printf.c.obj (.text._outc)
                  00007540    00000008            : printf.c.obj (.text._outs)
                  00007548    00000006            : e_asinf.c.obj (.text.OUTLINED_FUNCTION_0)
                  0000754e    00000002     --HOLE-- [fill = 0]
                  00007550    00000010     libclang_rt.builtins.a : mulsf3.S.obj (.tramp.__aeabi_fmul.1)
                  00007560    00000006     libc.a : s_atanf.c.obj (.text.OUTLINED_FUNCTION_0)
                  00007566    00000002     --HOLE-- [fill = 0]
                  00007568    00000010     libclang_rt.builtins.a : divsf3.S.obj (.tramp.__aeabi_fdiv.1)
                  00007578    00000006     libc.a : exit.c.obj (.text:abort)
                  0000757e    00000004     libsysbm.a : hostexit.c.obj (.text.HOSTexit)
                  00007582    00000004     libc.a : s_atanf.c.obj (.text.OUTLINED_FUNCTION_1)
                  00007586    00000002     --HOLE-- [fill = 0]
                  00007588    00000010     libclang_rt.builtins.a : addsf3.S.obj (.tramp.__aeabi_fadd.1)
                  00007598    00000004     startup_mspm0g350x_ticlang.o (.text.Reset_Handler)
                  0000759c    00000004     libc.a : pre_init.c.obj (.text._system_pre_init)

.cinit     0    000092b0    00000078     
                  000092b0    00000051     (.cinit..data.load) [load image, compression = lzss]
                  00009301    00000003     --HOLE-- [fill = 0]
                  00009304    0000000c     (__TI_handler_table)
                  00009310    00000008     (.cinit..bss.load) [load image, compression = zero_init]
                  00009318    00000010     (__TI_cinit_table)

.rodata    0    000075a0    00001d10     
                  000075a0    00000d5c     oled.o (.rodata.asc2_2412)
                  000082fc    000005f0     oled.o (.rodata.asc2_1608)
                  000088ec    00000474     oled.o (.rodata.asc2_1206)
                  00008d60    00000101     libc.a : aeabi_ctype.S.obj (.rodata:__aeabi_ctype_table_)
                  00008e61    0000003d     empty.o (.rodata.str1.10059295903439925133.1)
                  00008e9e    00000034     empty.o (.rodata.str1.14685083708502177989.1)
                  00008ed2    0000002c     empty.o (.rodata.str1.10168138491659581430.1)
                  00008efe    0000002c     empty.o (.rodata.str1.8138751173933995641.1)
                  00008f2a    0000002b     empty.o (.rodata.str1.17669528882079347314.1)
                  00008f55    0000002a     empty.o (.rodata.str1.13107637008706389765.1)
                  00008f7f    0000002a     empty.o (.rodata.str1.16130989582230601404.1)
                  00008fa9    00000024     empty.o (.rodata.str1.16774498343973984292.1)
                  00008fcd    00000024     I2C_communication.o (.rodata.str1.8223146214621439739.1)
                  00008ff1    00000022     empty.o (.rodata.str1.13990918471944933824.1)
                  00009013    00000022     empty.o (.rodata.str1.9517790425240694019.1)
                  00009035    00000021     empty.o (.rodata.str1.16747692247500343549.1)
                  00009056    00000002     ti_msp_dl_config.o (.rodata.gI2C_1ClockConfig)
                  00009058    00000020     libc.a : s_atanf.c.obj (.rodata.cst16)
                  00009078    00000020     empty.o (.rodata.str1.11898133897667081452.1)
                  00009098    00000020     I2C_communication.o (.rodata.str1.13491109623432757039.1)
                  000090b8    0000001d     empty.o (.rodata.str1.15930989295766594416.1)
                  000090d5    0000001d     empty.o (.rodata.str1.7079713434352825882.1)
                  000090f2    0000001c     icm42688.o (.rodata.str1.18032895009533955569.1)
                  0000910e    0000001a     empty.o (.rodata.str1.254342170260855183.1)
                  00009128    0000001a     empty.o (.rodata.str1.5952621385454456886.1)
                  00009142    0000001a     empty.o (.rodata.str1.7386103758396746866.1)
                  0000915c    00000019     I2C_communication.o (.rodata.str1.14405379250062671534.1)
                  00009175    00000019     I2C_communication.o (.rodata.str1.2900849527852411099.1)
                  0000918e    00000018     empty.o (.rodata.str1.14420638908902022346.1)
                  000091a6    00000018     empty.o (.rodata.str1.6680506384543331691.1)
                  000091be    00000017     empty.o (.rodata.str1.9410084661655729462.1)
                  000091d5    00000003     ti_msp_dl_config.o (.rodata.gPWM_0ClockConfig)
                  000091d8    00000014     ti_msp_dl_config.o (.rodata.gTIMER_0TimerConfig)
                  000091ec    00000014     ti_msp_dl_config.o (.rodata.gTIMER_GBTimerConfig)
                  00009200    00000014     ti_msp_dl_config.o (.rodata.gTIMER_countTimerConfig)
                  00009214    00000014     empty.o (.rodata.str1.17066665695248575590.1)
                  00009228    00000013     empty.o (.rodata.str1.18128381446550430013.1)
                  0000923b    00000012     IMU.o (.rodata.str1.2054525439710158355.1)
                  0000924d    00000011     libc.a : _printfi.c.obj (.rodata.str1.10348868589481759720.1)
                  0000925e    00000011            : _printfi.c.obj (.rodata.str1.15363888844622738466.1)
                  0000926f    00000001     --HOLE-- [fill = 0]
                  00009270    0000000a     ti_msp_dl_config.o (.rodata.gUART_ICMConfig)
                  0000927a    0000000a     ti_msp_dl_config.o (.rodata.gUART_XGConfig)
                  00009284    00000008     ti_msp_dl_config.o (.rodata.gPWM_0Config)
                  0000928c    00000007     empty.o (.rodata.str1.16704889451495720520.1)
                  00009293    00000006     empty.o (.rodata.str1.150872071346279890.1)
                  00009299    00000005     empty.o (.rodata.str1.7401042497206923953.1)
                  0000929e    00000003     ti_msp_dl_config.o (.rodata.gQEI_0ClockConfig)
                  000092a1    00000003     ti_msp_dl_config.o (.rodata.gTIMER_0ClockConfig)
                  000092a4    00000003     ti_msp_dl_config.o (.rodata.gTIMER_GBClockConfig)
                  000092a7    00000003     ti_msp_dl_config.o (.rodata.gTIMER_countClockConfig)
                  000092aa    00000002     ti_msp_dl_config.o (.rodata.gUART_ICMClockConfig)
                  000092ac    00000002     ti_msp_dl_config.o (.rodata.gUART_XGClockConfig)
                  000092ae    00000002     --HOLE-- [fill = 0]

.init_array 
*          0    00000000    00000000     UNINITIALIZED

.binit     0    00000000    00000000     

.bss       0    20200000    000036b8     UNINITIALIZED
                  20200000    00002ee0     IMU.o (.bss.Gf)
                  20202ee0    00000480     (.common:OLED_GRAM)
                  20203360    000000bc     (.common:gPWM_0Backup)
                  2020341c    000000a0     (.common:gQEI_0Backup)
                  202034bc    000000a0     (.common:gTIMER_GBBackup)
                  2020355c    000000a0     (.common:gTIMER_countBackup)
                  202035fc    00000020     empty.o (.bss.g_speed_pid)
                  2020361c    0000001c     (.common:TTangles_gyro)
                  20203638    00000018     IMU.o (.bss.Gt)
                  20203650    00000018     IMU.o (.bss.sqGt)
                  20203668    0000000c     empty.o (.bss.task1.ypr)
                  20203674    0000000c     empty.o (.bss.task3.ypr)
                  20203680    0000000c     (.common:north)
                  2020368c    0000000c     (.common:west)
                  20203698    00000004     icm42688.o (.bss.gAccelSensitivity)
                  2020369c    00000004     icm42688.o (.bss.gGyroSensitivity)
                  202036a0    00000004     (.common:exInt)
                  202036a4    00000004     (.common:eyInt)
                  202036a8    00000004     (.common:ezInt)
                  202036ac    00000004     (.common:q1)
                  202036b0    00000004     (.common:q2)
                  202036b4    00000004     (.common:q3)

.data      0    202036b8    000001ae     UNINITIALIZED
                  202036b8    000000f0     libc.a : defs.c.obj (.data._ftable)
                  202037a8    00000010     Motor.o (.data.g_left_encoder)
                  202037b8    00000010     Motor.o (.data.g_right_encoder)
                  202037c8    0000000c     key.o (.data.key1)
                  202037d4    0000000c     key.o (.data.key2)
                  202037e0    0000000c     key.o (.data.key3)
                  202037ec    0000000c     key.o (.data.key4)
                  202037f8    00000004     IMU.o (.data.Cc)
                  202037fc    00000004     IMU.o (.data.Gc)
                  20203800    00000004     IMU.o (.data.Kp)
                  20203804    00000004     empty.o (.data.Timer_count)
                  20203808    00000004     libc.a : aeabi_portable.c.obj (.data.__aeabi_errno)
                  2020380c    00000004            : _lock.c.obj (.data._lock)
                  20203810    00000004            : _lock.c.obj (.data._unlock)
                  20203814    00000004     Motor.o (.data.g_capture_interrupt_count)
                  20203818    00000004     Motor.o (.data.g_left_last_pos)
                  2020381c    00000004     Motor.o (.data.g_left_raw_accum)
                  20203820    00000004     Motor.o (.data.g_right_last_pos)
                  20203824    00000004     empty.o (.data.g_speed_target)
                  20203828    00000004     IMU.o (.data.go.0)
                  2020382c    00000004     IMU.o (.data.go.1)
                  20203830    00000004     IMU.o (.data.go.2)
                  20203834    00000004     IMU.o (.data.q0)
                  20203838    00000004     empty.o (.data.task2.cnt)
                  2020383c    00000004     empty.o (.data.task2.last_t)
                  20203840    00000004     empty.o (.data.task2.yaw_sum)
                  20203844    00000004     empty.o (.data.task3.last_tick)
                  20203848    00000004     empty.o (.data.task4.last_left_pos)
                  2020384c    00000004     empty.o (.data.task4.last_right_pos)
                  20203850    00000004     empty.o (.data.task4.print_count)
                  20203854    00000002     Motor.o (.data.g_left_speed)
                  20203856    00000002     Motor.o (.data.g_right_speed)
                  20203858    00000002     Motor.o (.data.g_target_left_speed)
                  2020385a    00000002     Motor.o (.data.g_target_right_speed)
                  2020385c    00000001     IMU.o (.data.Gif)
                  2020385d    00000001     icm42688.o (.data.gCurrentBank)
                  2020385e    00000001     empty.o (.data.g_speed_loop_active)
                  2020385f    00000001     empty.o (.data.g_speed_print_cnt)
                  20203860    00000001     key.o (.data.key_read.last_status)
                  20203861    00000001     empty.o (.data.task1.state)
                  20203862    00000001     empty.o (.data.task3.print_div)
                  20203863    00000001     empty.o (.data.task3.task3_state)
                  20203864    00000001     empty.o (.data.task3.first)
                  20203865    00000001     empty.o (.data.task4.state)

.stack     0    20207e00    00000200     UNINITIALIZED
                  20207e00    00000004     libc.a : boot_cortex_m.c.obj (.stack)
                  20207e04    000001fc     --HOLE--

__llvm_prf_cnts 
*          0    20200000    00000000     UNINITIALIZED

__llvm_prf_bits 
*          0    20200000    00000000     UNINITIALIZED

MODULE SUMMARY

       Module                         code    ro data   rw data
       ------                         ----    -------   -------
    .\
       empty.o                        3624    761       99     
       ti_msp_dl_config.o             1404    109       668    
       startup_mspm0g350x_ticlang.o   6       192       0      
    +--+------------------------------+-------+---------+---------+
       Total:                         5034    1062      767    
                                                               
    .\mylib\
       oled.o                         8156    6080      1152   
       IMU.o                          3128    18        12153  
       Motor.o                        988     0         56     
       I2C_communication.o            480     118       0      
       icm42688.o                     560     28        9      
       key.o                          276     0         49     
       delay.o                        252     0         0      
    +--+------------------------------+-------+---------+---------+
       Total:                         13840   6244      13419  
                                                               
    F:/TI_CCS/mspm0_sdk_2_10_00_04/source/ti/driverlib/lib/ticlang/m0p/mspm0g1x0x_g3x0x/driverlib.a
       dl_timer.o                     608     0         0      
       dl_i2c.o                       192     0         0      
       dl_uart.o                      90      0         0      
       dl_common.o                    10      0         0      
    +--+------------------------------+-------+---------+---------+
       Total:                         900     0         0      
                                                               
    F:\TI_CCS\ccs\tools\compiler\ti-cgt-armllvm_4.0.4.LTS\lib\armv6m-ti-none-eabi/c/libc.a
       _printfi.c.obj                 4510    34        0      
       s_atanf.c.obj                  466     32        0      
       e_sqrt.c.obj                   368     0         0      
       e_asinf.c.obj                  358     0         0      
       e_atan2f.c.obj                 280     0         0      
       aeabi_ctype.S.obj              0       257       0      
       defs.c.obj                     0       0         240    
       s_scalbn.c.obj                 216     0         0      
       memcpy16.S.obj                 154     0         0      
       copy_decompress_lzss.c.obj     124     0         0      
       printf.c.obj                   108     0         0      
       memset16.S.obj                 98      0         0      
       s_frexp.c.obj                  92      0         0      
       _ltoa.c.obj                    88      0         0      
       atoi.c.obj                     64      0         0      
       autoinit.c.obj                 60      0         0      
       boot_cortex_m.c.obj            40      0         0      
       memccpy.c.obj                  34      0         0      
       copy_decompress_none.c.obj     18      0         0      
       copy_zero_init.c.obj           16      0         0      
       wcslen.c.obj                   16      0         0      
       aeabi_portable.c.obj           8       0         4      
       _lock.c.obj                    2       0         8      
       exit.c.obj                     6       0         0      
       pre_init.c.obj                 4       0         0      
    +--+------------------------------+-------+---------+---------+
       Total:                         7130    323       252    
                                                               
    F:\TI_CCS\ccs\tools\compiler\ti-cgt-armllvm_4.0.4.LTS\lib\armv6m-ti-none-eabi/c/libsysbm.a
       hostexit.c.obj                 4       0         0      
    +--+------------------------------+-------+---------+---------+
       Total:                         4       0         0      
                                                               
    F:\TI_CCS\ccs\tools\compiler\ti-cgt-armllvm_4.0.4.LTS\lib\armv6m-ti-none-eabi/libclang_rt.builtins.a
       adddf3.S.obj                   418     0         0      
       divdf3.S.obj                   268     0         0      
       addsf3.S.obj                   232     0         0      
       muldf3.S.obj                   228     0         0      
       comparedf2.c.obj               220     0         0      
       udivmoddi4.S.obj               162     0         0      
       mulsf3.S.obj                   156     0         0      
       divsf3.S.obj                   146     0         0      
       comparesf2.S.obj               118     0         0      
       truncdfsf2.S.obj               116     0         0      
       aeabi_dcmp.S.obj               98      0         0      
       aeabi_fcmp.S.obj               98      0         0      
       aeabi_idivmod.S.obj            86      0         0      
       fixdfsi.S.obj                  74      0         0      
       aeabi_uidivmod.S.obj           64      0         0      
       extendsfdf2.S.obj              64      0         0      
       floatsisf.S.obj                60      0         0      
       muldsi3.S.obj                  58      0         0      
       fixsfsi.S.obj                  56      0         0      
       fixunssfsi.S.obj               50      0         0      
       floatsidf.S.obj                44      0         0      
       floatunsisf.S.obj              40      0         0      
       muldi3.S.obj                   36      0         0      
       ashldi3.S.obj                  30      0         0      
       aeabi_memset.S.obj             26      0         0      
       aeabi_uldivmod.S.obj           20      0         0      
       aeabi_memcpy.S.obj             8       0         0      
       aeabi_div0.c.obj               4       0         0      
    +--+------------------------------+-------+---------+---------+
       Total:                         2980    0         0      
                                                               
       Stack:                         0       0         512    
       Linker Generated:              0       117       0      
    +--+------------------------------+-------+---------+---------+
       Grand Total:                   29888   7746      14950  


LINKER GENERATED COPY TABLES

__TI_cinit_table @ 00009318 records: 2, size/record: 8, table size: 16
	.data: load addr=000092b0, load size=00000051 bytes, run addr=202036b8, run size=000001ae bytes, compression=lzss
	.bss: load addr=00009310, load size=00000008 bytes, run addr=20200000, run size=000036b8 bytes, compression=zero_init


LINKER GENERATED HANDLER TABLE

__TI_handler_table @ 00009304 records: 3, size/record: 4, table size: 12
	index: 0, handler: __TI_decompress_lzss
	index: 1, handler: __TI_decompress_none
	index: 2, handler: __TI_zero_init


FAR CALL TRAMPOLINES

callee name               trampoline name
   callee addr  tramp addr   call addr  call info
--------------  -----------  ---------  ----------------
__aeabi_dsub              $Tramp$TT$L$PI$$__aeabi_dsub
   00004571     00007514     00007512   libc.a : _printfi.c.obj (.text.OUTLINED_FUNCTION_0)
__aeabi_fmul              $Tramp$TT$L$PI$$__aeabi_fmul
   00006139     00007550     0000754c   libc.a : e_asinf.c.obj (.text.OUTLINED_FUNCTION_0)
__aeabi_fdiv              $Tramp$TT$L$PI$$__aeabi_fdiv
   000062d5     00007568     00007564   libc.a : s_atanf.c.obj (.text.OUTLINED_FUNCTION_0)
__aeabi_fadd              $Tramp$TT$L$PI$$__aeabi_fadd
   00005c7b     00007588     00007584   libc.a : s_atanf.c.obj (.text.OUTLINED_FUNCTION_1)

[4 trampolines]
[4 trampoline calls]


GLOBAL SYMBOLS: SORTED ALPHABETICALLY BY Name 

address   name                            
-------   ----                            
00004703  ADC0_IRQHandler                 
00004703  ADC1_IRQHandler                 
00004703  AES_IRQHandler                  
0000757e  C$$EXIT                         
00004703  CANFD0_IRQHandler               
00004703  DAC0_IRQHandler                 
00007501  DL_Common_delayCycles           
000067e5  DL_I2C_fillControllerTXFIFO     
00006f69  DL_I2C_flushControllerTXFIFO    
00007251  DL_I2C_setClockConfig           
000055f1  DL_Timer_initFourCCPWMMode      
000056f5  DL_Timer_initTimerMode          
0000738d  DL_Timer_setCaptCompUpdateMethod
000073e1  DL_Timer_setCaptureCompareOutCtl
0000745d  DL_Timer_setCaptureCompareValue 
000073a9  DL_Timer_setClockConfig         
00006d95  DL_UART_init                    
00007439  DL_UART_setClockConfig          
00004703  DMA_IRQHandler                  
00004703  Default_Handler                 
00004703  GROUP0_IRQHandler               
00006c61  GROUP1_IRQHandler               
0000757f  HOSTexit                        
00004703  HardFault_Handler               
00004703  I2C0_IRQHandler                 
00004703  I2C1_IRQHandler                 
00005079  I2C_ReadReg                     
00005d49  I2C_WriteReg                    
00004de9  ICM42688_Init                   
00005abd  ICM42688_ReadMotion6            
0000729d  IMU_TT_getgyro                  
00000d31  IMU_getYawPitchRoll             
000068fd  IMU_init                        
20203800  Kp                              
00006cb1  Motor_Disable                   
000074b9  Motor_Enable                    
00006cfd  Motor_Encoder_Init              
000060a1  Motor_Encoder_UpdateSpeed       
000074c5  Motor_GetLeftEncoderPosition    
000074d1  Motor_GetLeftEncoderSpeed       
000074dd  Motor_GetRightEncoderPosition   
000074e9  Motor_GetRightEncoderSpeed      
000061c5  Motor_PID_Calculate             
0000746d  Motor_PID_Init                  
000072c1  Motor_ResetLeftEncoder          
000073c5  Motor_ResetRightEncoder         
000058e9  Motor_SetSpeed                  
00004703  NMI_Handler                     
000000c1  OLED_Clear                      
000073f9  OLED_ColorTurn                  
00007277  OLED_DisplayTurn                
20202ee0  OLED_GRAM                       
000057f1  OLED_Init                       
000041e1  OLED_Refresh                    
00002b4d  OLED_ShowFloat                  
00003111  OLED_ShowNum                    
0000395d  OLED_ShowString                 
000035a1  OLED_WR_Byte                    
00004703  PendSV_Handler                  
00004703  RTC_IRQHandler                  
00007599  Reset_Handler                   
00004703  SPI0_IRQHandler                 
00004703  SPI1_IRQHandler                 
00004703  SVC_Handler                     
00004875  SYSCFG_DL_GPIO_init             
00006b65  SYSCFG_DL_I2C_1_init            
00005f69  SYSCFG_DL_PWM_0_init            
000064c5  SYSCFG_DL_QEI_0_init            
00006bb9  SYSCFG_DL_SYSCTL_init           
000071a9  SYSCFG_DL_TIMER_0_init          
00006955  SYSCFG_DL_TIMER_GB_init         
00006ddd  SYSCFG_DL_TIMER_count_init      
00006725  SYSCFG_DL_UART_ICM_init         
00006785  SYSCFG_DL_UART_XG_init          
000069ad  SYSCFG_DL_init                  
0000624d  SYSCFG_DL_initPower             
00004703  SysTick_Handler                 
00004703  TIMA0_IRQHandler                
00004703  TIMA1_IRQHandler                
00004703  TIMG0_IRQHandler                
00004703  TIMG12_IRQHandler               
00004703  TIMG6_IRQHandler                
0000732d  TIMG7_IRQHandler                
00006a05  TIMG8_IRQHandler                
2020361c  TTangles_gyro                   
00004703  UART0_IRQHandler                
00004703  UART1_IRQHandler                
00004703  UART2_IRQHandler                
00004703  UART3_IRQHandler                
20208000  __STACK_END                     
00000200  __STACK_SIZE                    
00000000  __TI_ATRegion0_region_sz        
00000000  __TI_ATRegion0_src_addr         
00000000  __TI_ATRegion0_trg_addr         
00000000  __TI_ATRegion1_region_sz        
00000000  __TI_ATRegion1_src_addr         
00000000  __TI_ATRegion1_trg_addr         
00000000  __TI_ATRegion2_region_sz        
00000000  __TI_ATRegion2_src_addr         
00000000  __TI_ATRegion2_trg_addr         
00009318  __TI_CINIT_Base                 
00009328  __TI_CINIT_Limit                
00009328  __TI_CINIT_Warm                 
00009304  __TI_Handler_Table_Base         
00009310  __TI_Handler_Table_Limit        
00007059  __TI_auto_init_nobinit_nopinit  
00006359  __TI_decompress_lzss            
0000744b  __TI_decompress_none            
00006a5d  __TI_ltoa                       
ffffffff  __TI_pprof_out_hndl             
000018ed  __TI_printfi                    
ffffffff  __TI_prof_data_size             
ffffffff  __TI_prof_data_start            
00000000  __TI_static_base__              
0000748d  __TI_zero_init                  
0000457b  __adddf3                        
00005c7b  __addsf3                        
00008d60  __aeabi_ctype_table_            
00008d60  __aeabi_ctype_table_C           
00006451  __aeabi_d2f                     
00006d49  __aeabi_d2iz                    
0000457b  __aeabi_dadd                    
000065fd  __aeabi_dcmpeq                  
00006639  __aeabi_dcmpge                  
0000664d  __aeabi_dcmpgt                  
00006625  __aeabi_dcmple                  
00006611  __aeabi_dcmplt                  
000054e5  __aeabi_ddiv                    
000059d9  __aeabi_dmul                    
00004571  __aeabi_dsub                    
20203808  __aeabi_errno                   
00006449  __aeabi_errno_addr              
00006ea9  __aeabi_f2d                     
0000710d  __aeabi_f2iz                    
00007145  __aeabi_f2uiz                   
00005c7b  __aeabi_fadd                    
00006661  __aeabi_fcmpeq                  
0000669d  __aeabi_fcmpge                  
000066b1  __aeabi_fcmpgt                  
00006689  __aeabi_fcmple                  
00006675  __aeabi_fcmplt                  
000062d5  __aeabi_fdiv                    
00006139  __aeabi_fmul                    
00005c71  __aeabi_fsub                    
000071d5  __aeabi_i2d                     
00006fa5  __aeabi_i2f                     
00006b0d  __aeabi_idiv                    
000058e7  __aeabi_idiv0                   
00006b0d  __aeabi_idivmod                 
00005f67  __aeabi_ldiv0                   
0000736d  __aeabi_llsl                    
000072e5  __aeabi_lmul                    
000074f5  __aeabi_memclr                  
000074f5  __aeabi_memclr4                 
000074f5  __aeabi_memclr8                 
00007531  __aeabi_memcpy                  
00007531  __aeabi_memcpy4                 
00007531  __aeabi_memcpy8                 
0000749d  __aeabi_memset                  
0000749d  __aeabi_memset4                 
0000749d  __aeabi_memset8                 
00007201  __aeabi_ui2f                    
00006e69  __aeabi_uidiv                   
00006e69  __aeabi_uidivmod                
00007411  __aeabi_uldivmod                
0000736d  __ashldi3                       
ffffffff  __binit__                       
0000652d  __cmpdf2                        
00007095  __cmpsf2                        
000054e5  __divdf3                        
000062d5  __divsf3                        
0000652d  __eqdf2                         
00007095  __eqsf2                         
00006ea9  __extendsfdf2                   
00006d49  __fixdfsi                       
0000710d  __fixsfsi                       
00007145  __fixunssfsi                    
000071d5  __floatsidf                     
00006fa5  __floatsisf                     
00007201  __floatunsisf                   
000063d5  __gedf2                         
00006fe1  __gesf2                         
000063d5  __gtdf2                         
00006fe1  __gtsf2                         
0000652d  __ledf2                         
00007095  __lesf2                         
0000652d  __ltdf2                         
00007095  __ltsf2                         
UNDEFED   __mpu_init                      
000059d9  __muldf3                        
000072e5  __muldi3                        
000070d1  __muldsi3                       
00006139  __mulsf3                        
0000652d  __nedf2                         
00007095  __nesf2                         
20207e00  __stack                         
20200000  __start___llvm_prf_bits         
20200000  __start___llvm_prf_cnts         
20200000  __stop___llvm_prf_bits          
20200000  __stop___llvm_prf_cnts          
00004571  __subdf3                        
00005c71  __subsf3                        
00006451  __truncdfsf2                    
00005ec5  __udivmoddi4                    
00007229  _c_int00_noargs                 
202036b8  _ftable                         
2020380c  _lock                           
0000609f  _nop                            
UNDEFED   _system_post_cinit              
0000759d  _system_pre_init                
20203810  _unlock                         
00007579  abort                           
000088ec  asc2_1206                       
000082fc  asc2_1608                       
000075a0  asc2_2412                       
000049d9  asinf                           
000052b9  atan2f                          
000043a9  atanf                           
00006ee9  atoi                            
ffffffff  binit                           
00005e09  delay_ms                        
00006f29  delay_us                        
202036a0  exInt                           
202036a4  eyInt                           
202036a8  ezInt                           
0000734d  fputc                           
0000701d  fputs                           
00006845  frexp                           
00006845  frexpl                          
20203360  gPWM_0Backup                    
2020341c  gQEI_0Backup                    
202034bc  gTIMER_GBBackup                 
2020355c  gTIMER_countBackup              
00000000  interruptVectors                
202037c8  key1                            
202037d4  key2                            
202037e0  key3                            
202037ec  key4                            
000053d1  key_read                        
00005b99  ldexp                           
00005b99  ldexpl                          
00004b39  main                            
00007309  memccpy                         
00006005  memcpy                          
000066c3  memset                          
20203680  north                           
000068a1  printf                          
00006e25  puts                            
20203834  q0                              
202036ac  q1                              
202036b0  q2                              
202036b4  q3                              
00005b99  scalbn                          
00005b99  scalbnl                         
00004705  sqrt                            
00004705  sqrtl                           
00003bbd  task1                           
00004c91  task3                           
000022bd  task4                           
0000747d  wcslen                          
2020368c  west                            


GLOBAL SYMBOLS: SORTED BY Symbol Address 

address   name                            
-------   ----                            
00000000  __TI_ATRegion0_region_sz        
00000000  __TI_ATRegion0_src_addr         
00000000  __TI_ATRegion0_trg_addr         
00000000  __TI_ATRegion1_region_sz        
00000000  __TI_ATRegion1_src_addr         
00000000  __TI_ATRegion1_trg_addr         
00000000  __TI_ATRegion2_region_sz        
00000000  __TI_ATRegion2_src_addr         
00000000  __TI_ATRegion2_trg_addr         
00000000  __TI_static_base__              
00000000  interruptVectors                
000000c1  OLED_Clear                      
00000200  __STACK_SIZE                    
00000d31  IMU_getYawPitchRoll             
000018ed  __TI_printfi                    
000022bd  task4                           
00002b4d  OLED_ShowFloat                  
00003111  OLED_ShowNum                    
000035a1  OLED_WR_Byte                    
0000395d  OLED_ShowString                 
00003bbd  task1                           
000041e1  OLED_Refresh                    
000043a9  atanf                           
00004571  __aeabi_dsub                    
00004571  __subdf3                        
0000457b  __adddf3                        
0000457b  __aeabi_dadd                    
00004703  ADC0_IRQHandler                 
00004703  ADC1_IRQHandler                 
00004703  AES_IRQHandler                  
00004703  CANFD0_IRQHandler               
00004703  DAC0_IRQHandler                 
00004703  DMA_IRQHandler                  
00004703  Default_Handler                 
00004703  GROUP0_IRQHandler               
00004703  HardFault_Handler               
00004703  I2C0_IRQHandler                 
00004703  I2C1_IRQHandler                 
00004703  NMI_Handler                     
00004703  PendSV_Handler                  
00004703  RTC_IRQHandler                  
00004703  SPI0_IRQHandler                 
00004703  SPI1_IRQHandler                 
00004703  SVC_Handler                     
00004703  SysTick_Handler                 
00004703  TIMA0_IRQHandler                
00004703  TIMA1_IRQHandler                
00004703  TIMG0_IRQHandler                
00004703  TIMG12_IRQHandler               
00004703  TIMG6_IRQHandler                
00004703  UART0_IRQHandler                
00004703  UART1_IRQHandler                
00004703  UART2_IRQHandler                
00004703  UART3_IRQHandler                
00004705  sqrt                            
00004705  sqrtl                           
00004875  SYSCFG_DL_GPIO_init             
000049d9  asinf                           
00004b39  main                            
00004c91  task3                           
00004de9  ICM42688_Init                   
00005079  I2C_ReadReg                     
000052b9  atan2f                          
000053d1  key_read                        
000054e5  __aeabi_ddiv                    
000054e5  __divdf3                        
000055f1  DL_Timer_initFourCCPWMMode      
000056f5  DL_Timer_initTimerMode          
000057f1  OLED_Init                       
000058e7  __aeabi_idiv0                   
000058e9  Motor_SetSpeed                  
000059d9  __aeabi_dmul                    
000059d9  __muldf3                        
00005abd  ICM42688_ReadMotion6            
00005b99  ldexp                           
00005b99  ldexpl                          
00005b99  scalbn                          
00005b99  scalbnl                         
00005c71  __aeabi_fsub                    
00005c71  __subsf3                        
00005c7b  __addsf3                        
00005c7b  __aeabi_fadd                    
00005d49  I2C_WriteReg                    
00005e09  delay_ms                        
00005ec5  __udivmoddi4                    
00005f67  __aeabi_ldiv0                   
00005f69  SYSCFG_DL_PWM_0_init            
00006005  memcpy                          
0000609f  _nop                            
000060a1  Motor_Encoder_UpdateSpeed       
00006139  __aeabi_fmul                    
00006139  __mulsf3                        
000061c5  Motor_PID_Calculate             
0000624d  SYSCFG_DL_initPower             
000062d5  __aeabi_fdiv                    
000062d5  __divsf3                        
00006359  __TI_decompress_lzss            
000063d5  __gedf2                         
000063d5  __gtdf2                         
00006449  __aeabi_errno_addr              
00006451  __aeabi_d2f                     
00006451  __truncdfsf2                    
000064c5  SYSCFG_DL_QEI_0_init            
0000652d  __cmpdf2                        
0000652d  __eqdf2                         
0000652d  __ledf2                         
0000652d  __ltdf2                         
0000652d  __nedf2                         
000065fd  __aeabi_dcmpeq                  
00006611  __aeabi_dcmplt                  
00006625  __aeabi_dcmple                  
00006639  __aeabi_dcmpge                  
0000664d  __aeabi_dcmpgt                  
00006661  __aeabi_fcmpeq                  
00006675  __aeabi_fcmplt                  
00006689  __aeabi_fcmple                  
0000669d  __aeabi_fcmpge                  
000066b1  __aeabi_fcmpgt                  
000066c3  memset                          
00006725  SYSCFG_DL_UART_ICM_init         
00006785  SYSCFG_DL_UART_XG_init          
000067e5  DL_I2C_fillControllerTXFIFO     
00006845  frexp                           
00006845  frexpl                          
000068a1  printf                          
000068fd  IMU_init                        
00006955  SYSCFG_DL_TIMER_GB_init         
000069ad  SYSCFG_DL_init                  
00006a05  TIMG8_IRQHandler                
00006a5d  __TI_ltoa                       
00006b0d  __aeabi_idiv                    
00006b0d  __aeabi_idivmod                 
00006b65  SYSCFG_DL_I2C_1_init            
00006bb9  SYSCFG_DL_SYSCTL_init           
00006c61  GROUP1_IRQHandler               
00006cb1  Motor_Disable                   
00006cfd  Motor_Encoder_Init              
00006d49  __aeabi_d2iz                    
00006d49  __fixdfsi                       
00006d95  DL_UART_init                    
00006ddd  SYSCFG_DL_TIMER_count_init      
00006e25  puts                            
00006e69  __aeabi_uidiv                   
00006e69  __aeabi_uidivmod                
00006ea9  __aeabi_f2d                     
00006ea9  __extendsfdf2                   
00006ee9  atoi                            
00006f29  delay_us                        
00006f69  DL_I2C_flushControllerTXFIFO    
00006fa5  __aeabi_i2f                     
00006fa5  __floatsisf                     
00006fe1  __gesf2                         
00006fe1  __gtsf2                         
0000701d  fputs                           
00007059  __TI_auto_init_nobinit_nopinit  
00007095  __cmpsf2                        
00007095  __eqsf2                         
00007095  __lesf2                         
00007095  __ltsf2                         
00007095  __nesf2                         
000070d1  __muldsi3                       
0000710d  __aeabi_f2iz                    
0000710d  __fixsfsi                       
00007145  __aeabi_f2uiz                   
00007145  __fixunssfsi                    
000071a9  SYSCFG_DL_TIMER_0_init          
000071d5  __aeabi_i2d                     
000071d5  __floatsidf                     
00007201  __aeabi_ui2f                    
00007201  __floatunsisf                   
00007229  _c_int00_noargs                 
00007251  DL_I2C_setClockConfig           
00007277  OLED_DisplayTurn                
0000729d  IMU_TT_getgyro                  
000072c1  Motor_ResetLeftEncoder          
000072e5  __aeabi_lmul                    
000072e5  __muldi3                        
00007309  memccpy                         
0000732d  TIMG7_IRQHandler                
0000734d  fputc                           
0000736d  __aeabi_llsl                    
0000736d  __ashldi3                       
0000738d  DL_Timer_setCaptCompUpdateMethod
000073a9  DL_Timer_setClockConfig         
000073c5  Motor_ResetRightEncoder         
000073e1  DL_Timer_setCaptureCompareOutCtl
000073f9  OLED_ColorTurn                  
00007411  __aeabi_uldivmod                
00007439  DL_UART_setClockConfig          
0000744b  __TI_decompress_none            
0000745d  DL_Timer_setCaptureCompareValue 
0000746d  Motor_PID_Init                  
0000747d  wcslen                          
0000748d  __TI_zero_init                  
0000749d  __aeabi_memset                  
0000749d  __aeabi_memset4                 
0000749d  __aeabi_memset8                 
000074b9  Motor_Enable                    
000074c5  Motor_GetLeftEncoderPosition    
000074d1  Motor_GetLeftEncoderSpeed       
000074dd  Motor_GetRightEncoderPosition   
000074e9  Motor_GetRightEncoderSpeed      
000074f5  __aeabi_memclr                  
000074f5  __aeabi_memclr4                 
000074f5  __aeabi_memclr8                 
00007501  DL_Common_delayCycles           
00007531  __aeabi_memcpy                  
00007531  __aeabi_memcpy4                 
00007531  __aeabi_memcpy8                 
00007579  abort                           
0000757e  C$$EXIT                         
0000757f  HOSTexit                        
00007599  Reset_Handler                   
0000759d  _system_pre_init                
000075a0  asc2_2412                       
000082fc  asc2_1608                       
000088ec  asc2_1206                       
00008d60  __aeabi_ctype_table_            
00008d60  __aeabi_ctype_table_C           
00009304  __TI_Handler_Table_Base         
00009310  __TI_Handler_Table_Limit        
00009318  __TI_CINIT_Base                 
00009328  __TI_CINIT_Limit                
00009328  __TI_CINIT_Warm                 
20200000  __start___llvm_prf_bits         
20200000  __start___llvm_prf_cnts         
20200000  __stop___llvm_prf_bits          
20200000  __stop___llvm_prf_cnts          
20202ee0  OLED_GRAM                       
20203360  gPWM_0Backup                    
2020341c  gQEI_0Backup                    
202034bc  gTIMER_GBBackup                 
2020355c  gTIMER_countBackup              
2020361c  TTangles_gyro                   
20203680  north                           
2020368c  west                            
202036a0  exInt                           
202036a4  eyInt                           
202036a8  ezInt                           
202036ac  q1                              
202036b0  q2                              
202036b4  q3                              
202036b8  _ftable                         
202037c8  key1                            
202037d4  key2                            
202037e0  key3                            
202037ec  key4                            
20203800  Kp                              
20203808  __aeabi_errno                   
2020380c  _lock                           
20203810  _unlock                         
20203834  q0                              
20207e00  __stack                         
20208000  __STACK_END                     
ffffffff  __TI_pprof_out_hndl             
ffffffff  __TI_prof_data_size             
ffffffff  __TI_prof_data_start            
ffffffff  __binit__                       
ffffffff  binit                           
UNDEFED   __mpu_init                      
UNDEFED   _system_post_cinit              

[261 symbols]
