******************************************************************************
            TI ARM Clang Linker PC v4.0.4                      
******************************************************************************
>> Linked Sat Jul 18 17:35:24 2026

OUTPUT FILE NAME:   <A1_UpdataMotor.out>
ENTRY POINT SYMBOL: "_c_int00_noargs"  address: 000040a9


MEMORY CONFIGURATION

         name            origin    length      used     unused   attr    fill
----------------------  --------  ---------  --------  --------  ----  --------
  FLASH                 00000000   00020000  000045c8  0001ba38  R  X
  SRAM                  20200000   00008000  00000a8d  00007573  RW X
  BCR_CONFIG            41c00000   000000ff  00000000  000000ff  R   
  BSL_CONFIG            41c00100   00000080  00000000  00000080  R   


SEGMENT ALLOCATION MAP

run origin  load origin   length   init length attrs members
----------  ----------- ---------- ----------- ----- -------
00000000    00000000    00004348   00004348    r-x
  00000000    00000000    000000c0   000000c0    r-- .intvecs
  000000c0    000000c0    00004288   00004288    r-x .text
00004350    00004350    00000280   00000280    r--
  00004350    00004350    00000210   00000210    r-- .rodata
  00004560    00004560    00000070   00000070    r-- .cinit
20200000    20200000    0000088d   00000000    rw-
  20200000    20200000    0000071c   00000000    rw- .bss
  2020071c    2020071c    00000171   00000000    rw- .data
20207e00    20207e00    00000200   00000000    rw-
  20207e00    20207e00    00000200   00000000    rw- .stack


SECTION ALLOCATION MAP

 output                                  attributes/
section   page    origin      length       input sections
--------  ----  ----------  ----------   ----------------
.intvecs   0    00000000    000000c0     
                  00000000    000000c0     startup_mspm0g350x_ticlang.o (.intvecs)

.text      0    000000c0    00004288     
                  000000c0    00000c70     oled.o (.text.OLED_Clear)
                  00000d30    000009d0     libc.a : _printfi.c.obj (.text:__TI_printfi)
                  00001700    000003bc     oled.o (.text.OLED_WR_Byte)
                  00001abc    00000220     libc.a : _printfi.c.obj (.text._pconv_a)
                  00001cdc    000001dc            : _printfi.c.obj (.text._pconv_g)
                  00001eb8    00000192     libclang_rt.builtins.a : adddf3.S.obj (.text.adddf3_subdf3)
                  0000204a    00000002     startup_mspm0g350x_ticlang.o (.text.Default_Handler)
                  0000204c    0000016c     ti_msp_dl_config.o (.text.SYSCFG_DL_GPIO_init)
                  000021b8    0000013c     libc.a : _printfi.c.obj (.text.fcvt)
                  000022f4    00000128     empty.o (.text.task1)
                  0000241c    00000120     libc.a : _printfi.c.obj (.text._pconv_e)
                  0000253c    00000114     key.o (.text.key_read)
                  00002650    0000010c     libclang_rt.builtins.a : divdf3.S.obj (.text.__divdf3)
                  0000275c    00000104     driverlib.a : dl_timer.o (.text.DL_Timer_initFourCCPWMMode)
                  00002860    00000100     Motor.o (.text.Motor_SetSpeed)
                  00002960    000000fc     driverlib.a : dl_timer.o (.text.DL_Timer_initTimerMode)
                  00002a5c    000000f6     oled.o (.text.OLED_Init)
                  00002b52    00000002     libclang_rt.builtins.a : aeabi_div0.c.obj (.text.__aeabi_idiv0)
                  00002b54    000000e4                            : muldf3.S.obj (.text.__muldf3)
                  00002c38    000000e4     empty.o (.text.main)
                  00002d1c    000000d8     libc.a : s_scalbn.c.obj (.text.scalbn)
                  00002df4    000000d8     libclang_rt.builtins.a : addsf3.S.obj (.text)
                  00002ecc    000000bc     delay.o (.text.delay_ms)
                  00002f88    000000a2     libclang_rt.builtins.a : udivmoddi4.S.obj (.text)
                  0000302a    00000002                            : aeabi_div0.c.obj (.text.__aeabi_ldiv0)
                  0000302c    0000009c     ti_msp_dl_config.o (.text.SYSCFG_DL_PWM_0_init)
                  000030c8    0000009a     libc.a : memcpy16.S.obj (.text:memcpy)
                  00003162    00000002            : _lock.c.obj (.text._nop)
                  00003164    00000094     ti_msp_dl_config.o (.text.SYSCFG_DL_initPower)
                  000031f8    00000090     Motor.o (.text.Motor_Encoder_UpdateSpeed)
                  00003288    0000008c     libclang_rt.builtins.a : mulsf3.S.obj (.text.__mulsf3)
                  00003314    00000082                            : divsf3.S.obj (.text.__divsf3)
                  00003396    00000002     --HOLE-- [fill = 0]
                  00003398    0000007c     libc.a : copy_decompress_lzss.c.obj (.text:decompress:lzss)
                  00003414    00000074     libclang_rt.builtins.a : comparedf2.c.obj (.text.__gedf2)
                  00003488    00000068     ti_msp_dl_config.o (.text.SYSCFG_DL_QEI_0_init)
                  000034f0    00000068     libclang_rt.builtins.a : comparedf2.c.obj (.text.__ledf2)
                  00003558    00000066     libc.a : _printfi.c.obj (.text._mcpy)
                  000035be    00000002     --HOLE-- [fill = 0]
                  000035c0    00000062     libclang_rt.builtins.a : aeabi_dcmp.S.obj (.text.__aeabi_dcmp)
                  00003622    00000002     --HOLE-- [fill = 0]
                  00003624    00000062                            : aeabi_fcmp.S.obj (.text.__aeabi_fcmp)
                  00003686    00000062     libc.a : memset16.S.obj (.text:memset)
                  000036e8    00000060     ti_msp_dl_config.o (.text.SYSCFG_DL_UART_ICM_init)
                  00003748    00000060     ti_msp_dl_config.o (.text.SYSCFG_DL_UART_XG_init)
                  000037a8    0000005c     ti_msp_dl_config.o (.text.SYSCFG_DL_init)
                  00003804    0000005c     libc.a : s_frexp.c.obj (.text.frexp)
                  00003860    0000005c            : printf.c.obj (.text.printf)
                  000038bc    00000058     ti_msp_dl_config.o (.text.SYSCFG_DL_TIMER_GB_init)
                  00003914    00000058     libc.a : _ltoa.c.obj (.text.__TI_ltoa)
                  0000396c    00000058            : _printfi.c.obj (.text._pconv_f)
                  000039c4    00000056     libclang_rt.builtins.a : aeabi_idivmod.S.obj (.text.__aeabi_idivmod)
                  00003a1a    00000002     --HOLE-- [fill = 0]
                  00003a1c    00000054     ti_msp_dl_config.o (.text.SYSCFG_DL_I2C_0_init)
                  00003a70    00000054     ti_msp_dl_config.o (.text.SYSCFG_DL_I2C_1_init)
                  00003ac4    00000054     ti_msp_dl_config.o (.text.SYSCFG_DL_SYSCTL_init)
                  00003b18    00000052     libc.a : _printfi.c.obj (.text._ecpy)
                  00003b6a    00000002     --HOLE-- [fill = 0]
                  00003b6c    00000050     Motor.o (.text.GROUP1_IRQHandler)
                  00003bbc    00000050     Motor.o (.text.TIMG8_IRQHandler)
                  00003c0c    0000004c     Motor.o (.text.Motor_Disable)
                  00003c58    0000004c     Motor.o (.text.Motor_Encoder_Init)
                  00003ca4    0000004a     libclang_rt.builtins.a : fixdfsi.S.obj (.text.__fixdfsi)
                  00003cee    00000002     --HOLE-- [fill = 0]
                  00003cf0    00000048     driverlib.a : dl_uart.o (.text.DL_UART_init)
                  00003d38    00000048     ti_msp_dl_config.o (.text.SYSCFG_DL_TIMER_count_init)
                  00003d80    00000040     libclang_rt.builtins.a : aeabi_uidivmod.S.obj (.text.__aeabi_uidivmod)
                  00003dc0    00000040                            : extendsfdf2.S.obj (.text.__extendsfdf2)
                  00003e00    00000040     libc.a : atoi.c.obj (.text.atoi)
                  00003e40    00000040     delay.o (.text.delay_us)
                  00003e80    0000003c     libclang_rt.builtins.a : floatsisf.S.obj (.text.__floatsisf)
                  00003ebc    0000003c                            : comparesf2.S.obj (.text.__gtsf2)
                  00003ef8    0000003c     empty.o (.text.fputs)
                  00003f34    0000003c     libc.a : autoinit.c.obj (.text:__TI_auto_init_nobinit_nopinit)
                  00003f70    0000003a     libclang_rt.builtins.a : comparesf2.S.obj (.text.__eqsf2)
                  00003faa    00000002     --HOLE-- [fill = 0]
                  00003fac    0000003a                            : muldsi3.S.obj (.text.__muldsi3)
                  00003fe6    00000002     --HOLE-- [fill = 0]
                  00003fe8    00000038                            : fixsfsi.S.obj (.text.__fixsfsi)
                  00004020    00000030     libc.a : _printfi.c.obj (.text._fcpy)
                  00004050    0000002c     ti_msp_dl_config.o (.text.SYSCFG_DL_TIMER_0_init)
                  0000407c    0000002c     libclang_rt.builtins.a : floatsidf.S.obj (.text.__floatsidf)
                  000040a8    00000028     libc.a : boot_cortex_m.c.obj (.text:_c_int00_noargs)
                  000040d0    00000026     driverlib.a : dl_i2c.o (.text.DL_I2C_setClockConfig)
                  000040f6    00000002     --HOLE-- [fill = 0]
                  000040f8    00000024     libclang_rt.builtins.a : muldi3.S.obj (.text.__muldi3)
                  0000411c    00000022     libc.a : memccpy.c.obj (.text.memccpy)
                  0000413e    00000002     --HOLE-- [fill = 0]
                  00004140    00000020     empty.o (.text.TIMG7_IRQHandler)
                  00004160    00000020     empty.o (.text.fputc)
                  00004180    0000001e     libclang_rt.builtins.a : ashldi3.S.obj (.text.__ashldi3)
                  0000419e    00000002     --HOLE-- [fill = 0]
                  000041a0    0000001c     driverlib.a : dl_timer.o (.text.DL_Timer_setCaptCompUpdateMethod)
                  000041bc    0000001c                 : dl_timer.o (.text.DL_Timer_setClockConfig)
                  000041d8    0000001c     Motor.o (.text.Motor_ResetLeftEncoder)
                  000041f4    0000001c     Motor.o (.text.Motor_ResetRightEncoder)
                  00004210    00000018     driverlib.a : dl_timer.o (.text.DL_Timer_setCaptureCompareOutCtl)
                  00004228    00000014     libclang_rt.builtins.a : aeabi_uldivmod.S.obj (.text.__aeabi_uldivmod)
                  0000423c    00000014     libc.a : _printfi.c.obj (.text.strchr)
                  00004250    00000012     driverlib.a : dl_uart.o (.text.DL_UART_setClockConfig)
                  00004262    00000012     libc.a : copy_decompress_none.c.obj (.text:decompress:none)
                  00004274    00000010     driverlib.a : dl_timer.o (.text.DL_Timer_setCaptureCompareValue)
                  00004284    00000010     libc.a : wcslen.c.obj (.text.wcslen)
                  00004294    00000010            : copy_zero_init.c.obj (.text:decompress:ZI)
                  000042a4    0000000e     libclang_rt.builtins.a : aeabi_memset.S.obj (.text.__aeabi_memset)
                  000042b2    0000000e     libc.a : _printfi.c.obj (.text.strlen)
                  000042c0    0000000c     Motor.o (.text.Motor_Enable)
                  000042cc    0000000c     Motor.o (.text.Motor_GetLeftEncoderPosition)
                  000042d8    0000000c     libclang_rt.builtins.a : aeabi_memset.S.obj (.text.__aeabi_memclr)
                  000042e4    0000000a     driverlib.a : dl_common.o (.text.DL_Common_delayCycles)
                  000042ee    0000000a     libc.a : _printfi.c.obj (.text.OUTLINED_FUNCTION_0)
                  000042f8    00000010     libclang_rt.builtins.a : adddf3.S.obj (.tramp.__aeabi_dsub.1)
                  00004308    0000000a     libc.a : _printfi.c.obj (.text.OUTLINED_FUNCTION_1)
                  00004312    00000002     --HOLE-- [fill = 0]
                  00004314    00000008            : aeabi_portable.c.obj (.text.__aeabi_errno_addr)
                  0000431c    00000008     libclang_rt.builtins.a : aeabi_memcpy.S.obj (.text.__aeabi_memcpy)
                  00004324    00000008     libc.a : printf.c.obj (.text._outc)
                  0000432c    00000008            : printf.c.obj (.text._outs)
                  00004334    00000006            : exit.c.obj (.text:abort)
                  0000433a    00000004     libsysbm.a : hostexit.c.obj (.text.HOSTexit)
                  0000433e    00000004     startup_mspm0g350x_ticlang.o (.text.Reset_Handler)
                  00004342    00000004     libc.a : pre_init.c.obj (.text._system_pre_init)
                  00004346    00000002     --HOLE-- [fill = 0]

.cinit     0    00004560    00000070     
                  00004560    00000048     (.cinit..data.load) [load image, compression = lzss]
                  000045a8    0000000c     (__TI_handler_table)
                  000045b4    00000008     (.cinit..bss.load) [load image, compression = zero_init]
                  000045bc    00000010     (__TI_cinit_table)
                  000045cc    00000004     --HOLE-- [fill = 0]

.rodata    0    00004350    00000210     
                  00004350    00000101     libc.a : aeabi_ctype.S.obj (.rodata:__aeabi_ctype_table_)
                  00004451    00000016     empty.o (.rodata.str1.9517790425240694019.1)
                  00004467    00000015     empty.o (.rodata.str1.17669528882079347314.1)
                  0000447c    00000014     ti_msp_dl_config.o (.rodata.gTIMER_0TimerConfig)
                  00004490    00000014     ti_msp_dl_config.o (.rodata.gTIMER_GBTimerConfig)
                  000044a4    00000014     ti_msp_dl_config.o (.rodata.gTIMER_countTimerConfig)
                  000044b8    00000014     empty.o (.rodata.str1.11898133897667081452.1)
                  000044cc    00000013     Motor.o (.rodata.str1.15083410030867975741.1)
                  000044df    00000011     libc.a : _printfi.c.obj (.rodata.str1.10348868589481759720.1)
                  000044f0    00000011     empty.o (.rodata.str1.14685083708502177989.1)
                  00004501    00000011     libc.a : _printfi.c.obj (.rodata.str1.15363888844622738466.1)
                  00004512    0000000f     empty.o (.rodata.str1.254342170260855183.1)
                  00004521    00000001     --HOLE-- [fill = 0]
                  00004522    0000000a     ti_msp_dl_config.o (.rodata.gUART_ICMConfig)
                  0000452c    0000000a     ti_msp_dl_config.o (.rodata.gUART_XGConfig)
                  00004536    00000002     ti_msp_dl_config.o (.rodata.gI2C_0ClockConfig)
                  00004538    00000008     ti_msp_dl_config.o (.rodata.gPWM_0Config)
                  00004540    00000003     ti_msp_dl_config.o (.rodata.gPWM_0ClockConfig)
                  00004543    00000003     ti_msp_dl_config.o (.rodata.gQEI_0ClockConfig)
                  00004546    00000003     ti_msp_dl_config.o (.rodata.gTIMER_0ClockConfig)
                  00004549    00000003     ti_msp_dl_config.o (.rodata.gTIMER_GBClockConfig)
                  0000454c    00000003     ti_msp_dl_config.o (.rodata.gTIMER_countClockConfig)
                  0000454f    00000002     ti_msp_dl_config.o (.rodata.gI2C_1ClockConfig)
                  00004551    00000002     ti_msp_dl_config.o (.rodata.gUART_ICMClockConfig)
                  00004553    00000002     ti_msp_dl_config.o (.rodata.gUART_XGClockConfig)
                  00004555    0000000b     --HOLE-- [fill = 0]

.init_array 
*          0    00000000    00000000     UNINITIALIZED

.binit     0    00000000    00000000     

.bss       0    20200000    0000071c     UNINITIALIZED
                  20200000    00000480     (.common:OLED_GRAM)
                  20200480    000000bc     (.common:gPWM_0Backup)
                  2020053c    000000a0     (.common:gQEI_0Backup)
                  202005dc    000000a0     (.common:gTIMER_GBBackup)
                  2020067c    000000a0     (.common:gTIMER_countBackup)

.data      0    2020071c    00000171     UNINITIALIZED
                  2020071c    000000f0     libc.a : defs.c.obj (.data._ftable)
                  2020080c    00000010     Motor.o (.data.g_left_encoder)
                  2020081c    00000010     Motor.o (.data.g_right_encoder)
                  2020082c    0000000c     key.o (.data.key1)
                  20200838    0000000c     key.o (.data.key2)
                  20200844    0000000c     key.o (.data.key3)
                  20200850    0000000c     key.o (.data.key4)
                  2020085c    00000004     empty.o (.data.Timer_count)
                  20200860    00000004     libc.a : aeabi_portable.c.obj (.data.__aeabi_errno)
                  20200864    00000004            : _lock.c.obj (.data._lock)
                  20200868    00000004            : _lock.c.obj (.data._unlock)
                  2020086c    00000004     Motor.o (.data.g_capture_interrupt_count)
                  20200870    00000004     Motor.o (.data.g_left_last_pos)
                  20200874    00000004     Motor.o (.data.g_right_last_pos)
                  20200878    00000004     empty.o (.data.task1.acc_delta)
                  2020087c    00000004     empty.o (.data.task1.task1_current_wheel_c)
                  20200880    00000004     empty.o (.data.task1.task1_last_left_pos)
                  20200884    00000002     Motor.o (.data.g_left_speed)
                  20200886    00000002     Motor.o (.data.g_right_speed)
                  20200888    00000002     Motor.o (.data.g_target_left_speed)
                  2020088a    00000002     Motor.o (.data.g_target_right_speed)
                  2020088c    00000001     key.o (.data.key_read.last_status)

.stack     0    20207e00    00000200     UNINITIALIZED
                  20207e00    00000004     libc.a : boot_cortex_m.c.obj (.stack)
                  20207e04    000001fc     --HOLE--

__llvm_prf_cnts 
*          0    20200000    00000000     UNINITIALIZED

__llvm_prf_bits 
*          0    20200000    00000000     UNINITIALIZED

MODULE SUMMARY

       Module                         code    ro data   rw data
       ------                         ----    -------   -------
    .\
       ti_msp_dl_config.o             1512    111       668    
       empty.o                        648     95        16     
       startup_mspm0g350x_ticlang.o   6       192       0      
    +--+------------------------------+-------+---------+---------+
       Total:                         2166    398       684    
                                                               
    .\mylib\
       oled.o                         4386    0         1152   
       Motor.o                        792     19        52     
       key.o                          276     0         49     
       delay.o                        252     0         0      
    +--+------------------------------+-------+---------+---------+
       Total:                         5706    19        1253   
                                                               
    F:/TI_CCS/mspm0_sdk_2_10_00_04/source/ti/driverlib/lib/ticlang/m0p/mspm0g1x0x_g3x0x/driverlib.a
       dl_timer.o                     608     0         0      
       dl_uart.o                      90      0         0      
       dl_i2c.o                       38      0         0      
       dl_common.o                    10      0         0      
    +--+------------------------------+-------+---------+---------+
       Total:                         746     0         0      
                                                               
    F:\TI_CCS\ccs\tools\compiler\ti-cgt-armllvm_4.0.4.LTS\lib\armv6m-ti-none-eabi/c/libc.a
       _printfi.c.obj                 4510    34        0      
       aeabi_ctype.S.obj              0       257       0      
       defs.c.obj                     0       0         240    
       s_scalbn.c.obj                 216     0         0      
       memcpy16.S.obj                 154     0         0      
       copy_decompress_lzss.c.obj     124     0         0      
       printf.c.obj                   108     0         0      
       memset16.S.obj                 98      0         0      
       s_frexp.c.obj                  92      0         0      
       _ltoa.c.obj                    88      0         0      
       atoi.c.obj                     64      0         0      
       autoinit.c.obj                 60      0         0      
       boot_cortex_m.c.obj            40      0         0      
       memccpy.c.obj                  34      0         0      
       copy_decompress_none.c.obj     18      0         0      
       copy_zero_init.c.obj           16      0         0      
       wcslen.c.obj                   16      0         0      
       aeabi_portable.c.obj           8       0         4      
       _lock.c.obj                    2       0         8      
       exit.c.obj                     6       0         0      
       pre_init.c.obj                 4       0         0      
    +--+------------------------------+-------+---------+---------+
       Total:                         5658    291       252    
                                                               
    F:\TI_CCS\ccs\tools\compiler\ti-cgt-armllvm_4.0.4.LTS\lib\armv6m-ti-none-eabi/c/libsysbm.a
       hostexit.c.obj                 4       0         0      
    +--+------------------------------+-------+---------+---------+
       Total:                         4       0         0      
                                                               
    F:\TI_CCS\ccs\tools\compiler\ti-cgt-armllvm_4.0.4.LTS\lib\armv6m-ti-none-eabi/libclang_rt.builtins.a
       adddf3.S.obj                   418     0         0      
       divdf3.S.obj                   268     0         0      
       muldf3.S.obj                   228     0         0      
       comparedf2.c.obj               220     0         0      
       addsf3.S.obj                   216     0         0      
       udivmoddi4.S.obj               162     0         0      
       mulsf3.S.obj                   140     0         0      
       divsf3.S.obj                   130     0         0      
       comparesf2.S.obj               118     0         0      
       aeabi_dcmp.S.obj               98      0         0      
       aeabi_fcmp.S.obj               98      0         0      
       aeabi_idivmod.S.obj            86      0         0      
       fixdfsi.S.obj                  74      0         0      
       aeabi_uidivmod.S.obj           64      0         0      
       extendsfdf2.S.obj              64      0         0      
       floatsisf.S.obj                60      0         0      
       muldsi3.S.obj                  58      0         0      
       fixsfsi.S.obj                  56      0         0      
       floatsidf.S.obj                44      0         0      
       muldi3.S.obj                   36      0         0      
       ashldi3.S.obj                  30      0         0      
       aeabi_memset.S.obj             26      0         0      
       aeabi_uldivmod.S.obj           20      0         0      
       aeabi_memcpy.S.obj             8       0         0      
       aeabi_div0.c.obj               4       0         0      
    +--+------------------------------+-------+---------+---------+
       Total:                         2726    0         0      
                                                               
       Stack:                         0       0         512    
       Linker Generated:              0       108       0      
    +--+------------------------------+-------+---------+---------+
       Grand Total:                   17006   816       2701   


LINKER GENERATED COPY TABLES

__TI_cinit_table @ 000045bc records: 2, size/record: 8, table size: 16
	.data: load addr=00004560, load size=00000048 bytes, run addr=2020071c, run size=00000171 bytes, compression=lzss
	.bss: load addr=000045b4, load size=00000008 bytes, run addr=20200000, run size=0000071c bytes, compression=zero_init


LINKER GENERATED HANDLER TABLE

__TI_handler_table @ 000045a8 records: 3, size/record: 4, table size: 12
	index: 0, handler: __TI_decompress_lzss
	index: 1, handler: __TI_decompress_none
	index: 2, handler: __TI_zero_init


FAR CALL TRAMPOLINES

callee name               trampoline name
   callee addr  tramp addr   call addr  call info
--------------  -----------  ---------  ----------------
__aeabi_dsub              $Tramp$TT$L$PI$$__aeabi_dsub
   00001eb9     000042f8     000042f6   libc.a : _printfi.c.obj (.text.OUTLINED_FUNCTION_0)

[1 trampolines]
[1 trampoline calls]


GLOBAL SYMBOLS: SORTED ALPHABETICALLY BY Name 

address   name                            
-------   ----                            
0000204b  ADC0_IRQHandler                 
0000204b  ADC1_IRQHandler                 
0000204b  AES_IRQHandler                  
0000433a  C$$EXIT                         
0000204b  CANFD0_IRQHandler               
0000204b  DAC0_IRQHandler                 
000042e5  DL_Common_delayCycles           
000040d1  DL_I2C_setClockConfig           
0000275d  DL_Timer_initFourCCPWMMode      
00002961  DL_Timer_initTimerMode          
000041a1  DL_Timer_setCaptCompUpdateMethod
00004211  DL_Timer_setCaptureCompareOutCtl
00004275  DL_Timer_setCaptureCompareValue 
000041bd  DL_Timer_setClockConfig         
00003cf1  DL_UART_init                    
00004251  DL_UART_setClockConfig          
0000204b  DMA_IRQHandler                  
0000204b  Default_Handler                 
0000204b  GROUP0_IRQHandler               
00003b6d  GROUP1_IRQHandler               
0000433b  HOSTexit                        
0000204b  HardFault_Handler               
0000204b  I2C0_IRQHandler                 
0000204b  I2C1_IRQHandler                 
00003c0d  Motor_Disable                   
000042c1  Motor_Enable                    
00003c59  Motor_Encoder_Init              
000031f9  Motor_Encoder_UpdateSpeed       
000042cd  Motor_GetLeftEncoderPosition    
000041d9  Motor_ResetLeftEncoder          
000041f5  Motor_ResetRightEncoder         
00002861  Motor_SetSpeed                  
0000204b  NMI_Handler                     
000000c1  OLED_Clear                      
20200000  OLED_GRAM                       
00002a5d  OLED_Init                       
00001701  OLED_WR_Byte                    
0000204b  PendSV_Handler                  
0000204b  RTC_IRQHandler                  
0000433f  Reset_Handler                   
0000204b  SPI0_IRQHandler                 
0000204b  SPI1_IRQHandler                 
0000204b  SVC_Handler                     
0000204d  SYSCFG_DL_GPIO_init             
00003a1d  SYSCFG_DL_I2C_0_init            
00003a71  SYSCFG_DL_I2C_1_init            
0000302d  SYSCFG_DL_PWM_0_init            
00003489  SYSCFG_DL_QEI_0_init            
00003ac5  SYSCFG_DL_SYSCTL_init           
00004051  SYSCFG_DL_TIMER_0_init          
000038bd  SYSCFG_DL_TIMER_GB_init         
00003d39  SYSCFG_DL_TIMER_count_init      
000036e9  SYSCFG_DL_UART_ICM_init         
00003749  SYSCFG_DL_UART_XG_init          
000037a9  SYSCFG_DL_init                  
00003165  SYSCFG_DL_initPower             
0000204b  SysTick_Handler                 
0000204b  TIMA0_IRQHandler                
0000204b  TIMA1_IRQHandler                
0000204b  TIMG0_IRQHandler                
0000204b  TIMG12_IRQHandler               
0000204b  TIMG6_IRQHandler                
00004141  TIMG7_IRQHandler                
00003bbd  TIMG8_IRQHandler                
0000204b  UART0_IRQHandler                
0000204b  UART1_IRQHandler                
0000204b  UART2_IRQHandler                
0000204b  UART3_IRQHandler                
20208000  __STACK_END                     
00000200  __STACK_SIZE                    
00000000  __TI_ATRegion0_region_sz        
00000000  __TI_ATRegion0_src_addr         
00000000  __TI_ATRegion0_trg_addr         
00000000  __TI_ATRegion1_region_sz        
00000000  __TI_ATRegion1_src_addr         
00000000  __TI_ATRegion1_trg_addr         
00000000  __TI_ATRegion2_region_sz        
00000000  __TI_ATRegion2_src_addr         
00000000  __TI_ATRegion2_trg_addr         
000045bc  __TI_CINIT_Base                 
000045cc  __TI_CINIT_Limit                
000045cc  __TI_CINIT_Warm                 
000045a8  __TI_Handler_Table_Base         
000045b4  __TI_Handler_Table_Limit        
00003f35  __TI_auto_init_nobinit_nopinit  
00003399  __TI_decompress_lzss            
00004263  __TI_decompress_none            
00003915  __TI_ltoa                       
ffffffff  __TI_pprof_out_hndl             
00000d31  __TI_printfi                    
ffffffff  __TI_prof_data_size             
ffffffff  __TI_prof_data_start            
00000000  __TI_static_base__              
00004295  __TI_zero_init                  
00001ec3  __adddf3                        
00002dff  __addsf3                        
00004350  __aeabi_ctype_table_            
00004350  __aeabi_ctype_table_C           
00003ca5  __aeabi_d2iz                    
00001ec3  __aeabi_dadd                    
000035c1  __aeabi_dcmpeq                  
000035fd  __aeabi_dcmpge                  
00003611  __aeabi_dcmpgt                  
000035e9  __aeabi_dcmple                  
000035d5  __aeabi_dcmplt                  
00002651  __aeabi_ddiv                    
00002b55  __aeabi_dmul                    
00001eb9  __aeabi_dsub                    
20200860  __aeabi_errno                   
00004315  __aeabi_errno_addr              
00003dc1  __aeabi_f2d                     
00003fe9  __aeabi_f2iz                    
00002dff  __aeabi_fadd                    
00003625  __aeabi_fcmpeq                  
00003661  __aeabi_fcmpge                  
00003675  __aeabi_fcmpgt                  
0000364d  __aeabi_fcmple                  
00003639  __aeabi_fcmplt                  
00003315  __aeabi_fdiv                    
00003289  __aeabi_fmul                    
00002df5  __aeabi_fsub                    
0000407d  __aeabi_i2d                     
00003e81  __aeabi_i2f                     
000039c5  __aeabi_idiv                    
00002b53  __aeabi_idiv0                   
000039c5  __aeabi_idivmod                 
0000302b  __aeabi_ldiv0                   
00004181  __aeabi_llsl                    
000040f9  __aeabi_lmul                    
000042d9  __aeabi_memclr                  
000042d9  __aeabi_memclr4                 
000042d9  __aeabi_memclr8                 
0000431d  __aeabi_memcpy                  
0000431d  __aeabi_memcpy4                 
0000431d  __aeabi_memcpy8                 
000042a5  __aeabi_memset                  
000042a5  __aeabi_memset4                 
000042a5  __aeabi_memset8                 
00003d81  __aeabi_uidiv                   
00003d81  __aeabi_uidivmod                
00004229  __aeabi_uldivmod                
00004181  __ashldi3                       
ffffffff  __binit__                       
000034f1  __cmpdf2                        
00003f71  __cmpsf2                        
00002651  __divdf3                        
00003315  __divsf3                        
000034f1  __eqdf2                         
00003f71  __eqsf2                         
00003dc1  __extendsfdf2                   
00003ca5  __fixdfsi                       
00003fe9  __fixsfsi                       
0000407d  __floatsidf                     
00003e81  __floatsisf                     
00003415  __gedf2                         
00003ebd  __gesf2                         
00003415  __gtdf2                         
00003ebd  __gtsf2                         
000034f1  __ledf2                         
00003f71  __lesf2                         
000034f1  __ltdf2                         
00003f71  __ltsf2                         
UNDEFED   __mpu_init                      
00002b55  __muldf3                        
000040f9  __muldi3                        
00003fad  __muldsi3                       
00003289  __mulsf3                        
000034f1  __nedf2                         
00003f71  __nesf2                         
20207e00  __stack                         
20200000  __start___llvm_prf_bits         
20200000  __start___llvm_prf_cnts         
20200000  __stop___llvm_prf_bits          
20200000  __stop___llvm_prf_cnts          
00001eb9  __subdf3                        
00002df5  __subsf3                        
00002f89  __udivmoddi4                    
000040a9  _c_int00_noargs                 
2020071c  _ftable                         
20200864  _lock                           
00003163  _nop                            
UNDEFED   _system_post_cinit              
00004343  _system_pre_init                
20200868  _unlock                         
00004335  abort                           
00003e01  atoi                            
ffffffff  binit                           
00002ecd  delay_ms                        
00003e41  delay_us                        
00004161  fputc                           
00003ef9  fputs                           
00003805  frexp                           
00003805  frexpl                          
20200480  gPWM_0Backup                    
2020053c  gQEI_0Backup                    
202005dc  gTIMER_GBBackup                 
2020067c  gTIMER_countBackup              
00000000  interruptVectors                
2020082c  key1                            
20200838  key2                            
20200844  key3                            
20200850  key4                            
0000253d  key_read                        
00002d1d  ldexp                           
00002d1d  ldexpl                          
00002c39  main                            
0000411d  memccpy                         
000030c9  memcpy                          
00003687  memset                          
00003861  printf                          
00002d1d  scalbn                          
00002d1d  scalbnl                         
000022f5  task1                           
00004285  wcslen                          


GLOBAL SYMBOLS: SORTED BY Symbol Address 

address   name                            
-------   ----                            
00000000  __TI_ATRegion0_region_sz        
00000000  __TI_ATRegion0_src_addr         
00000000  __TI_ATRegion0_trg_addr         
00000000  __TI_ATRegion1_region_sz        
00000000  __TI_ATRegion1_src_addr         
00000000  __TI_ATRegion1_trg_addr         
00000000  __TI_ATRegion2_region_sz        
00000000  __TI_ATRegion2_src_addr         
00000000  __TI_ATRegion2_trg_addr         
00000000  __TI_static_base__              
00000000  interruptVectors                
000000c1  OLED_Clear                      
00000200  __STACK_SIZE                    
00000d31  __TI_printfi                    
00001701  OLED_WR_Byte                    
00001eb9  __aeabi_dsub                    
00001eb9  __subdf3                        
00001ec3  __adddf3                        
00001ec3  __aeabi_dadd                    
0000204b  ADC0_IRQHandler                 
0000204b  ADC1_IRQHandler                 
0000204b  AES_IRQHandler                  
0000204b  CANFD0_IRQHandler               
0000204b  DAC0_IRQHandler                 
0000204b  DMA_IRQHandler                  
0000204b  Default_Handler                 
0000204b  GROUP0_IRQHandler               
0000204b  HardFault_Handler               
0000204b  I2C0_IRQHandler                 
0000204b  I2C1_IRQHandler                 
0000204b  NMI_Handler                     
0000204b  PendSV_Handler                  
0000204b  RTC_IRQHandler                  
0000204b  SPI0_IRQHandler                 
0000204b  SPI1_IRQHandler                 
0000204b  SVC_Handler                     
0000204b  SysTick_Handler                 
0000204b  TIMA0_IRQHandler                
0000204b  TIMA1_IRQHandler                
0000204b  TIMG0_IRQHandler                
0000204b  TIMG12_IRQHandler               
0000204b  TIMG6_IRQHandler                
0000204b  UART0_IRQHandler                
0000204b  UART1_IRQHandler                
0000204b  UART2_IRQHandler                
0000204b  UART3_IRQHandler                
0000204d  SYSCFG_DL_GPIO_init             
000022f5  task1                           
0000253d  key_read                        
00002651  __aeabi_ddiv                    
00002651  __divdf3                        
0000275d  DL_Timer_initFourCCPWMMode      
00002861  Motor_SetSpeed                  
00002961  DL_Timer_initTimerMode          
00002a5d  OLED_Init                       
00002b53  __aeabi_idiv0                   
00002b55  __aeabi_dmul                    
00002b55  __muldf3                        
00002c39  main                            
00002d1d  ldexp                           
00002d1d  ldexpl                          
00002d1d  scalbn                          
00002d1d  scalbnl                         
00002df5  __aeabi_fsub                    
00002df5  __subsf3                        
00002dff  __addsf3                        
00002dff  __aeabi_fadd                    
00002ecd  delay_ms                        
00002f89  __udivmoddi4                    
0000302b  __aeabi_ldiv0                   
0000302d  SYSCFG_DL_PWM_0_init            
000030c9  memcpy                          
00003163  _nop                            
00003165  SYSCFG_DL_initPower             
000031f9  Motor_Encoder_UpdateSpeed       
00003289  __aeabi_fmul                    
00003289  __mulsf3                        
00003315  __aeabi_fdiv                    
00003315  __divsf3                        
00003399  __TI_decompress_lzss            
00003415  __gedf2                         
00003415  __gtdf2                         
00003489  SYSCFG_DL_QEI_0_init            
000034f1  __cmpdf2                        
000034f1  __eqdf2                         
000034f1  __ledf2                         
000034f1  __ltdf2                         
000034f1  __nedf2                         
000035c1  __aeabi_dcmpeq                  
000035d5  __aeabi_dcmplt                  
000035e9  __aeabi_dcmple                  
000035fd  __aeabi_dcmpge                  
00003611  __aeabi_dcmpgt                  
00003625  __aeabi_fcmpeq                  
00003639  __aeabi_fcmplt                  
0000364d  __aeabi_fcmple                  
00003661  __aeabi_fcmpge                  
00003675  __aeabi_fcmpgt                  
00003687  memset                          
000036e9  SYSCFG_DL_UART_ICM_init         
00003749  SYSCFG_DL_UART_XG_init          
000037a9  SYSCFG_DL_init                  
00003805  frexp                           
00003805  frexpl                          
00003861  printf                          
000038bd  SYSCFG_DL_TIMER_GB_init         
00003915  __TI_ltoa                       
000039c5  __aeabi_idiv                    
000039c5  __aeabi_idivmod                 
00003a1d  SYSCFG_DL_I2C_0_init            
00003a71  SYSCFG_DL_I2C_1_init            
00003ac5  SYSCFG_DL_SYSCTL_init           
00003b6d  GROUP1_IRQHandler               
00003bbd  TIMG8_IRQHandler                
00003c0d  Motor_Disable                   
00003c59  Motor_Encoder_Init              
00003ca5  __aeabi_d2iz                    
00003ca5  __fixdfsi                       
00003cf1  DL_UART_init                    
00003d39  SYSCFG_DL_TIMER_count_init      
00003d81  __aeabi_uidiv                   
00003d81  __aeabi_uidivmod                
00003dc1  __aeabi_f2d                     
00003dc1  __extendsfdf2                   
00003e01  atoi                            
00003e41  delay_us                        
00003e81  __aeabi_i2f                     
00003e81  __floatsisf                     
00003ebd  __gesf2                         
00003ebd  __gtsf2                         
00003ef9  fputs                           
00003f35  __TI_auto_init_nobinit_nopinit  
00003f71  __cmpsf2                        
00003f71  __eqsf2                         
00003f71  __lesf2                         
00003f71  __ltsf2                         
00003f71  __nesf2                         
00003fad  __muldsi3                       
00003fe9  __aeabi_f2iz                    
00003fe9  __fixsfsi                       
00004051  SYSCFG_DL_TIMER_0_init          
0000407d  __aeabi_i2d                     
0000407d  __floatsidf                     
000040a9  _c_int00_noargs                 
000040d1  DL_I2C_setClockConfig           
000040f9  __aeabi_lmul                    
000040f9  __muldi3                        
0000411d  memccpy                         
00004141  TIMG7_IRQHandler                
00004161  fputc                           
00004181  __aeabi_llsl                    
00004181  __ashldi3                       
000041a1  DL_Timer_setCaptCompUpdateMethod
000041bd  DL_Timer_setClockConfig         
000041d9  Motor_ResetLeftEncoder          
000041f5  Motor_ResetRightEncoder         
00004211  DL_Timer_setCaptureCompareOutCtl
00004229  __aeabi_uldivmod                
00004251  DL_UART_setClockConfig          
00004263  __TI_decompress_none            
00004275  DL_Timer_setCaptureCompareValue 
00004285  wcslen                          
00004295  __TI_zero_init                  
000042a5  __aeabi_memset                  
000042a5  __aeabi_memset4                 
000042a5  __aeabi_memset8                 
000042c1  Motor_Enable                    
000042cd  Motor_GetLeftEncoderPosition    
000042d9  __aeabi_memclr                  
000042d9  __aeabi_memclr4                 
000042d9  __aeabi_memclr8                 
000042e5  DL_Common_delayCycles           
00004315  __aeabi_errno_addr              
0000431d  __aeabi_memcpy                  
0000431d  __aeabi_memcpy4                 
0000431d  __aeabi_memcpy8                 
00004335  abort                           
0000433a  C$$EXIT                         
0000433b  HOSTexit                        
0000433f  Reset_Handler                   
00004343  _system_pre_init                
00004350  __aeabi_ctype_table_            
00004350  __aeabi_ctype_table_C           
000045a8  __TI_Handler_Table_Base         
000045b4  __TI_Handler_Table_Limit        
000045bc  __TI_CINIT_Base                 
000045cc  __TI_CINIT_Limit                
000045cc  __TI_CINIT_Warm                 
20200000  OLED_GRAM                       
20200000  __start___llvm_prf_bits         
20200000  __start___llvm_prf_cnts         
20200000  __stop___llvm_prf_bits          
20200000  __stop___llvm_prf_cnts          
20200480  gPWM_0Backup                    
2020053c  gQEI_0Backup                    
202005dc  gTIMER_GBBackup                 
2020067c  gTIMER_countBackup              
2020071c  _ftable                         
2020082c  key1                            
20200838  key2                            
20200844  key3                            
20200850  key4                            
20200860  __aeabi_errno                   
20200864  _lock                           
20200868  _unlock                         
20207e00  __stack                         
20208000  __STACK_END                     
ffffffff  __TI_pprof_out_hndl             
ffffffff  __TI_prof_data_size             
ffffffff  __TI_prof_data_start            
ffffffff  __binit__                       
ffffffff  binit                           
UNDEFED   __mpu_init                      
UNDEFED   _system_post_cinit              

[214 symbols]
